Archive member included to satisfy reference by file (symbol)

../week_2_2_5_bsp/\libhal_bsp.a(alt_iic.o)
                              obj/default/week_2_2_5.o (alt_ic_isr_register)
../week_2_2_5_bsp/\libhal_bsp.a(alt_iic_isr_register.o)
                              ../week_2_2_5_bsp/\libhal_bsp.a(alt_iic.o) (alt_iic_isr_register)
../week_2_2_5_bsp/\libhal_bsp.a(alt_irq_entry.o)
                              ../week_2_2_5_bsp/\libhal_bsp.a(alt_iic_isr_register.o) (alt_irq_entry)
../week_2_2_5_bsp/\libhal_bsp.a(alt_irq_handler.o)
                              ../week_2_2_5_bsp/\libhal_bsp.a(alt_iic_isr_register.o) (alt_irq)
../week_2_2_5_bsp/\libhal_bsp.a(alt_irq_vars.o)
                              ../week_2_2_5_bsp/\libhal_bsp.a(alt_iic.o) (alt_irq_active)
../week_2_2_5_bsp/\libhal_bsp.a(alt_load.o)
                              ../week_2_2_5_bsp//obj/HAL/src/crt0.o (alt_load)
../week_2_2_5_bsp/\libhal_bsp.a(alt_main.o)
                              ../week_2_2_5_bsp//obj/HAL/src/crt0.o (alt_main)
../week_2_2_5_bsp/\libhal_bsp.a(alt_sys_init.o)
                              ../week_2_2_5_bsp/\libhal_bsp.a(alt_main.o) (alt_irq_init)
../week_2_2_5_bsp/\libhal_bsp.a(altera_avalon_jtag_uart_fd.o)
                              ../week_2_2_5_bsp/\libhal_bsp.a(alt_sys_init.o) (altera_avalon_jtag_uart_read_fd)
../week_2_2_5_bsp/\libhal_bsp.a(altera_avalon_jtag_uart_init.o)
                              ../week_2_2_5_bsp/\libhal_bsp.a(alt_sys_init.o) (altera_avalon_jtag_uart_init)
../week_2_2_5_bsp/\libhal_bsp.a(altera_avalon_jtag_uart_ioctl.o)
                              ../week_2_2_5_bsp/\libhal_bsp.a(altera_avalon_jtag_uart_fd.o) (altera_avalon_jtag_uart_ioctl)
../week_2_2_5_bsp/\libhal_bsp.a(altera_avalon_jtag_uart_read.o)
                              ../week_2_2_5_bsp/\libhal_bsp.a(altera_avalon_jtag_uart_fd.o) (altera_avalon_jtag_uart_read)
../week_2_2_5_bsp/\libhal_bsp.a(altera_avalon_jtag_uart_write.o)
                              ../week_2_2_5_bsp/\libhal_bsp.a(altera_avalon_jtag_uart_fd.o) (altera_avalon_jtag_uart_write)
../week_2_2_5_bsp/\libhal_bsp.a(altera_avalon_timer_sc.o)
                              ../week_2_2_5_bsp/\libhal_bsp.a(alt_sys_init.o) (alt_avalon_timer_sc_init)
../week_2_2_5_bsp/\libhal_bsp.a(alt_alarm_start.o)
                              ../week_2_2_5_bsp/\libhal_bsp.a(altera_avalon_jtag_uart_init.o) (alt_alarm_start)
../week_2_2_5_bsp/\libhal_bsp.a(alt_close.o)
                              ../week_2_2_5_bsp/\libhal_bsp.a(alt_main.o) (close)
../week_2_2_5_bsp/\libhal_bsp.a(alt_dcache_flush_all.o)
                              ../week_2_2_5_bsp/\libhal_bsp.a(alt_load.o) (alt_dcache_flush_all)
../week_2_2_5_bsp/\libhal_bsp.a(alt_dev.o)
                              ../week_2_2_5_bsp/\libhal_bsp.a(alt_sys_init.o) (alt_dev_list)
../week_2_2_5_bsp/\libhal_bsp.a(alt_dev_llist_insert.o)
                              ../week_2_2_5_bsp/\libhal_bsp.a(alt_sys_init.o) (alt_dev_llist_insert)
../week_2_2_5_bsp/\libhal_bsp.a(alt_do_ctors.o)
                              ../week_2_2_5_bsp/\libhal_bsp.a(alt_main.o) (_do_ctors)
../week_2_2_5_bsp/\libhal_bsp.a(alt_do_dtors.o)
                              ../week_2_2_5_bsp/\libhal_bsp.a(alt_main.o) (_do_dtors)
../week_2_2_5_bsp/\libhal_bsp.a(alt_errno.o)
                              ../week_2_2_5_bsp/\libhal_bsp.a(alt_close.o) (alt_errno)
../week_2_2_5_bsp/\libhal_bsp.a(alt_exception_entry.o)
                              ../week_2_2_5_bsp/\libhal_bsp.a(alt_irq_entry.o) (alt_exception)
../week_2_2_5_bsp/\libhal_bsp.a(alt_icache_flush_all.o)
                              ../week_2_2_5_bsp/\libhal_bsp.a(alt_load.o) (alt_icache_flush_all)
../week_2_2_5_bsp/\libhal_bsp.a(alt_io_redirect.o)
                              ../week_2_2_5_bsp/\libhal_bsp.a(alt_main.o) (alt_io_redirect)
../week_2_2_5_bsp/\libhal_bsp.a(alt_open.o)
                              ../week_2_2_5_bsp/\libhal_bsp.a(alt_io_redirect.o) (open)
../week_2_2_5_bsp/\libhal_bsp.a(alt_release_fd.o)
                              ../week_2_2_5_bsp/\libhal_bsp.a(alt_close.o) (alt_release_fd)
../week_2_2_5_bsp/\libhal_bsp.a(alt_tick.o)
                              ../week_2_2_5_bsp/\libhal_bsp.a(altera_avalon_jtag_uart_init.o) (_alt_tick_rate)
../week_2_2_5_bsp/\libhal_bsp.a(altera_nios2_qsys_irq.o)
                              ../week_2_2_5_bsp/\libhal_bsp.a(alt_sys_init.o) (altera_nios2_qsys_irq_init)
../week_2_2_5_bsp/\libhal_bsp.a(alt_find_dev.o)
                              ../week_2_2_5_bsp/\libhal_bsp.a(alt_open.o) (alt_find_dev)
../week_2_2_5_bsp/\libhal_bsp.a(alt_find_file.o)
                              ../week_2_2_5_bsp/\libhal_bsp.a(alt_open.o) (alt_find_file)
../week_2_2_5_bsp/\libhal_bsp.a(alt_get_fd.o)
                              ../week_2_2_5_bsp/\libhal_bsp.a(alt_open.o) (alt_get_fd)
c:/intelfpga_lite/18.1/nios2eds/bin/gnu/h-x86_64-mingw32/bin/../lib/gcc/nios2-elf/5.3.0/../../../../../H-x86_64-mingw32/nios2-elf/lib/mno-hw-mul\libc.a(lib_a-atexit.o)
                              ../week_2_2_5_bsp/\libhal_bsp.a(alt_main.o) (atexit)
c:/intelfpga_lite/18.1/nios2eds/bin/gnu/h-x86_64-mingw32/bin/../lib/gcc/nios2-elf/5.3.0/../../../../../H-x86_64-mingw32/nios2-elf/lib/mno-hw-mul\libc.a(lib_a-exit.o)
                              ../week_2_2_5_bsp/\libhal_bsp.a(alt_main.o) (exit)
c:/intelfpga_lite/18.1/nios2eds/bin/gnu/h-x86_64-mingw32/bin/../lib/gcc/nios2-elf/5.3.0/../../../../../H-x86_64-mingw32/nios2-elf/lib/mno-hw-mul\libc.a(lib_a-impure.o)
                              c:/intelfpga_lite/18.1/nios2eds/bin/gnu/h-x86_64-mingw32/bin/../lib/gcc/nios2-elf/5.3.0/../../../../../H-x86_64-mingw32/nios2-elf/lib/mno-hw-mul\libc.a(lib_a-exit.o) (_global_impure_ptr)
c:/intelfpga_lite/18.1/nios2eds/bin/gnu/h-x86_64-mingw32/bin/../lib/gcc/nios2-elf/5.3.0/../../../../../H-x86_64-mingw32/nios2-elf/lib/mno-hw-mul\libc.a(lib_a-int_errno.o)
                              ../week_2_2_5_bsp/\libhal_bsp.a(alt_close.o) (errno)
c:/intelfpga_lite/18.1/nios2eds/bin/gnu/h-x86_64-mingw32/bin/../lib/gcc/nios2-elf/5.3.0/../../../../../H-x86_64-mingw32/nios2-elf/lib/mno-hw-mul\libc.a(lib_a-memcmp.o)
                              ../week_2_2_5_bsp/\libhal_bsp.a(alt_find_dev.o) (memcmp)
c:/intelfpga_lite/18.1/nios2eds/bin/gnu/h-x86_64-mingw32/bin/../lib/gcc/nios2-elf/5.3.0/../../../../../H-x86_64-mingw32/nios2-elf/lib/mno-hw-mul\libc.a(lib_a-memcpy.o)
                              ../week_2_2_5_bsp/\libhal_bsp.a(altera_avalon_jtag_uart_read.o) (memcpy)
c:/intelfpga_lite/18.1/nios2eds/bin/gnu/h-x86_64-mingw32/bin/../lib/gcc/nios2-elf/5.3.0/../../../../../H-x86_64-mingw32/nios2-elf/lib/mno-hw-mul\libc.a(lib_a-strlen.o)
                              ../week_2_2_5_bsp/\libhal_bsp.a(alt_find_dev.o) (strlen)
c:/intelfpga_lite/18.1/nios2eds/bin/gnu/h-x86_64-mingw32/bin/../lib/gcc/nios2-elf/5.3.0/../../../../../H-x86_64-mingw32/nios2-elf/lib/mno-hw-mul\libc.a(lib_a-__atexit.o)
                              c:/intelfpga_lite/18.1/nios2eds/bin/gnu/h-x86_64-mingw32/bin/../lib/gcc/nios2-elf/5.3.0/../../../../../H-x86_64-mingw32/nios2-elf/lib/mno-hw-mul\libc.a(lib_a-atexit.o) (__register_exitproc)
c:/intelfpga_lite/18.1/nios2eds/bin/gnu/h-x86_64-mingw32/bin/../lib/gcc/nios2-elf/5.3.0/../../../../../H-x86_64-mingw32/nios2-elf/lib/mno-hw-mul\libc.a(lib_a-__call_atexit.o)
                              c:/intelfpga_lite/18.1/nios2eds/bin/gnu/h-x86_64-mingw32/bin/../lib/gcc/nios2-elf/5.3.0/../../../../../H-x86_64-mingw32/nios2-elf/lib/mno-hw-mul\libc.a(lib_a-exit.o) (__call_exitprocs)
c:/intelfpga_lite/18.1/nios2eds/bin/gnu/h-x86_64-mingw32/bin/../lib/gcc/nios2-elf/5.3.0/mno-hw-mul\libgcc.a(lib2-mul.o)
                              ../week_2_2_5_bsp/\libhal_bsp.a(alt_close.o) (__mulsi3)
../week_2_2_5_bsp/\libhal_bsp.a(alt_exit.o)
                              c:/intelfpga_lite/18.1/nios2eds/bin/gnu/h-x86_64-mingw32/bin/../lib/gcc/nios2-elf/5.3.0/../../../../../H-x86_64-mingw32/nios2-elf/lib/mno-hw-mul\libc.a(lib_a-exit.o) (_exit)

Allocating common symbols
Common symbol       size              file

alt_irq             0x100             ../week_2_2_5_bsp/\libhal_bsp.a(alt_irq_handler.o)
errno               0x4               c:/intelfpga_lite/18.1/nios2eds/bin/gnu/h-x86_64-mingw32/bin/../lib/gcc/nios2-elf/5.3.0/../../../../../H-x86_64-mingw32/nios2-elf/lib/mno-hw-mul\libc.a(lib_a-int_errno.o)

Memory Configuration

Name             Origin             Length             Attributes
reset            0x0000000000000000 0x0000000000000020
onchip_memory2_0 0x0000000000000020 0x000000000001ffe0
*default*        0x0000000000000000 0xffffffffffffffff

Linker script and memory map

LOAD ../week_2_2_5_bsp//obj/HAL/src/crt0.o
LOAD obj/default/week_2_2_5.o
LOAD c:/intelfpga_lite/18.1/nios2eds/bin/gnu/h-x86_64-mingw32/bin/../lib/gcc/nios2-elf/5.3.0/../../../../../H-x86_64-mingw32/nios2-elf/lib/mno-hw-mul\libstdc++.a
LOAD c:/intelfpga_lite/18.1/nios2eds/bin/gnu/h-x86_64-mingw32/bin/../lib/gcc/nios2-elf/5.3.0/../../../../../H-x86_64-mingw32/nios2-elf/lib/mno-hw-mul\libm.a
LOAD c:/intelfpga_lite/18.1/nios2eds/bin/gnu/h-x86_64-mingw32/bin/../lib/gcc/nios2-elf/5.3.0/mno-hw-mul\libgcc.a
START GROUP
LOAD c:/intelfpga_lite/18.1/nios2eds/bin/gnu/h-x86_64-mingw32/bin/../lib/gcc/nios2-elf/5.3.0/../../../../../H-x86_64-mingw32/nios2-elf/lib/mno-hw-mul\libc.a
LOAD c:/intelfpga_lite/18.1/nios2eds/bin/gnu/h-x86_64-mingw32/bin/../lib/gcc/nios2-elf/5.3.0/mno-hw-mul\libgcc.a
LOAD ../week_2_2_5_bsp/\libhal_bsp.a
LOAD c:/intelfpga_lite/18.1/nios2eds/bin/gnu/h-x86_64-mingw32/bin/../lib/gcc/nios2-elf/5.3.0/../../../../../H-x86_64-mingw32/nios2-elf/lib/mno-hw-mul\libm.a
END GROUP
LOAD c:/intelfpga_lite/18.1/nios2eds/bin/gnu/h-x86_64-mingw32/bin/../lib/gcc/nios2-elf/5.3.0/mno-hw-mul\libgcc.a
                0x0000000000000000                __alt_mem_onchip_memory2_0 = 0x0

.entry          0x0000000000000000       0x20
 *(.entry)
 .entry         0x0000000000000000       0x20 ../week_2_2_5_bsp//obj/HAL/src/crt0.o
                0x0000000000000000                __reset

.exceptions     0x0000000000000020      0x1a0
                0x0000000000000020                PROVIDE (__ram_exceptions_start, ABSOLUTE (.))
                0x0000000000000020                . = ALIGN (0x20)
 *(.irq)
 *(.exceptions.entry.label)
 .exceptions.entry.label
                0x0000000000000020        0x0 ../week_2_2_5_bsp/\libhal_bsp.a(alt_irq_entry.o)
                0x0000000000000020                alt_irq_entry
 .exceptions.entry.label
                0x0000000000000020        0x0 ../week_2_2_5_bsp/\libhal_bsp.a(alt_exception_entry.o)
                0x0000000000000020                alt_exception
 *(.exceptions.entry.user)
 *(.exceptions.entry.ecc_fatal)
 *(.exceptions.entry)
 .exceptions.entry
                0x0000000000000020       0x54 ../week_2_2_5_bsp/\libhal_bsp.a(alt_exception_entry.o)
 *(.exceptions.irqtest.user)
 *(.exceptions.irqtest)
 .exceptions.irqtest
                0x0000000000000074       0x10 ../week_2_2_5_bsp/\libhal_bsp.a(alt_irq_entry.o)
 *(.exceptions.irqhandler.user)
 *(.exceptions.irqhandler)
 .exceptions.irqhandler
                0x0000000000000084        0x4 ../week_2_2_5_bsp/\libhal_bsp.a(alt_irq_entry.o)
 *(.exceptions.irqreturn.user)
 *(.exceptions.irqreturn)
 .exceptions.irqreturn
                0x0000000000000088        0x4 ../week_2_2_5_bsp/\libhal_bsp.a(alt_irq_entry.o)
 *(.exceptions.notirq.label)
 .exceptions.notirq.label
                0x000000000000008c        0x0 ../week_2_2_5_bsp/\libhal_bsp.a(alt_irq_entry.o)
 *(.exceptions.notirq.user)
 *(.exceptions.notirq)
 .exceptions.notirq
                0x000000000000008c        0x8 ../week_2_2_5_bsp/\libhal_bsp.a(alt_exception_entry.o)
 *(.exceptions.soft.user)
 *(.exceptions.soft)
 *(.exceptions.unknown.user)
 *(.exceptions.unknown)
 .exceptions.unknown
                0x0000000000000094        0x4 ../week_2_2_5_bsp/\libhal_bsp.a(alt_exception_entry.o)
 *(.exceptions.exit.label)
 .exceptions.exit.label
                0x0000000000000098        0x0 ../week_2_2_5_bsp/\libhal_bsp.a(alt_irq_entry.o)
 .exceptions.exit.label
                0x0000000000000098        0x0 ../week_2_2_5_bsp/\libhal_bsp.a(alt_exception_entry.o)
 *(.exceptions.exit.user)
 *(.exceptions.exit)
 .exceptions.exit
                0x0000000000000098       0x54 ../week_2_2_5_bsp/\libhal_bsp.a(alt_exception_entry.o)
 *(.exceptions)
 .exceptions    0x00000000000000ec       0xd4 ../week_2_2_5_bsp/\libhal_bsp.a(alt_irq_handler.o)
                0x00000000000000ec                alt_irq_handler
                0x00000000000001c0                PROVIDE (__ram_exceptions_end, ABSOLUTE (.))
                0x0000000000000020                PROVIDE (__flash_exceptions_start, LOADADDR (.exceptions))

.text           0x00000000000001c0     0x23d4
                [!provide]                        PROVIDE (stext, ABSOLUTE (.))
 *(.interp)
 *(.hash)
 *(.dynsym)
 *(.dynstr)
 *(.gnu.version)
 *(.gnu.version_d)
 *(.gnu.version_r)
 *(.rel.init)
 *(.rela.init)
 *(.rel.text .rel.text.* .rel.gnu.linkonce.t.*)
 *(.rela.text .rela.text.* .rela.gnu.linkonce.t.*)
 *(.rel.fini)
 *(.rela.fini)
 *(.rel.rodata .rel.rodata.* .rel.gnu.linkonce.r.*)
 *(.rela.rodata .rela.rodata.* .rela.gnu.linkonce.r.*)
 *(.rel.data .rel.data.* .rel.gnu.linkonce.d.*)
 *(.rela.data .rela.data.* .rela.gnu.linkonce.d.*)
 *(.rel.tdata .rel.tdata.* .rel.gnu.linkonce.td.*)
 *(.rela.tdata .rela.tdata.* .rela.gnu.linkonce.td.*)
 *(.rel.tbss .rel.tbss.* .rel.gnu.linkonce.tb.*)
 *(.rela.tbss .rela.tbss.* .rela.gnu.linkonce.tb.*)
 *(.rel.ctors)
 *(.rela.ctors)
 *(.rel.dtors)
 *(.rela.dtors)
 *(.rel.got)
 *(.rela.got)
 *(.rel.sdata .rel.sdata.* .rel.gnu.linkonce.s.*)
 *(.rela.sdata .rela.sdata.* .rela.gnu.linkonce.s.*)
 *(.rel.sbss .rel.sbss.* .rel.gnu.linkonce.sb.*)
 *(.rela.sbss .rela.sbss.* .rela.gnu.linkonce.sb.*)
 *(.rel.sdata2 .rel.sdata2.* .rel.gnu.linkonce.s2.*)
 *(.rela.sdata2 .rela.sdata2.* .rela.gnu.linkonce.s2.*)
 *(.rel.sbss2 .rel.sbss2.* .rel.gnu.linkonce.sb2.*)
 *(.rela.sbss2 .rela.sbss2.* .rela.gnu.linkonce.sb2.*)
 *(.rel.bss .rel.bss.* .rel.gnu.linkonce.b.*)
 *(.rela.bss .rela.bss.* .rela.gnu.linkonce.b.*)
 *(.rel.plt)
 *(.rela.plt)
 *(.rel.dyn)
 *(.init)
 *(.plt)
 *(.text .stub .text.* .gnu.linkonce.t.*)
 .text          0x00000000000001c0       0x3c ../week_2_2_5_bsp//obj/HAL/src/crt0.o
                0x00000000000001c0                _start
 .text          0x00000000000001fc       0xf4 obj/default/week_2_2_5.o
                0x00000000000001fc                interval_timer_isr
                0x000000000000023c                main
 .text          0x00000000000002f0      0x1b0 ../week_2_2_5_bsp/\libhal_bsp.a(alt_iic.o)
                0x00000000000002f0                alt_ic_isr_register
                0x0000000000000340                alt_ic_irq_enable
                0x00000000000003c8                alt_ic_irq_disable
                0x0000000000000454                alt_ic_irq_enabled
 .text          0x00000000000004a0       0xf0 ../week_2_2_5_bsp/\libhal_bsp.a(alt_iic_isr_register.o)
                0x00000000000004a0                alt_iic_isr_register
 .text          0x0000000000000590        0x0 ../week_2_2_5_bsp/\libhal_bsp.a(alt_irq_entry.o)
 .text          0x0000000000000590        0x0 ../week_2_2_5_bsp/\libhal_bsp.a(alt_irq_handler.o)
 .text          0x0000000000000590        0x0 ../week_2_2_5_bsp/\libhal_bsp.a(alt_irq_vars.o)
 .text          0x0000000000000590       0xec ../week_2_2_5_bsp/\libhal_bsp.a(alt_load.o)
                0x00000000000005f8                alt_load
 .text          0x000000000000067c       0x7c ../week_2_2_5_bsp/\libhal_bsp.a(alt_main.o)
                0x000000000000067c                alt_main
 .text          0x00000000000006f8       0xcc ../week_2_2_5_bsp/\libhal_bsp.a(alt_sys_init.o)
                0x000000000000072c                alt_irq_init
                0x0000000000000764                alt_sys_init
 .text          0x00000000000007c4      0x164 ../week_2_2_5_bsp/\libhal_bsp.a(altera_avalon_jtag_uart_fd.o)
                0x00000000000007c4                altera_avalon_jtag_uart_read_fd
                0x0000000000000824                altera_avalon_jtag_uart_write_fd
                0x0000000000000884                altera_avalon_jtag_uart_close_fd
                0x00000000000008d4                altera_avalon_jtag_uart_ioctl_fd
 .text          0x0000000000000928      0x3d4 ../week_2_2_5_bsp/\libhal_bsp.a(altera_avalon_jtag_uart_init.o)
                0x0000000000000928                altera_avalon_jtag_uart_init
                0x0000000000000c94                altera_avalon_jtag_uart_close
 .text          0x0000000000000cfc       0xf0 ../week_2_2_5_bsp/\libhal_bsp.a(altera_avalon_jtag_uart_ioctl.o)
                0x0000000000000cfc                altera_avalon_jtag_uart_ioctl
 .text          0x0000000000000dec      0x21c ../week_2_2_5_bsp/\libhal_bsp.a(altera_avalon_jtag_uart_read.o)
                0x0000000000000dec                altera_avalon_jtag_uart_read
 .text          0x0000000000001008      0x224 ../week_2_2_5_bsp/\libhal_bsp.a(altera_avalon_jtag_uart_write.o)
                0x0000000000001008                altera_avalon_jtag_uart_write
 .text          0x000000000000122c       0xf4 ../week_2_2_5_bsp/\libhal_bsp.a(altera_avalon_timer_sc.o)
                0x00000000000012a4                alt_avalon_timer_sc_init
 .text          0x0000000000001320      0x12c ../week_2_2_5_bsp/\libhal_bsp.a(alt_alarm_start.o)
                0x0000000000001320                alt_alarm_start
 .text          0x000000000000144c      0x114 ../week_2_2_5_bsp/\libhal_bsp.a(alt_close.o)
                0x0000000000001488                close
 .text          0x0000000000001560       0x20 ../week_2_2_5_bsp/\libhal_bsp.a(alt_dcache_flush_all.o)
                0x0000000000001560                alt_dcache_flush_all
 .text          0x0000000000001580       0x2c ../week_2_2_5_bsp/\libhal_bsp.a(alt_dev.o)
 .text          0x00000000000015ac       0xe0 ../week_2_2_5_bsp/\libhal_bsp.a(alt_dev_llist_insert.o)
                0x00000000000015e8                alt_dev_llist_insert
 .text          0x000000000000168c       0x60 ../week_2_2_5_bsp/\libhal_bsp.a(alt_do_ctors.o)
                0x000000000000168c                _do_ctors
 .text          0x00000000000016ec       0x60 ../week_2_2_5_bsp/\libhal_bsp.a(alt_do_dtors.o)
                0x00000000000016ec                _do_dtors
 .text          0x000000000000174c        0x0 ../week_2_2_5_bsp/\libhal_bsp.a(alt_errno.o)
 .text          0x000000000000174c        0x0 ../week_2_2_5_bsp/\libhal_bsp.a(alt_exception_entry.o)
 .text          0x000000000000174c       0x20 ../week_2_2_5_bsp/\libhal_bsp.a(alt_icache_flush_all.o)
                0x000000000000174c                alt_icache_flush_all
 .text          0x000000000000176c      0x160 ../week_2_2_5_bsp/\libhal_bsp.a(alt_io_redirect.o)
                0x0000000000001850                alt_io_redirect
 .text          0x00000000000018cc      0x284 ../week_2_2_5_bsp/\libhal_bsp.a(alt_open.o)
                0x00000000000019f4                open
 .text          0x0000000000001b50       0x84 ../week_2_2_5_bsp/\libhal_bsp.a(alt_release_fd.o)
                0x0000000000001b50                alt_release_fd
 .text          0x0000000000001bd4      0x1a4 ../week_2_2_5_bsp/\libhal_bsp.a(alt_tick.o)
                0x0000000000001bd4                alt_alarm_stop
                0x0000000000001c70                alt_tick
 .text          0x0000000000001d78       0x24 ../week_2_2_5_bsp/\libhal_bsp.a(altera_nios2_qsys_irq.o)
                0x0000000000001d78                altera_nios2_qsys_irq_init
 .text          0x0000000000001d9c       0x90 ../week_2_2_5_bsp/\libhal_bsp.a(alt_find_dev.o)
                0x0000000000001d9c                alt_find_dev
 .text          0x0000000000001e2c      0x108 ../week_2_2_5_bsp/\libhal_bsp.a(alt_find_file.o)
                0x0000000000001e2c                alt_find_file
 .text          0x0000000000001f34       0xc4 ../week_2_2_5_bsp/\libhal_bsp.a(alt_get_fd.o)
                0x0000000000001f34                alt_get_fd
 .text          0x0000000000001ff8        0x0 c:/intelfpga_lite/18.1/nios2eds/bin/gnu/h-x86_64-mingw32/bin/../lib/gcc/nios2-elf/5.3.0/../../../../../H-x86_64-mingw32/nios2-elf/lib/mno-hw-mul\libc.a(lib_a-atexit.o)
 .text.atexit   0x0000000000001ff8       0x14 c:/intelfpga_lite/18.1/nios2eds/bin/gnu/h-x86_64-mingw32/bin/../lib/gcc/nios2-elf/5.3.0/../../../../../H-x86_64-mingw32/nios2-elf/lib/mno-hw-mul\libc.a(lib_a-atexit.o)
                0x0000000000001ff8                atexit
 .text          0x000000000000200c        0x0 c:/intelfpga_lite/18.1/nios2eds/bin/gnu/h-x86_64-mingw32/bin/../lib/gcc/nios2-elf/5.3.0/../../../../../H-x86_64-mingw32/nios2-elf/lib/mno-hw-mul\libc.a(lib_a-exit.o)
 .text.exit     0x000000000000200c       0x38 c:/intelfpga_lite/18.1/nios2eds/bin/gnu/h-x86_64-mingw32/bin/../lib/gcc/nios2-elf/5.3.0/../../../../../H-x86_64-mingw32/nios2-elf/lib/mno-hw-mul\libc.a(lib_a-exit.o)
                0x000000000000200c                exit
 .text          0x0000000000002044        0x0 c:/intelfpga_lite/18.1/nios2eds/bin/gnu/h-x86_64-mingw32/bin/../lib/gcc/nios2-elf/5.3.0/../../../../../H-x86_64-mingw32/nios2-elf/lib/mno-hw-mul\libc.a(lib_a-impure.o)
 .text          0x0000000000002044        0x0 c:/intelfpga_lite/18.1/nios2eds/bin/gnu/h-x86_64-mingw32/bin/../lib/gcc/nios2-elf/5.3.0/../../../../../H-x86_64-mingw32/nios2-elf/lib/mno-hw-mul\libc.a(lib_a-int_errno.o)
 .text          0x0000000000002044        0x0 c:/intelfpga_lite/18.1/nios2eds/bin/gnu/h-x86_64-mingw32/bin/../lib/gcc/nios2-elf/5.3.0/../../../../../H-x86_64-mingw32/nios2-elf/lib/mno-hw-mul\libc.a(lib_a-memcmp.o)
 .text.memcmp   0x0000000000002044       0x7c c:/intelfpga_lite/18.1/nios2eds/bin/gnu/h-x86_64-mingw32/bin/../lib/gcc/nios2-elf/5.3.0/../../../../../H-x86_64-mingw32/nios2-elf/lib/mno-hw-mul\libc.a(lib_a-memcmp.o)
                0x0000000000002044                memcmp
 .text          0x00000000000020c0        0x0 c:/intelfpga_lite/18.1/nios2eds/bin/gnu/h-x86_64-mingw32/bin/../lib/gcc/nios2-elf/5.3.0/../../../../../H-x86_64-mingw32/nios2-elf/lib/mno-hw-mul\libc.a(lib_a-memcpy.o)
 .text.memcpy   0x00000000000020c0      0x148 c:/intelfpga_lite/18.1/nios2eds/bin/gnu/h-x86_64-mingw32/bin/../lib/gcc/nios2-elf/5.3.0/../../../../../H-x86_64-mingw32/nios2-elf/lib/mno-hw-mul\libc.a(lib_a-memcpy.o)
                0x00000000000020c0                memcpy
 .text          0x0000000000002208        0x0 c:/intelfpga_lite/18.1/nios2eds/bin/gnu/h-x86_64-mingw32/bin/../lib/gcc/nios2-elf/5.3.0/../../../../../H-x86_64-mingw32/nios2-elf/lib/mno-hw-mul\libc.a(lib_a-strlen.o)
 .text.strlen   0x0000000000002208       0x98 c:/intelfpga_lite/18.1/nios2eds/bin/gnu/h-x86_64-mingw32/bin/../lib/gcc/nios2-elf/5.3.0/../../../../../H-x86_64-mingw32/nios2-elf/lib/mno-hw-mul\libc.a(lib_a-strlen.o)
                0x0000000000002208                strlen
 .text          0x00000000000022a0        0x0 c:/intelfpga_lite/18.1/nios2eds/bin/gnu/h-x86_64-mingw32/bin/../lib/gcc/nios2-elf/5.3.0/../../../../../H-x86_64-mingw32/nios2-elf/lib/mno-hw-mul\libc.a(lib_a-__atexit.o)
 .text.__register_exitproc
                0x00000000000022a0      0x118 c:/intelfpga_lite/18.1/nios2eds/bin/gnu/h-x86_64-mingw32/bin/../lib/gcc/nios2-elf/5.3.0/../../../../../H-x86_64-mingw32/nios2-elf/lib/mno-hw-mul\libc.a(lib_a-__atexit.o)
                0x00000000000022a0                __register_exitproc
 .text          0x00000000000023b8        0x0 c:/intelfpga_lite/18.1/nios2eds/bin/gnu/h-x86_64-mingw32/bin/../lib/gcc/nios2-elf/5.3.0/../../../../../H-x86_64-mingw32/nios2-elf/lib/mno-hw-mul\libc.a(lib_a-__call_atexit.o)
 .text.__call_exitprocs
                0x00000000000023b8      0x180 c:/intelfpga_lite/18.1/nios2eds/bin/gnu/h-x86_64-mingw32/bin/../lib/gcc/nios2-elf/5.3.0/../../../../../H-x86_64-mingw32/nios2-elf/lib/mno-hw-mul\libc.a(lib_a-__call_atexit.o)
                0x00000000000023b8                __call_exitprocs
 .text          0x0000000000002538       0x28 c:/intelfpga_lite/18.1/nios2eds/bin/gnu/h-x86_64-mingw32/bin/../lib/gcc/nios2-elf/5.3.0/mno-hw-mul\libgcc.a(lib2-mul.o)
                0x0000000000002538                __mulsi3
 .text          0x0000000000002560       0x34 ../week_2_2_5_bsp/\libhal_bsp.a(alt_exit.o)
                0x0000000000002560                _exit
 *(.gnu.warning.*)
 *(.fini)
                [!provide]                        PROVIDE (__etext, ABSOLUTE (.))
                [!provide]                        PROVIDE (_etext, ABSOLUTE (.))
                [!provide]                        PROVIDE (etext, ABSOLUTE (.))
 *(.eh_frame_hdr)
                0x0000000000002594                . = ALIGN (0x4)
                [!provide]                        PROVIDE (__preinit_array_start, ABSOLUTE (.))
 *(.preinit_array)
                [!provide]                        PROVIDE (__preinit_array_end, ABSOLUTE (.))
                [!provide]                        PROVIDE (__init_array_start, ABSOLUTE (.))
 *(.init_array)
                [!provide]                        PROVIDE (__init_array_end, ABSOLUTE (.))
                [!provide]                        PROVIDE (__fini_array_start, ABSOLUTE (.))
 *(.fini_array)
                [!provide]                        PROVIDE (__fini_array_end, ABSOLUTE (.))
 *(.eh_frame)
 *(.gcc_except_table .gcc_except_table.*)
 *(.dynamic)
                0x0000000000002594                PROVIDE (__CTOR_LIST__, ABSOLUTE (.))
 *(.ctors)
 *(SORT(.ctors.*))
                0x0000000000002594                PROVIDE (__CTOR_END__, ABSOLUTE (.))
                0x0000000000002594                PROVIDE (__DTOR_LIST__, ABSOLUTE (.))
 *(.dtors)
 *(SORT(.dtors.*))
                0x0000000000002594                PROVIDE (__DTOR_END__, ABSOLUTE (.))
 *(.jcr)
                0x0000000000002594                . = ALIGN (0x4)

.rodata         0x0000000000002594       0x38
                0x0000000000002594                PROVIDE (__ram_rodata_start, ABSOLUTE (.))
                0x0000000000002594                . = ALIGN (0x4)
 *(.rodata .rodata.* .gnu.linkonce.r.*)
 .rodata        0x0000000000002594       0x11 ../week_2_2_5_bsp/\libhal_bsp.a(alt_main.o)
 *fill*         0x00000000000025a5        0x3 
 .rodata        0x00000000000025a8       0x11 ../week_2_2_5_bsp/\libhal_bsp.a(alt_sys_init.o)
 *fill*         0x00000000000025b9        0x3 
 .rodata        0x00000000000025bc        0xa ../week_2_2_5_bsp/\libhal_bsp.a(alt_dev.o)
 *fill*         0x00000000000025c6        0x2 
 .rodata.str1.4
                0x00000000000025c8        0x4 c:/intelfpga_lite/18.1/nios2eds/bin/gnu/h-x86_64-mingw32/bin/../lib/gcc/nios2-elf/5.3.0/../../../../../H-x86_64-mingw32/nios2-elf/lib/mno-hw-mul\libc.a(lib_a-impure.o)
                                          0x2 (size before relaxing)
 *(.rodata1)
                0x00000000000025cc                . = ALIGN (0x4)
                0x00000000000025cc                PROVIDE (__ram_rodata_end, ABSOLUTE (.))
                0x0000000000002594                PROVIDE (__flash_rodata_start, LOADADDR (.rodata))

.rwdata         0x00000000000025cc     0x1658 load address 0x0000000000003c24
                0x00000000000025cc                PROVIDE (__ram_rwdata_start, ABSOLUTE (.))
                0x00000000000025cc                . = ALIGN (0x4)
 *(.got.plt)
 *(.got)
 *(.data1)
 *(.data .data.* .gnu.linkonce.d.*)
 .data          0x00000000000025cc        0x0 ../week_2_2_5_bsp//obj/HAL/src/crt0.o
 .data          0x00000000000025cc        0x0 obj/default/week_2_2_5.o
 .data          0x00000000000025cc        0x0 ../week_2_2_5_bsp/\libhal_bsp.a(alt_iic.o)
 .data          0x00000000000025cc        0x0 ../week_2_2_5_bsp/\libhal_bsp.a(alt_iic_isr_register.o)
 .data          0x00000000000025cc        0x0 ../week_2_2_5_bsp/\libhal_bsp.a(alt_irq_entry.o)
 .data          0x00000000000025cc        0x0 ../week_2_2_5_bsp/\libhal_bsp.a(alt_irq_handler.o)
 .data          0x00000000000025cc        0x0 ../week_2_2_5_bsp/\libhal_bsp.a(alt_irq_vars.o)
 .data          0x00000000000025cc        0x0 ../week_2_2_5_bsp/\libhal_bsp.a(alt_load.o)
 .data          0x00000000000025cc        0x0 ../week_2_2_5_bsp/\libhal_bsp.a(alt_main.o)
 .data          0x00000000000025cc     0x1060 ../week_2_2_5_bsp/\libhal_bsp.a(alt_sys_init.o)
 .data          0x000000000000362c        0x0 ../week_2_2_5_bsp/\libhal_bsp.a(altera_avalon_jtag_uart_fd.o)
 .data          0x000000000000362c        0x0 ../week_2_2_5_bsp/\libhal_bsp.a(altera_avalon_jtag_uart_init.o)
 .data          0x000000000000362c        0x0 ../week_2_2_5_bsp/\libhal_bsp.a(altera_avalon_jtag_uart_ioctl.o)
 .data          0x000000000000362c        0x0 ../week_2_2_5_bsp/\libhal_bsp.a(altera_avalon_jtag_uart_read.o)
 .data          0x000000000000362c        0x0 ../week_2_2_5_bsp/\libhal_bsp.a(altera_avalon_jtag_uart_write.o)
 .data          0x000000000000362c        0x0 ../week_2_2_5_bsp/\libhal_bsp.a(altera_avalon_timer_sc.o)
 .data          0x000000000000362c        0x0 ../week_2_2_5_bsp/\libhal_bsp.a(alt_alarm_start.o)
 .data          0x000000000000362c        0x0 ../week_2_2_5_bsp/\libhal_bsp.a(alt_close.o)
 .data          0x000000000000362c        0x0 ../week_2_2_5_bsp/\libhal_bsp.a(alt_dcache_flush_all.o)
 .data          0x000000000000362c      0x1a8 ../week_2_2_5_bsp/\libhal_bsp.a(alt_dev.o)
                0x000000000000362c                alt_dev_null
                0x0000000000003654                alt_fd_list
 .data          0x00000000000037d4        0x0 ../week_2_2_5_bsp/\libhal_bsp.a(alt_dev_llist_insert.o)
 .data          0x00000000000037d4        0x0 ../week_2_2_5_bsp/\libhal_bsp.a(alt_do_ctors.o)
 .data          0x00000000000037d4        0x0 ../week_2_2_5_bsp/\libhal_bsp.a(alt_do_dtors.o)
 .data          0x00000000000037d4        0x0 ../week_2_2_5_bsp/\libhal_bsp.a(alt_errno.o)
 .data          0x00000000000037d4        0x0 ../week_2_2_5_bsp/\libhal_bsp.a(alt_exception_entry.o)
 .data          0x00000000000037d4        0x0 ../week_2_2_5_bsp/\libhal_bsp.a(alt_icache_flush_all.o)
 .data          0x00000000000037d4        0x0 ../week_2_2_5_bsp/\libhal_bsp.a(alt_io_redirect.o)
 .data          0x00000000000037d4        0x0 ../week_2_2_5_bsp/\libhal_bsp.a(alt_open.o)
 .data          0x00000000000037d4        0x0 ../week_2_2_5_bsp/\libhal_bsp.a(alt_release_fd.o)
 .data          0x00000000000037d4        0x0 ../week_2_2_5_bsp/\libhal_bsp.a(alt_tick.o)
 .data          0x00000000000037d4        0x0 ../week_2_2_5_bsp/\libhal_bsp.a(altera_nios2_qsys_irq.o)
 .data          0x00000000000037d4        0x0 ../week_2_2_5_bsp/\libhal_bsp.a(alt_find_dev.o)
 .data          0x00000000000037d4        0x0 ../week_2_2_5_bsp/\libhal_bsp.a(alt_find_file.o)
 .data          0x00000000000037d4        0x0 ../week_2_2_5_bsp/\libhal_bsp.a(alt_get_fd.o)
 .data          0x00000000000037d4        0x0 c:/intelfpga_lite/18.1/nios2eds/bin/gnu/h-x86_64-mingw32/bin/../lib/gcc/nios2-elf/5.3.0/../../../../../H-x86_64-mingw32/nios2-elf/lib/mno-hw-mul\libc.a(lib_a-atexit.o)
 .data          0x00000000000037d4        0x0 c:/intelfpga_lite/18.1/nios2eds/bin/gnu/h-x86_64-mingw32/bin/../lib/gcc/nios2-elf/5.3.0/../../../../../H-x86_64-mingw32/nios2-elf/lib/mno-hw-mul\libc.a(lib_a-exit.o)
 .data          0x00000000000037d4        0x0 c:/intelfpga_lite/18.1/nios2eds/bin/gnu/h-x86_64-mingw32/bin/../lib/gcc/nios2-elf/5.3.0/../../../../../H-x86_64-mingw32/nios2-elf/lib/mno-hw-mul\libc.a(lib_a-impure.o)
 .data.impure_data
                0x00000000000037d4      0x424 c:/intelfpga_lite/18.1/nios2eds/bin/gnu/h-x86_64-mingw32/bin/../lib/gcc/nios2-elf/5.3.0/../../../../../H-x86_64-mingw32/nios2-elf/lib/mno-hw-mul\libc.a(lib_a-impure.o)
 .data          0x0000000000003bf8        0x0 c:/intelfpga_lite/18.1/nios2eds/bin/gnu/h-x86_64-mingw32/bin/../lib/gcc/nios2-elf/5.3.0/../../../../../H-x86_64-mingw32/nios2-elf/lib/mno-hw-mul\libc.a(lib_a-int_errno.o)
 .data          0x0000000000003bf8        0x0 c:/intelfpga_lite/18.1/nios2eds/bin/gnu/h-x86_64-mingw32/bin/../lib/gcc/nios2-elf/5.3.0/../../../../../H-x86_64-mingw32/nios2-elf/lib/mno-hw-mul\libc.a(lib_a-memcmp.o)
 .data          0x0000000000003bf8        0x0 c:/intelfpga_lite/18.1/nios2eds/bin/gnu/h-x86_64-mingw32/bin/../lib/gcc/nios2-elf/5.3.0/../../../../../H-x86_64-mingw32/nios2-elf/lib/mno-hw-mul\libc.a(lib_a-memcpy.o)
 .data          0x0000000000003bf8        0x0 c:/intelfpga_lite/18.1/nios2eds/bin/gnu/h-x86_64-mingw32/bin/../lib/gcc/nios2-elf/5.3.0/../../../../../H-x86_64-mingw32/nios2-elf/lib/mno-hw-mul\libc.a(lib_a-strlen.o)
 .data          0x0000000000003bf8        0x0 c:/intelfpga_lite/18.1/nios2eds/bin/gnu/h-x86_64-mingw32/bin/../lib/gcc/nios2-elf/5.3.0/../../../../../H-x86_64-mingw32/nios2-elf/lib/mno-hw-mul\libc.a(lib_a-__atexit.o)
 .data          0x0000000000003bf8        0x0 c:/intelfpga_lite/18.1/nios2eds/bin/gnu/h-x86_64-mingw32/bin/../lib/gcc/nios2-elf/5.3.0/../../../../../H-x86_64-mingw32/nios2-elf/lib/mno-hw-mul\libc.a(lib_a-__call_atexit.o)
 .data          0x0000000000003bf8        0x0 c:/intelfpga_lite/18.1/nios2eds/bin/gnu/h-x86_64-mingw32/bin/../lib/gcc/nios2-elf/5.3.0/mno-hw-mul\libgcc.a(lib2-mul.o)
 .data          0x0000000000003bf8        0x0 ../week_2_2_5_bsp/\libhal_bsp.a(alt_exit.o)
                0x000000000000bbf8                _gp = ABSOLUTE ((. + 0x8000))
                [!provide]                        PROVIDE (gp, _gp)
 *(.rwdata .rwdata.*)
 *(.sdata .sdata.* .gnu.linkonce.s.*)
 .sdata         0x0000000000003bf8        0x4 ../week_2_2_5_bsp/\libhal_bsp.a(alt_irq_vars.o)
                0x0000000000003bf8                alt_priority_mask
 .sdata         0x0000000000003bfc       0x14 ../week_2_2_5_bsp/\libhal_bsp.a(alt_dev.o)
                0x0000000000003bfc                alt_fs_list
                0x0000000000003c04                alt_dev_list
                0x0000000000003c0c                alt_max_fd
 .sdata         0x0000000000003c10        0x4 ../week_2_2_5_bsp/\libhal_bsp.a(alt_errno.o)
                0x0000000000003c10                alt_errno
 .sdata         0x0000000000003c14        0x8 ../week_2_2_5_bsp/\libhal_bsp.a(alt_tick.o)
                0x0000000000003c14                alt_alarm_list
 .sdata._global_impure_ptr
                0x0000000000003c1c        0x4 c:/intelfpga_lite/18.1/nios2eds/bin/gnu/h-x86_64-mingw32/bin/../lib/gcc/nios2-elf/5.3.0/../../../../../H-x86_64-mingw32/nios2-elf/lib/mno-hw-mul\libc.a(lib_a-impure.o)
                0x0000000000003c1c                _global_impure_ptr
 .sdata._impure_ptr
                0x0000000000003c20        0x4 c:/intelfpga_lite/18.1/nios2eds/bin/gnu/h-x86_64-mingw32/bin/../lib/gcc/nios2-elf/5.3.0/../../../../../H-x86_64-mingw32/nios2-elf/lib/mno-hw-mul\libc.a(lib_a-impure.o)
                0x0000000000003c20                _impure_ptr
 *(.sdata2 .sdata2.* .gnu.linkonce.s2.*)
                0x0000000000003c24                . = ALIGN (0x4)
                0x0000000000003c24                _edata = ABSOLUTE (.)
                [!provide]                        PROVIDE (edata, ABSOLUTE (.))
                0x0000000000003c24                PROVIDE (__ram_rwdata_end, ABSOLUTE (.))
                0x0000000000003c24                PROVIDE (__flash_rwdata_start, LOADADDR (.rwdata))

.bss            0x000000000000527c      0x120
                0x000000000000527c                __bss_start = ABSOLUTE (.)
                [!provide]                        PROVIDE (__sbss_start, ABSOLUTE (.))
                [!provide]                        PROVIDE (___sbss_start, ABSOLUTE (.))
 *(.dynsbss)
 *(.sbss .sbss.* .gnu.linkonce.sb.*)
 .sbss          0x000000000000527c        0x4 obj/default/week_2_2_5.o
                0x000000000000527c                interrupt_count
 .sbss          0x0000000000005280        0x4 ../week_2_2_5_bsp/\libhal_bsp.a(alt_irq_vars.o)
                0x0000000000005280                alt_irq_active
 .sbss          0x0000000000005284        0xc ../week_2_2_5_bsp/\libhal_bsp.a(alt_main.o)
                0x0000000000005284                alt_argc
                0x0000000000005288                alt_argv
                0x000000000000528c                alt_envp
 .sbss          0x0000000000005290        0x8 ../week_2_2_5_bsp/\libhal_bsp.a(alt_tick.o)
                0x0000000000005290                _alt_tick_rate
                0x0000000000005294                _alt_nticks
 .sbss          0x0000000000005298        0x4 c:/intelfpga_lite/18.1/nios2eds/bin/gnu/h-x86_64-mingw32/bin/../lib/gcc/nios2-elf/5.3.0/../../../../../H-x86_64-mingw32/nios2-elf/lib/mno-hw-mul\libc.a(lib_a-int_errno.o)
                0x0000000000005298                errno
 *(.sbss2 .sbss2.* .gnu.linkonce.sb2.*)
 *(.scommon)
                [!provide]                        PROVIDE (__sbss_end, ABSOLUTE (.))
                [!provide]                        PROVIDE (___sbss_end, ABSOLUTE (.))
 *(.dynbss)
 *(.bss .bss.* .gnu.linkonce.b.*)
 .bss           0x000000000000529c        0x0 ../week_2_2_5_bsp//obj/HAL/src/crt0.o
 .bss           0x000000000000529c        0x0 obj/default/week_2_2_5.o
 .bss           0x000000000000529c        0x0 ../week_2_2_5_bsp/\libhal_bsp.a(alt_iic.o)
 .bss           0x000000000000529c        0x0 ../week_2_2_5_bsp/\libhal_bsp.a(alt_iic_isr_register.o)
 .bss           0x000000000000529c        0x0 ../week_2_2_5_bsp/\libhal_bsp.a(alt_irq_entry.o)
 .bss           0x000000000000529c        0x0 ../week_2_2_5_bsp/\libhal_bsp.a(alt_irq_handler.o)
 .bss           0x000000000000529c        0x0 ../week_2_2_5_bsp/\libhal_bsp.a(alt_irq_vars.o)
 .bss           0x000000000000529c        0x0 ../week_2_2_5_bsp/\libhal_bsp.a(alt_load.o)
 .bss           0x000000000000529c        0x0 ../week_2_2_5_bsp/\libhal_bsp.a(alt_main.o)
 .bss           0x000000000000529c        0x0 ../week_2_2_5_bsp/\libhal_bsp.a(alt_sys_init.o)
 .bss           0x000000000000529c        0x0 ../week_2_2_5_bsp/\libhal_bsp.a(altera_avalon_jtag_uart_fd.o)
 .bss           0x000000000000529c        0x0 ../week_2_2_5_bsp/\libhal_bsp.a(altera_avalon_jtag_uart_init.o)
 .bss           0x000000000000529c        0x0 ../week_2_2_5_bsp/\libhal_bsp.a(altera_avalon_jtag_uart_ioctl.o)
 .bss           0x000000000000529c        0x0 ../week_2_2_5_bsp/\libhal_bsp.a(altera_avalon_jtag_uart_read.o)
 .bss           0x000000000000529c        0x0 ../week_2_2_5_bsp/\libhal_bsp.a(altera_avalon_jtag_uart_write.o)
 .bss           0x000000000000529c        0x0 ../week_2_2_5_bsp/\libhal_bsp.a(altera_avalon_timer_sc.o)
 .bss           0x000000000000529c        0x0 ../week_2_2_5_bsp/\libhal_bsp.a(alt_alarm_start.o)
 .bss           0x000000000000529c        0x0 ../week_2_2_5_bsp/\libhal_bsp.a(alt_close.o)
 .bss           0x000000000000529c        0x0 ../week_2_2_5_bsp/\libhal_bsp.a(alt_dcache_flush_all.o)
 .bss           0x000000000000529c        0x0 ../week_2_2_5_bsp/\libhal_bsp.a(alt_dev.o)
 .bss           0x000000000000529c        0x0 ../week_2_2_5_bsp/\libhal_bsp.a(alt_dev_llist_insert.o)
 .bss           0x000000000000529c        0x0 ../week_2_2_5_bsp/\libhal_bsp.a(alt_do_ctors.o)
 .bss           0x000000000000529c        0x0 ../week_2_2_5_bsp/\libhal_bsp.a(alt_do_dtors.o)
 .bss           0x000000000000529c        0x0 ../week_2_2_5_bsp/\libhal_bsp.a(alt_errno.o)
 .bss           0x000000000000529c        0x0 ../week_2_2_5_bsp/\libhal_bsp.a(alt_exception_entry.o)
 .bss           0x000000000000529c        0x0 ../week_2_2_5_bsp/\libhal_bsp.a(alt_icache_flush_all.o)
 .bss           0x000000000000529c        0x0 ../week_2_2_5_bsp/\libhal_bsp.a(alt_io_redirect.o)
 .bss           0x000000000000529c        0x0 ../week_2_2_5_bsp/\libhal_bsp.a(alt_open.o)
 .bss           0x000000000000529c        0x0 ../week_2_2_5_bsp/\libhal_bsp.a(alt_release_fd.o)
 .bss           0x000000000000529c        0x0 ../week_2_2_5_bsp/\libhal_bsp.a(alt_tick.o)
 .bss           0x000000000000529c        0x0 ../week_2_2_5_bsp/\libhal_bsp.a(altera_nios2_qsys_irq.o)
 .bss           0x000000000000529c        0x0 ../week_2_2_5_bsp/\libhal_bsp.a(alt_find_dev.o)
 .bss           0x000000000000529c        0x0 ../week_2_2_5_bsp/\libhal_bsp.a(alt_find_file.o)
 .bss           0x000000000000529c        0x0 ../week_2_2_5_bsp/\libhal_bsp.a(alt_get_fd.o)
 .bss           0x000000000000529c        0x0 c:/intelfpga_lite/18.1/nios2eds/bin/gnu/h-x86_64-mingw32/bin/../lib/gcc/nios2-elf/5.3.0/../../../../../H-x86_64-mingw32/nios2-elf/lib/mno-hw-mul\libc.a(lib_a-atexit.o)
 .bss           0x000000000000529c        0x0 c:/intelfpga_lite/18.1/nios2eds/bin/gnu/h-x86_64-mingw32/bin/../lib/gcc/nios2-elf/5.3.0/../../../../../H-x86_64-mingw32/nios2-elf/lib/mno-hw-mul\libc.a(lib_a-exit.o)
 .bss           0x000000000000529c        0x0 c:/intelfpga_lite/18.1/nios2eds/bin/gnu/h-x86_64-mingw32/bin/../lib/gcc/nios2-elf/5.3.0/../../../../../H-x86_64-mingw32/nios2-elf/lib/mno-hw-mul\libc.a(lib_a-impure.o)
 .bss           0x000000000000529c        0x0 c:/intelfpga_lite/18.1/nios2eds/bin/gnu/h-x86_64-mingw32/bin/../lib/gcc/nios2-elf/5.3.0/../../../../../H-x86_64-mingw32/nios2-elf/lib/mno-hw-mul\libc.a(lib_a-int_errno.o)
 .bss           0x000000000000529c        0x0 c:/intelfpga_lite/18.1/nios2eds/bin/gnu/h-x86_64-mingw32/bin/../lib/gcc/nios2-elf/5.3.0/../../../../../H-x86_64-mingw32/nios2-elf/lib/mno-hw-mul\libc.a(lib_a-memcmp.o)
 .bss           0x000000000000529c        0x0 c:/intelfpga_lite/18.1/nios2eds/bin/gnu/h-x86_64-mingw32/bin/../lib/gcc/nios2-elf/5.3.0/../../../../../H-x86_64-mingw32/nios2-elf/lib/mno-hw-mul\libc.a(lib_a-memcpy.o)
 .bss           0x000000000000529c        0x0 c:/intelfpga_lite/18.1/nios2eds/bin/gnu/h-x86_64-mingw32/bin/../lib/gcc/nios2-elf/5.3.0/../../../../../H-x86_64-mingw32/nios2-elf/lib/mno-hw-mul\libc.a(lib_a-strlen.o)
 .bss           0x000000000000529c        0x0 c:/intelfpga_lite/18.1/nios2eds/bin/gnu/h-x86_64-mingw32/bin/../lib/gcc/nios2-elf/5.3.0/../../../../../H-x86_64-mingw32/nios2-elf/lib/mno-hw-mul\libc.a(lib_a-__atexit.o)
 .bss           0x000000000000529c        0x0 c:/intelfpga_lite/18.1/nios2eds/bin/gnu/h-x86_64-mingw32/bin/../lib/gcc/nios2-elf/5.3.0/../../../../../H-x86_64-mingw32/nios2-elf/lib/mno-hw-mul\libc.a(lib_a-__call_atexit.o)
 .bss           0x000000000000529c        0x0 c:/intelfpga_lite/18.1/nios2eds/bin/gnu/h-x86_64-mingw32/bin/../lib/gcc/nios2-elf/5.3.0/mno-hw-mul\libgcc.a(lib2-mul.o)
 .bss           0x000000000000529c        0x0 ../week_2_2_5_bsp/\libhal_bsp.a(alt_exit.o)
 *(COMMON)
 COMMON         0x000000000000529c      0x100 ../week_2_2_5_bsp/\libhal_bsp.a(alt_irq_handler.o)
                0x000000000000529c                alt_irq
                0x000000000000539c                . = ALIGN (0x4)
                0x000000000000539c                __bss_end = ABSOLUTE (.)

.onchip_memory2_0
                0x000000000000539c        0x0
                [!provide]                        PROVIDE (_alt_partition_onchip_memory2_0_start, ABSOLUTE (.))
 *(.onchip_memory2_0 .onchip_memory2_0. onchip_memory2_0.*)
                0x000000000000539c                . = ALIGN (0x4)
                [!provide]                        PROVIDE (_alt_partition_onchip_memory2_0_end, ABSOLUTE (.))
                0x000000000000539c                _end = ABSOLUTE (.)
                0x000000000000539c                end = ABSOLUTE (.)
                0x000000000000539c                __alt_stack_base = ABSOLUTE (.)
                [!provide]                        PROVIDE (_alt_partition_onchip_memory2_0_load_addr, LOADADDR (.onchip_memory2_0))

.stab
 *(.stab)

.stabstr
 *(.stabstr)

.stab.excl
 *(.stab.excl)

.stab.exclstr
 *(.stab.exclstr)

.stab.index
 *(.stab.index)

.stab.indexstr
 *(.stab.indexstr)

.comment        0x0000000000000000       0x23
 *(.comment)
 .comment       0x0000000000000000       0x23 obj/default/week_2_2_5.o
                                         0x24 (size before relaxing)
 .comment       0x0000000000000023       0x24 ../week_2_2_5_bsp/\libhal_bsp.a(alt_iic.o)
 .comment       0x0000000000000023       0x24 ../week_2_2_5_bsp/\libhal_bsp.a(alt_iic_isr_register.o)
 .comment       0x0000000000000023       0x24 ../week_2_2_5_bsp/\libhal_bsp.a(alt_irq_handler.o)
 .comment       0x0000000000000023       0x24 ../week_2_2_5_bsp/\libhal_bsp.a(alt_irq_vars.o)
 .comment       0x0000000000000023       0x24 ../week_2_2_5_bsp/\libhal_bsp.a(alt_load.o)
 .comment       0x0000000000000023       0x24 ../week_2_2_5_bsp/\libhal_bsp.a(alt_main.o)
 .comment       0x0000000000000023       0x24 ../week_2_2_5_bsp/\libhal_bsp.a(alt_sys_init.o)
 .comment       0x0000000000000023       0x24 ../week_2_2_5_bsp/\libhal_bsp.a(altera_avalon_jtag_uart_fd.o)
 .comment       0x0000000000000023       0x24 ../week_2_2_5_bsp/\libhal_bsp.a(altera_avalon_jtag_uart_init.o)
 .comment       0x0000000000000023       0x24 ../week_2_2_5_bsp/\libhal_bsp.a(altera_avalon_jtag_uart_ioctl.o)
 .comment       0x0000000000000023       0x24 ../week_2_2_5_bsp/\libhal_bsp.a(altera_avalon_jtag_uart_read.o)
 .comment       0x0000000000000023       0x24 ../week_2_2_5_bsp/\libhal_bsp.a(altera_avalon_jtag_uart_write.o)
 .comment       0x0000000000000023       0x24 ../week_2_2_5_bsp/\libhal_bsp.a(altera_avalon_timer_sc.o)
 .comment       0x0000000000000023       0x24 ../week_2_2_5_bsp/\libhal_bsp.a(alt_alarm_start.o)
 .comment       0x0000000000000023       0x24 ../week_2_2_5_bsp/\libhal_bsp.a(alt_close.o)
 .comment       0x0000000000000023       0x24 ../week_2_2_5_bsp/\libhal_bsp.a(alt_dcache_flush_all.o)
 .comment       0x0000000000000023       0x24 ../week_2_2_5_bsp/\libhal_bsp.a(alt_dev.o)
 .comment       0x0000000000000023       0x24 ../week_2_2_5_bsp/\libhal_bsp.a(alt_dev_llist_insert.o)
 .comment       0x0000000000000023       0x24 ../week_2_2_5_bsp/\libhal_bsp.a(alt_do_ctors.o)
 .comment       0x0000000000000023       0x24 ../week_2_2_5_bsp/\libhal_bsp.a(alt_do_dtors.o)
 .comment       0x0000000000000023       0x24 ../week_2_2_5_bsp/\libhal_bsp.a(alt_errno.o)
 .comment       0x0000000000000023       0x24 ../week_2_2_5_bsp/\libhal_bsp.a(alt_icache_flush_all.o)
 .comment       0x0000000000000023       0x24 ../week_2_2_5_bsp/\libhal_bsp.a(alt_io_redirect.o)
 .comment       0x0000000000000023       0x24 ../week_2_2_5_bsp/\libhal_bsp.a(alt_open.o)
 .comment       0x0000000000000023       0x24 ../week_2_2_5_bsp/\libhal_bsp.a(alt_release_fd.o)
 .comment       0x0000000000000023       0x24 ../week_2_2_5_bsp/\libhal_bsp.a(alt_tick.o)
 .comment       0x0000000000000023       0x24 ../week_2_2_5_bsp/\libhal_bsp.a(altera_nios2_qsys_irq.o)
 .comment       0x0000000000000023       0x24 ../week_2_2_5_bsp/\libhal_bsp.a(alt_find_dev.o)
 .comment       0x0000000000000023       0x24 ../week_2_2_5_bsp/\libhal_bsp.a(alt_find_file.o)
 .comment       0x0000000000000023       0x24 ../week_2_2_5_bsp/\libhal_bsp.a(alt_get_fd.o)
 .comment       0x0000000000000023       0x24 c:/intelfpga_lite/18.1/nios2eds/bin/gnu/h-x86_64-mingw32/bin/../lib/gcc/nios2-elf/5.3.0/../../../../../H-x86_64-mingw32/nios2-elf/lib/mno-hw-mul\libc.a(lib_a-atexit.o)
 .comment       0x0000000000000023       0x24 c:/intelfpga_lite/18.1/nios2eds/bin/gnu/h-x86_64-mingw32/bin/../lib/gcc/nios2-elf/5.3.0/../../../../../H-x86_64-mingw32/nios2-elf/lib/mno-hw-mul\libc.a(lib_a-exit.o)
 .comment       0x0000000000000023       0x24 c:/intelfpga_lite/18.1/nios2eds/bin/gnu/h-x86_64-mingw32/bin/../lib/gcc/nios2-elf/5.3.0/../../../../../H-x86_64-mingw32/nios2-elf/lib/mno-hw-mul\libc.a(lib_a-impure.o)
 .comment       0x0000000000000023       0x24 c:/intelfpga_lite/18.1/nios2eds/bin/gnu/h-x86_64-mingw32/bin/../lib/gcc/nios2-elf/5.3.0/../../../../../H-x86_64-mingw32/nios2-elf/lib/mno-hw-mul\libc.a(lib_a-int_errno.o)
 .comment       0x0000000000000023       0x24 c:/intelfpga_lite/18.1/nios2eds/bin/gnu/h-x86_64-mingw32/bin/../lib/gcc/nios2-elf/5.3.0/../../../../../H-x86_64-mingw32/nios2-elf/lib/mno-hw-mul\libc.a(lib_a-memcmp.o)
 .comment       0x0000000000000023       0x24 c:/intelfpga_lite/18.1/nios2eds/bin/gnu/h-x86_64-mingw32/bin/../lib/gcc/nios2-elf/5.3.0/../../../../../H-x86_64-mingw32/nios2-elf/lib/mno-hw-mul\libc.a(lib_a-memcpy.o)
 .comment       0x0000000000000023       0x24 c:/intelfpga_lite/18.1/nios2eds/bin/gnu/h-x86_64-mingw32/bin/../lib/gcc/nios2-elf/5.3.0/../../../../../H-x86_64-mingw32/nios2-elf/lib/mno-hw-mul\libc.a(lib_a-strlen.o)
 .comment       0x0000000000000023       0x24 c:/intelfpga_lite/18.1/nios2eds/bin/gnu/h-x86_64-mingw32/bin/../lib/gcc/nios2-elf/5.3.0/../../../../../H-x86_64-mingw32/nios2-elf/lib/mno-hw-mul\libc.a(lib_a-__atexit.o)
 .comment       0x0000000000000023       0x24 c:/intelfpga_lite/18.1/nios2eds/bin/gnu/h-x86_64-mingw32/bin/../lib/gcc/nios2-elf/5.3.0/../../../../../H-x86_64-mingw32/nios2-elf/lib/mno-hw-mul\libc.a(lib_a-__call_atexit.o)
 .comment       0x0000000000000023       0x24 c:/intelfpga_lite/18.1/nios2eds/bin/gnu/h-x86_64-mingw32/bin/../lib/gcc/nios2-elf/5.3.0/mno-hw-mul\libgcc.a(lib2-mul.o)
 .comment       0x0000000000000023       0x24 ../week_2_2_5_bsp/\libhal_bsp.a(alt_exit.o)

.debug
 *(.debug)

.line
 *(.line)

.debug_srcinfo
 *(.debug_srcinfo)

.debug_sfnames
 *(.debug_sfnames)

.debug_aranges  0x0000000000000000      0x5b0
 *(.debug_aranges)
 .debug_aranges
                0x0000000000000000       0x28 ../week_2_2_5_bsp//obj/HAL/src/crt0.o
 .debug_aranges
                0x0000000000000028       0x20 obj/default/week_2_2_5.o
 .debug_aranges
                0x0000000000000048       0x20 ../week_2_2_5_bsp/\libhal_bsp.a(alt_iic.o)
 .debug_aranges
                0x0000000000000068       0x20 ../week_2_2_5_bsp/\libhal_bsp.a(alt_iic_isr_register.o)
 .debug_aranges
                0x0000000000000088       0x30 ../week_2_2_5_bsp/\libhal_bsp.a(alt_irq_entry.o)
 .debug_aranges
                0x00000000000000b8       0x20 ../week_2_2_5_bsp/\libhal_bsp.a(alt_irq_handler.o)
 .debug_aranges
                0x00000000000000d8       0x18 ../week_2_2_5_bsp/\libhal_bsp.a(alt_irq_vars.o)
 .debug_aranges
                0x00000000000000f0       0x20 ../week_2_2_5_bsp/\libhal_bsp.a(alt_load.o)
 .debug_aranges
                0x0000000000000110       0x20 ../week_2_2_5_bsp/\libhal_bsp.a(alt_main.o)
 .debug_aranges
                0x0000000000000130       0x20 ../week_2_2_5_bsp/\libhal_bsp.a(alt_sys_init.o)
 .debug_aranges
                0x0000000000000150       0x20 ../week_2_2_5_bsp/\libhal_bsp.a(altera_avalon_jtag_uart_fd.o)
 .debug_aranges
                0x0000000000000170       0x20 ../week_2_2_5_bsp/\libhal_bsp.a(altera_avalon_jtag_uart_init.o)
 .debug_aranges
                0x0000000000000190       0x20 ../week_2_2_5_bsp/\libhal_bsp.a(altera_avalon_jtag_uart_ioctl.o)
 .debug_aranges
                0x00000000000001b0       0x20 ../week_2_2_5_bsp/\libhal_bsp.a(altera_avalon_jtag_uart_read.o)
 .debug_aranges
                0x00000000000001d0       0x20 ../week_2_2_5_bsp/\libhal_bsp.a(altera_avalon_jtag_uart_write.o)
 .debug_aranges
                0x00000000000001f0       0x20 ../week_2_2_5_bsp/\libhal_bsp.a(altera_avalon_timer_sc.o)
 .debug_aranges
                0x0000000000000210       0x20 ../week_2_2_5_bsp/\libhal_bsp.a(alt_alarm_start.o)
 .debug_aranges
                0x0000000000000230       0x20 ../week_2_2_5_bsp/\libhal_bsp.a(alt_close.o)
 .debug_aranges
                0x0000000000000250       0x20 ../week_2_2_5_bsp/\libhal_bsp.a(alt_dcache_flush_all.o)
 .debug_aranges
                0x0000000000000270       0x20 ../week_2_2_5_bsp/\libhal_bsp.a(alt_dev.o)
 .debug_aranges
                0x0000000000000290       0x20 ../week_2_2_5_bsp/\libhal_bsp.a(alt_dev_llist_insert.o)
 .debug_aranges
                0x00000000000002b0       0x20 ../week_2_2_5_bsp/\libhal_bsp.a(alt_do_ctors.o)
 .debug_aranges
                0x00000000000002d0       0x20 ../week_2_2_5_bsp/\libhal_bsp.a(alt_do_dtors.o)
 .debug_aranges
                0x00000000000002f0       0x18 ../week_2_2_5_bsp/\libhal_bsp.a(alt_errno.o)
 .debug_aranges
                0x0000000000000308       0x38 ../week_2_2_5_bsp/\libhal_bsp.a(alt_exception_entry.o)
 .debug_aranges
                0x0000000000000340       0x20 ../week_2_2_5_bsp/\libhal_bsp.a(alt_icache_flush_all.o)
 .debug_aranges
                0x0000000000000360       0x20 ../week_2_2_5_bsp/\libhal_bsp.a(alt_io_redirect.o)
 .debug_aranges
                0x0000000000000380       0x20 ../week_2_2_5_bsp/\libhal_bsp.a(alt_open.o)
 .debug_aranges
                0x00000000000003a0       0x20 ../week_2_2_5_bsp/\libhal_bsp.a(alt_release_fd.o)
 .debug_aranges
                0x00000000000003c0       0x20 ../week_2_2_5_bsp/\libhal_bsp.a(alt_tick.o)
 .debug_aranges
                0x00000000000003e0       0x20 ../week_2_2_5_bsp/\libhal_bsp.a(altera_nios2_qsys_irq.o)
 .debug_aranges
                0x0000000000000400       0x20 ../week_2_2_5_bsp/\libhal_bsp.a(alt_find_dev.o)
 .debug_aranges
                0x0000000000000420       0x20 ../week_2_2_5_bsp/\libhal_bsp.a(alt_find_file.o)
 .debug_aranges
                0x0000000000000440       0x20 ../week_2_2_5_bsp/\libhal_bsp.a(alt_get_fd.o)
 .debug_aranges
                0x0000000000000460       0x20 c:/intelfpga_lite/18.1/nios2eds/bin/gnu/h-x86_64-mingw32/bin/../lib/gcc/nios2-elf/5.3.0/../../../../../H-x86_64-mingw32/nios2-elf/lib/mno-hw-mul\libc.a(lib_a-atexit.o)
 .debug_aranges
                0x0000000000000480       0x20 c:/intelfpga_lite/18.1/nios2eds/bin/gnu/h-x86_64-mingw32/bin/../lib/gcc/nios2-elf/5.3.0/../../../../../H-x86_64-mingw32/nios2-elf/lib/mno-hw-mul\libc.a(lib_a-exit.o)
 .debug_aranges
                0x00000000000004a0       0x18 c:/intelfpga_lite/18.1/nios2eds/bin/gnu/h-x86_64-mingw32/bin/../lib/gcc/nios2-elf/5.3.0/../../../../../H-x86_64-mingw32/nios2-elf/lib/mno-hw-mul\libc.a(lib_a-impure.o)
 .debug_aranges
                0x00000000000004b8       0x18 c:/intelfpga_lite/18.1/nios2eds/bin/gnu/h-x86_64-mingw32/bin/../lib/gcc/nios2-elf/5.3.0/../../../../../H-x86_64-mingw32/nios2-elf/lib/mno-hw-mul\libc.a(lib_a-int_errno.o)
 .debug_aranges
                0x00000000000004d0       0x20 c:/intelfpga_lite/18.1/nios2eds/bin/gnu/h-x86_64-mingw32/bin/../lib/gcc/nios2-elf/5.3.0/../../../../../H-x86_64-mingw32/nios2-elf/lib/mno-hw-mul\libc.a(lib_a-memcmp.o)
 .debug_aranges
                0x00000000000004f0       0x20 c:/intelfpga_lite/18.1/nios2eds/bin/gnu/h-x86_64-mingw32/bin/../lib/gcc/nios2-elf/5.3.0/../../../../../H-x86_64-mingw32/nios2-elf/lib/mno-hw-mul\libc.a(lib_a-memcpy.o)
 .debug_aranges
                0x0000000000000510       0x20 c:/intelfpga_lite/18.1/nios2eds/bin/gnu/h-x86_64-mingw32/bin/../lib/gcc/nios2-elf/5.3.0/../../../../../H-x86_64-mingw32/nios2-elf/lib/mno-hw-mul\libc.a(lib_a-strlen.o)
 .debug_aranges
                0x0000000000000530       0x20 c:/intelfpga_lite/18.1/nios2eds/bin/gnu/h-x86_64-mingw32/bin/../lib/gcc/nios2-elf/5.3.0/../../../../../H-x86_64-mingw32/nios2-elf/lib/mno-hw-mul\libc.a(lib_a-__atexit.o)
 .debug_aranges
                0x0000000000000550       0x20 c:/intelfpga_lite/18.1/nios2eds/bin/gnu/h-x86_64-mingw32/bin/../lib/gcc/nios2-elf/5.3.0/../../../../../H-x86_64-mingw32/nios2-elf/lib/mno-hw-mul\libc.a(lib_a-__call_atexit.o)
 .debug_aranges
                0x0000000000000570       0x20 c:/intelfpga_lite/18.1/nios2eds/bin/gnu/h-x86_64-mingw32/bin/../lib/gcc/nios2-elf/5.3.0/mno-hw-mul\libgcc.a(lib2-mul.o)
 .debug_aranges
                0x0000000000000590       0x20 ../week_2_2_5_bsp/\libhal_bsp.a(alt_exit.o)

.debug_pubnames
 *(.debug_pubnames)

.debug_info     0x0000000000000000     0x7608
 *(.debug_info .gnu.linkonce.wi.*)
 .debug_info    0x0000000000000000       0x83 ../week_2_2_5_bsp//obj/HAL/src/crt0.o
 .debug_info    0x0000000000000083      0x12f obj/default/week_2_2_5.o
 .debug_info    0x00000000000001b2      0x350 ../week_2_2_5_bsp/\libhal_bsp.a(alt_iic.o)
 .debug_info    0x0000000000000502      0x1ef ../week_2_2_5_bsp/\libhal_bsp.a(alt_iic_isr_register.o)
 .debug_info    0x00000000000006f1       0x8c ../week_2_2_5_bsp/\libhal_bsp.a(alt_irq_entry.o)
 .debug_info    0x000000000000077d      0x187 ../week_2_2_5_bsp/\libhal_bsp.a(alt_irq_handler.o)
 .debug_info    0x0000000000000904       0x88 ../week_2_2_5_bsp/\libhal_bsp.a(alt_irq_vars.o)
 .debug_info    0x000000000000098c      0x145 ../week_2_2_5_bsp/\libhal_bsp.a(alt_load.o)
 .debug_info    0x0000000000000ad1      0x131 ../week_2_2_5_bsp/\libhal_bsp.a(alt_main.o)
 .debug_info    0x0000000000000c02      0x4d9 ../week_2_2_5_bsp/\libhal_bsp.a(alt_sys_init.o)
 .debug_info    0x00000000000010db      0x52e ../week_2_2_5_bsp/\libhal_bsp.a(altera_avalon_jtag_uart_fd.o)
 .debug_info    0x0000000000001609      0x3a0 ../week_2_2_5_bsp/\libhal_bsp.a(altera_avalon_jtag_uart_init.o)
 .debug_info    0x00000000000019a9      0x280 ../week_2_2_5_bsp/\libhal_bsp.a(altera_avalon_jtag_uart_ioctl.o)
 .debug_info    0x0000000000001c29      0x345 ../week_2_2_5_bsp/\libhal_bsp.a(altera_avalon_jtag_uart_read.o)
 .debug_info    0x0000000000001f6e      0x340 ../week_2_2_5_bsp/\libhal_bsp.a(altera_avalon_jtag_uart_write.o)
 .debug_info    0x00000000000022ae      0x226 ../week_2_2_5_bsp/\libhal_bsp.a(altera_avalon_timer_sc.o)
 .debug_info    0x00000000000024d4      0x2cc ../week_2_2_5_bsp/\libhal_bsp.a(alt_alarm_start.o)
 .debug_info    0x00000000000027a0      0x321 ../week_2_2_5_bsp/\libhal_bsp.a(alt_close.o)
 .debug_info    0x0000000000002ac1       0x92 ../week_2_2_5_bsp/\libhal_bsp.a(alt_dcache_flush_all.o)
 .debug_info    0x0000000000002b53      0x49c ../week_2_2_5_bsp/\libhal_bsp.a(alt_dev.o)
 .debug_info    0x0000000000002fef      0x1a9 ../week_2_2_5_bsp/\libhal_bsp.a(alt_dev_llist_insert.o)
 .debug_info    0x0000000000003198       0x83 ../week_2_2_5_bsp/\libhal_bsp.a(alt_do_ctors.o)
 .debug_info    0x000000000000321b       0x83 ../week_2_2_5_bsp/\libhal_bsp.a(alt_do_dtors.o)
 .debug_info    0x000000000000329e       0xa6 ../week_2_2_5_bsp/\libhal_bsp.a(alt_errno.o)
 .debug_info    0x0000000000003344       0x92 ../week_2_2_5_bsp/\libhal_bsp.a(alt_exception_entry.o)
 .debug_info    0x00000000000033d6       0x92 ../week_2_2_5_bsp/\libhal_bsp.a(alt_icache_flush_all.o)
 .debug_info    0x0000000000003468      0x4a5 ../week_2_2_5_bsp/\libhal_bsp.a(alt_io_redirect.o)
 .debug_info    0x000000000000390d      0x3bb ../week_2_2_5_bsp/\libhal_bsp.a(alt_open.o)
 .debug_info    0x0000000000003cc8      0x2b0 ../week_2_2_5_bsp/\libhal_bsp.a(alt_release_fd.o)
 .debug_info    0x0000000000003f78      0x299 ../week_2_2_5_bsp/\libhal_bsp.a(alt_tick.o)
 .debug_info    0x0000000000004211       0x92 ../week_2_2_5_bsp/\libhal_bsp.a(altera_nios2_qsys_irq.o)
 .debug_info    0x00000000000042a3      0x2e9 ../week_2_2_5_bsp/\libhal_bsp.a(alt_find_dev.o)
 .debug_info    0x000000000000458c      0x2e6 ../week_2_2_5_bsp/\libhal_bsp.a(alt_find_file.o)
 .debug_info    0x0000000000004872      0x310 ../week_2_2_5_bsp/\libhal_bsp.a(alt_get_fd.o)
 .debug_info    0x0000000000004b82       0xfe c:/intelfpga_lite/18.1/nios2eds/bin/gnu/h-x86_64-mingw32/bin/../lib/gcc/nios2-elf/5.3.0/../../../../../H-x86_64-mingw32/nios2-elf/lib/mno-hw-mul\libc.a(lib_a-atexit.o)
 .debug_info    0x0000000000004c80      0x8e4 c:/intelfpga_lite/18.1/nios2eds/bin/gnu/h-x86_64-mingw32/bin/../lib/gcc/nios2-elf/5.3.0/../../../../../H-x86_64-mingw32/nios2-elf/lib/mno-hw-mul\libc.a(lib_a-exit.o)
 .debug_info    0x0000000000005564      0x8a1 c:/intelfpga_lite/18.1/nios2eds/bin/gnu/h-x86_64-mingw32/bin/../lib/gcc/nios2-elf/5.3.0/../../../../../H-x86_64-mingw32/nios2-elf/lib/mno-hw-mul\libc.a(lib_a-impure.o)
 .debug_info    0x0000000000005e05       0x8a c:/intelfpga_lite/18.1/nios2eds/bin/gnu/h-x86_64-mingw32/bin/../lib/gcc/nios2-elf/5.3.0/../../../../../H-x86_64-mingw32/nios2-elf/lib/mno-hw-mul\libc.a(lib_a-int_errno.o)
 .debug_info    0x0000000000005e8f      0x11a c:/intelfpga_lite/18.1/nios2eds/bin/gnu/h-x86_64-mingw32/bin/../lib/gcc/nios2-elf/5.3.0/../../../../../H-x86_64-mingw32/nios2-elf/lib/mno-hw-mul\libc.a(lib_a-memcmp.o)
 .debug_info    0x0000000000005fa9      0x144 c:/intelfpga_lite/18.1/nios2eds/bin/gnu/h-x86_64-mingw32/bin/../lib/gcc/nios2-elf/5.3.0/../../../../../H-x86_64-mingw32/nios2-elf/lib/mno-hw-mul\libc.a(lib_a-memcpy.o)
 .debug_info    0x00000000000060ed       0xe2 c:/intelfpga_lite/18.1/nios2eds/bin/gnu/h-x86_64-mingw32/bin/../lib/gcc/nios2-elf/5.3.0/../../../../../H-x86_64-mingw32/nios2-elf/lib/mno-hw-mul\libc.a(lib_a-strlen.o)
 .debug_info    0x00000000000061cf      0x934 c:/intelfpga_lite/18.1/nios2eds/bin/gnu/h-x86_64-mingw32/bin/../lib/gcc/nios2-elf/5.3.0/../../../../../H-x86_64-mingw32/nios2-elf/lib/mno-hw-mul\libc.a(lib_a-__atexit.o)
 .debug_info    0x0000000000006b03      0x965 c:/intelfpga_lite/18.1/nios2eds/bin/gnu/h-x86_64-mingw32/bin/../lib/gcc/nios2-elf/5.3.0/../../../../../H-x86_64-mingw32/nios2-elf/lib/mno-hw-mul\libc.a(lib_a-__call_atexit.o)
 .debug_info    0x0000000000007468       0xb4 c:/intelfpga_lite/18.1/nios2eds/bin/gnu/h-x86_64-mingw32/bin/../lib/gcc/nios2-elf/5.3.0/mno-hw-mul\libgcc.a(lib2-mul.o)
 .debug_info    0x000000000000751c       0xec ../week_2_2_5_bsp/\libhal_bsp.a(alt_exit.o)

.debug_abbrev   0x0000000000000000     0x29e0
 *(.debug_abbrev)
 .debug_abbrev  0x0000000000000000       0x12 ../week_2_2_5_bsp//obj/HAL/src/crt0.o
 .debug_abbrev  0x0000000000000012       0xb3 obj/default/week_2_2_5.o
 .debug_abbrev  0x00000000000000c5      0x163 ../week_2_2_5_bsp/\libhal_bsp.a(alt_iic.o)
 .debug_abbrev  0x0000000000000228      0x169 ../week_2_2_5_bsp/\libhal_bsp.a(alt_iic_isr_register.o)
 .debug_abbrev  0x0000000000000391       0x12 ../week_2_2_5_bsp/\libhal_bsp.a(alt_irq_entry.o)
 .debug_abbrev  0x00000000000003a3      0x122 ../week_2_2_5_bsp/\libhal_bsp.a(alt_irq_handler.o)
 .debug_abbrev  0x00000000000004c5       0x40 ../week_2_2_5_bsp/\libhal_bsp.a(alt_irq_vars.o)
 .debug_abbrev  0x0000000000000505       0x9f ../week_2_2_5_bsp/\libhal_bsp.a(alt_load.o)
 .debug_abbrev  0x00000000000005a4       0xba ../week_2_2_5_bsp/\libhal_bsp.a(alt_main.o)
 .debug_abbrev  0x000000000000065e      0x187 ../week_2_2_5_bsp/\libhal_bsp.a(alt_sys_init.o)
 .debug_abbrev  0x00000000000007e5      0x127 ../week_2_2_5_bsp/\libhal_bsp.a(altera_avalon_jtag_uart_fd.o)
 .debug_abbrev  0x000000000000090c      0x19e ../week_2_2_5_bsp/\libhal_bsp.a(altera_avalon_jtag_uart_init.o)
 .debug_abbrev  0x0000000000000aaa      0x111 ../week_2_2_5_bsp/\libhal_bsp.a(altera_avalon_jtag_uart_ioctl.o)
 .debug_abbrev  0x0000000000000bbb      0x1aa ../week_2_2_5_bsp/\libhal_bsp.a(altera_avalon_jtag_uart_read.o)
 .debug_abbrev  0x0000000000000d65      0x1a8 ../week_2_2_5_bsp/\libhal_bsp.a(altera_avalon_jtag_uart_write.o)
 .debug_abbrev  0x0000000000000f0d      0x155 ../week_2_2_5_bsp/\libhal_bsp.a(altera_avalon_timer_sc.o)
 .debug_abbrev  0x0000000000001062      0x162 ../week_2_2_5_bsp/\libhal_bsp.a(alt_alarm_start.o)
 .debug_abbrev  0x00000000000011c4      0x11f ../week_2_2_5_bsp/\libhal_bsp.a(alt_close.o)
 .debug_abbrev  0x00000000000012e3       0x42 ../week_2_2_5_bsp/\libhal_bsp.a(alt_dcache_flush_all.o)
 .debug_abbrev  0x0000000000001325       0xd9 ../week_2_2_5_bsp/\libhal_bsp.a(alt_dev.o)
 .debug_abbrev  0x00000000000013fe      0x114 ../week_2_2_5_bsp/\libhal_bsp.a(alt_dev_llist_insert.o)
 .debug_abbrev  0x0000000000001512       0x79 ../week_2_2_5_bsp/\libhal_bsp.a(alt_do_ctors.o)
 .debug_abbrev  0x000000000000158b       0x79 ../week_2_2_5_bsp/\libhal_bsp.a(alt_do_dtors.o)
 .debug_abbrev  0x0000000000001604       0x5a ../week_2_2_5_bsp/\libhal_bsp.a(alt_errno.o)
 .debug_abbrev  0x000000000000165e       0x12 ../week_2_2_5_bsp/\libhal_bsp.a(alt_exception_entry.o)
 .debug_abbrev  0x0000000000001670       0x42 ../week_2_2_5_bsp/\libhal_bsp.a(alt_icache_flush_all.o)
 .debug_abbrev  0x00000000000016b2      0x114 ../week_2_2_5_bsp/\libhal_bsp.a(alt_io_redirect.o)
 .debug_abbrev  0x00000000000017c6      0x148 ../week_2_2_5_bsp/\libhal_bsp.a(alt_open.o)
 .debug_abbrev  0x000000000000190e       0xde ../week_2_2_5_bsp/\libhal_bsp.a(alt_release_fd.o)
 .debug_abbrev  0x00000000000019ec      0x15a ../week_2_2_5_bsp/\libhal_bsp.a(alt_tick.o)
 .debug_abbrev  0x0000000000001b46       0x42 ../week_2_2_5_bsp/\libhal_bsp.a(altera_nios2_qsys_irq.o)
 .debug_abbrev  0x0000000000001b88       0xf0 ../week_2_2_5_bsp/\libhal_bsp.a(alt_find_dev.o)
 .debug_abbrev  0x0000000000001c78       0xf0 ../week_2_2_5_bsp/\libhal_bsp.a(alt_find_file.o)
 .debug_abbrev  0x0000000000001d68      0x10d ../week_2_2_5_bsp/\libhal_bsp.a(alt_get_fd.o)
 .debug_abbrev  0x0000000000001e75       0xaa c:/intelfpga_lite/18.1/nios2eds/bin/gnu/h-x86_64-mingw32/bin/../lib/gcc/nios2-elf/5.3.0/../../../../../H-x86_64-mingw32/nios2-elf/lib/mno-hw-mul\libc.a(lib_a-atexit.o)
 .debug_abbrev  0x0000000000001f1f      0x1e5 c:/intelfpga_lite/18.1/nios2eds/bin/gnu/h-x86_64-mingw32/bin/../lib/gcc/nios2-elf/5.3.0/../../../../../H-x86_64-mingw32/nios2-elf/lib/mno-hw-mul\libc.a(lib_a-exit.o)
 .debug_abbrev  0x0000000000002104      0x18f c:/intelfpga_lite/18.1/nios2eds/bin/gnu/h-x86_64-mingw32/bin/../lib/gcc/nios2-elf/5.3.0/../../../../../H-x86_64-mingw32/nios2-elf/lib/mno-hw-mul\libc.a(lib_a-impure.o)
 .debug_abbrev  0x0000000000002293       0x37 c:/intelfpga_lite/18.1/nios2eds/bin/gnu/h-x86_64-mingw32/bin/../lib/gcc/nios2-elf/5.3.0/../../../../../H-x86_64-mingw32/nios2-elf/lib/mno-hw-mul\libc.a(lib_a-int_errno.o)
 .debug_abbrev  0x00000000000022ca       0x7f c:/intelfpga_lite/18.1/nios2eds/bin/gnu/h-x86_64-mingw32/bin/../lib/gcc/nios2-elf/5.3.0/../../../../../H-x86_64-mingw32/nios2-elf/lib/mno-hw-mul\libc.a(lib_a-memcmp.o)
 .debug_abbrev  0x0000000000002349       0xa3 c:/intelfpga_lite/18.1/nios2eds/bin/gnu/h-x86_64-mingw32/bin/../lib/gcc/nios2-elf/5.3.0/../../../../../H-x86_64-mingw32/nios2-elf/lib/mno-hw-mul\libc.a(lib_a-memcpy.o)
 .debug_abbrev  0x00000000000023ec       0x90 c:/intelfpga_lite/18.1/nios2eds/bin/gnu/h-x86_64-mingw32/bin/../lib/gcc/nios2-elf/5.3.0/../../../../../H-x86_64-mingw32/nios2-elf/lib/mno-hw-mul\libc.a(lib_a-strlen.o)
 .debug_abbrev  0x000000000000247c      0x21e c:/intelfpga_lite/18.1/nios2eds/bin/gnu/h-x86_64-mingw32/bin/../lib/gcc/nios2-elf/5.3.0/../../../../../H-x86_64-mingw32/nios2-elf/lib/mno-hw-mul\libc.a(lib_a-__atexit.o)
 .debug_abbrev  0x000000000000269a      0x22e c:/intelfpga_lite/18.1/nios2eds/bin/gnu/h-x86_64-mingw32/bin/../lib/gcc/nios2-elf/5.3.0/../../../../../H-x86_64-mingw32/nios2-elf/lib/mno-hw-mul\libc.a(lib_a-__call_atexit.o)
 .debug_abbrev  0x00000000000028c8       0x6f c:/intelfpga_lite/18.1/nios2eds/bin/gnu/h-x86_64-mingw32/bin/../lib/gcc/nios2-elf/5.3.0/mno-hw-mul\libgcc.a(lib2-mul.o)
 .debug_abbrev  0x0000000000002937       0xa9 ../week_2_2_5_bsp/\libhal_bsp.a(alt_exit.o)

.debug_line     0x0000000000000000     0x29fd
 *(.debug_line)
 .debug_line    0x0000000000000000       0x66 ../week_2_2_5_bsp//obj/HAL/src/crt0.o
 .debug_line    0x0000000000000066       0x93 obj/default/week_2_2_5.o
 .debug_line    0x00000000000000f9       0xeb ../week_2_2_5_bsp/\libhal_bsp.a(alt_iic.o)
 .debug_line    0x00000000000001e4       0xdb ../week_2_2_5_bsp/\libhal_bsp.a(alt_iic_isr_register.o)
 .debug_line    0x00000000000002bf       0x6b ../week_2_2_5_bsp/\libhal_bsp.a(alt_irq_entry.o)
 .debug_line    0x000000000000032a       0xaa ../week_2_2_5_bsp/\libhal_bsp.a(alt_irq_handler.o)
 .debug_line    0x00000000000003d4       0x50 ../week_2_2_5_bsp/\libhal_bsp.a(alt_irq_vars.o)
 .debug_line    0x0000000000000424       0x8e ../week_2_2_5_bsp/\libhal_bsp.a(alt_load.o)
 .debug_line    0x00000000000004b2       0xa4 ../week_2_2_5_bsp/\libhal_bsp.a(alt_main.o)
 .debug_line    0x0000000000000556      0x151 ../week_2_2_5_bsp/\libhal_bsp.a(alt_sys_init.o)
 .debug_line    0x00000000000006a7      0x12f ../week_2_2_5_bsp/\libhal_bsp.a(altera_avalon_jtag_uart_fd.o)
 .debug_line    0x00000000000007d6      0x18b ../week_2_2_5_bsp/\libhal_bsp.a(altera_avalon_jtag_uart_init.o)
 .debug_line    0x0000000000000961      0x131 ../week_2_2_5_bsp/\libhal_bsp.a(altera_avalon_jtag_uart_ioctl.o)
 .debug_line    0x0000000000000a92      0x171 ../week_2_2_5_bsp/\libhal_bsp.a(altera_avalon_jtag_uart_read.o)
 .debug_line    0x0000000000000c03      0x170 ../week_2_2_5_bsp/\libhal_bsp.a(altera_avalon_jtag_uart_write.o)
 .debug_line    0x0000000000000d73       0xfd ../week_2_2_5_bsp/\libhal_bsp.a(altera_avalon_timer_sc.o)
 .debug_line    0x0000000000000e70       0xf9 ../week_2_2_5_bsp/\libhal_bsp.a(alt_alarm_start.o)
 .debug_line    0x0000000000000f69      0x165 ../week_2_2_5_bsp/\libhal_bsp.a(alt_close.o)
 .debug_line    0x00000000000010ce       0x51 ../week_2_2_5_bsp/\libhal_bsp.a(alt_dcache_flush_all.o)
 .debug_line    0x000000000000111f       0xf8 ../week_2_2_5_bsp/\libhal_bsp.a(alt_dev.o)
 .debug_line    0x0000000000001217       0xcf ../week_2_2_5_bsp/\libhal_bsp.a(alt_dev_llist_insert.o)
 .debug_line    0x00000000000012e6       0x59 ../week_2_2_5_bsp/\libhal_bsp.a(alt_do_ctors.o)
 .debug_line    0x000000000000133f       0x59 ../week_2_2_5_bsp/\libhal_bsp.a(alt_do_dtors.o)
 .debug_line    0x0000000000001398       0x51 ../week_2_2_5_bsp/\libhal_bsp.a(alt_errno.o)
 .debug_line    0x00000000000013e9       0xab ../week_2_2_5_bsp/\libhal_bsp.a(alt_exception_entry.o)
 .debug_line    0x0000000000001494       0x4f ../week_2_2_5_bsp/\libhal_bsp.a(alt_icache_flush_all.o)
 .debug_line    0x00000000000014e3      0x135 ../week_2_2_5_bsp/\libhal_bsp.a(alt_io_redirect.o)
 .debug_line    0x0000000000001618      0x12b ../week_2_2_5_bsp/\libhal_bsp.a(alt_open.o)
 .debug_line    0x0000000000001743       0xb0 ../week_2_2_5_bsp/\libhal_bsp.a(alt_release_fd.o)
 .debug_line    0x00000000000017f3       0xff ../week_2_2_5_bsp/\libhal_bsp.a(alt_tick.o)
 .debug_line    0x00000000000018f2       0x51 ../week_2_2_5_bsp/\libhal_bsp.a(altera_nios2_qsys_irq.o)
 .debug_line    0x0000000000001943       0xb5 ../week_2_2_5_bsp/\libhal_bsp.a(alt_find_dev.o)
 .debug_line    0x00000000000019f8       0xd1 ../week_2_2_5_bsp/\libhal_bsp.a(alt_find_file.o)
 .debug_line    0x0000000000001ac9       0xd7 ../week_2_2_5_bsp/\libhal_bsp.a(alt_get_fd.o)
 .debug_line    0x0000000000001ba0       0xe7 c:/intelfpga_lite/18.1/nios2eds/bin/gnu/h-x86_64-mingw32/bin/../lib/gcc/nios2-elf/5.3.0/../../../../../H-x86_64-mingw32/nios2-elf/lib/mno-hw-mul\libc.a(lib_a-atexit.o)
 .debug_line    0x0000000000001c87      0x1fc c:/intelfpga_lite/18.1/nios2eds/bin/gnu/h-x86_64-mingw32/bin/../lib/gcc/nios2-elf/5.3.0/../../../../../H-x86_64-mingw32/nios2-elf/lib/mno-hw-mul\libc.a(lib_a-exit.o)
 .debug_line    0x0000000000001e83      0x160 c:/intelfpga_lite/18.1/nios2eds/bin/gnu/h-x86_64-mingw32/bin/../lib/gcc/nios2-elf/5.3.0/../../../../../H-x86_64-mingw32/nios2-elf/lib/mno-hw-mul\libc.a(lib_a-impure.o)
 .debug_line    0x0000000000001fe3       0x5f c:/intelfpga_lite/18.1/nios2eds/bin/gnu/h-x86_64-mingw32/bin/../lib/gcc/nios2-elf/5.3.0/../../../../../H-x86_64-mingw32/nios2-elf/lib/mno-hw-mul\libc.a(lib_a-int_errno.o)
 .debug_line    0x0000000000002042      0x176 c:/intelfpga_lite/18.1/nios2eds/bin/gnu/h-x86_64-mingw32/bin/../lib/gcc/nios2-elf/5.3.0/../../../../../H-x86_64-mingw32/nios2-elf/lib/mno-hw-mul\libc.a(lib_a-memcmp.o)
 .debug_line    0x00000000000021b8      0x18c c:/intelfpga_lite/18.1/nios2eds/bin/gnu/h-x86_64-mingw32/bin/../lib/gcc/nios2-elf/5.3.0/../../../../../H-x86_64-mingw32/nios2-elf/lib/mno-hw-mul\libc.a(lib_a-memcpy.o)
 .debug_line    0x0000000000002344      0x16f c:/intelfpga_lite/18.1/nios2eds/bin/gnu/h-x86_64-mingw32/bin/../lib/gcc/nios2-elf/5.3.0/../../../../../H-x86_64-mingw32/nios2-elf/lib/mno-hw-mul\libc.a(lib_a-strlen.o)
 .debug_line    0x00000000000024b3      0x21f c:/intelfpga_lite/18.1/nios2eds/bin/gnu/h-x86_64-mingw32/bin/../lib/gcc/nios2-elf/5.3.0/../../../../../H-x86_64-mingw32/nios2-elf/lib/mno-hw-mul\libc.a(lib_a-__atexit.o)
 .debug_line    0x00000000000026d2      0x23a c:/intelfpga_lite/18.1/nios2eds/bin/gnu/h-x86_64-mingw32/bin/../lib/gcc/nios2-elf/5.3.0/../../../../../H-x86_64-mingw32/nios2-elf/lib/mno-hw-mul\libc.a(lib_a-__call_atexit.o)
 .debug_line    0x000000000000290c       0x80 c:/intelfpga_lite/18.1/nios2eds/bin/gnu/h-x86_64-mingw32/bin/../lib/gcc/nios2-elf/5.3.0/mno-hw-mul\libgcc.a(lib2-mul.o)
 .debug_line    0x000000000000298c       0x71 ../week_2_2_5_bsp/\libhal_bsp.a(alt_exit.o)

.debug_frame    0x0000000000000000      0xacc
 *(.debug_frame)
 .debug_frame   0x0000000000000000       0x50 obj/default/week_2_2_5.o
 .debug_frame   0x0000000000000050       0xa4 ../week_2_2_5_bsp/\libhal_bsp.a(alt_iic.o)
 .debug_frame   0x00000000000000f4       0x38 ../week_2_2_5_bsp/\libhal_bsp.a(alt_iic_isr_register.o)
 .debug_frame   0x000000000000012c       0x38 ../week_2_2_5_bsp/\libhal_bsp.a(alt_irq_handler.o)
 .debug_frame   0x0000000000000164       0x5c ../week_2_2_5_bsp/\libhal_bsp.a(alt_load.o)
 .debug_frame   0x00000000000001c0       0x2c ../week_2_2_5_bsp/\libhal_bsp.a(alt_main.o)
 .debug_frame   0x00000000000001ec       0x88 ../week_2_2_5_bsp/\libhal_bsp.a(alt_sys_init.o)
 .debug_frame   0x0000000000000274       0xb0 ../week_2_2_5_bsp/\libhal_bsp.a(altera_avalon_jtag_uart_fd.o)
 .debug_frame   0x0000000000000324       0xa4 ../week_2_2_5_bsp/\libhal_bsp.a(altera_avalon_jtag_uart_init.o)
 .debug_frame   0x00000000000003c8       0x34 ../week_2_2_5_bsp/\libhal_bsp.a(altera_avalon_jtag_uart_ioctl.o)
 .debug_frame   0x00000000000003fc       0x38 ../week_2_2_5_bsp/\libhal_bsp.a(altera_avalon_jtag_uart_read.o)
 .debug_frame   0x0000000000000434       0x38 ../week_2_2_5_bsp/\libhal_bsp.a(altera_avalon_jtag_uart_write.o)
 .debug_frame   0x000000000000046c       0x60 ../week_2_2_5_bsp/\libhal_bsp.a(altera_avalon_timer_sc.o)
 .debug_frame   0x00000000000004cc       0x34 ../week_2_2_5_bsp/\libhal_bsp.a(alt_alarm_start.o)
 .debug_frame   0x0000000000000500       0x60 ../week_2_2_5_bsp/\libhal_bsp.a(alt_close.o)
 .debug_frame   0x0000000000000560       0x34 ../week_2_2_5_bsp/\libhal_bsp.a(alt_dcache_flush_all.o)
 .debug_frame   0x0000000000000594       0x34 ../week_2_2_5_bsp/\libhal_bsp.a(alt_dev.o)
 .debug_frame   0x00000000000005c8       0x60 ../week_2_2_5_bsp/\libhal_bsp.a(alt_dev_llist_insert.o)
 .debug_frame   0x0000000000000628       0x38 ../week_2_2_5_bsp/\libhal_bsp.a(alt_do_ctors.o)
 .debug_frame   0x0000000000000660       0x38 ../week_2_2_5_bsp/\libhal_bsp.a(alt_do_dtors.o)
 .debug_frame   0x0000000000000698       0x34 ../week_2_2_5_bsp/\libhal_bsp.a(alt_icache_flush_all.o)
 .debug_frame   0x00000000000006cc       0x64 ../week_2_2_5_bsp/\libhal_bsp.a(alt_io_redirect.o)
 .debug_frame   0x0000000000000730       0x8c ../week_2_2_5_bsp/\libhal_bsp.a(alt_open.o)
 .debug_frame   0x00000000000007bc       0x3c ../week_2_2_5_bsp/\libhal_bsp.a(alt_release_fd.o)
 .debug_frame   0x00000000000007f8       0x5c ../week_2_2_5_bsp/\libhal_bsp.a(alt_tick.o)
 .debug_frame   0x0000000000000854       0x34 ../week_2_2_5_bsp/\libhal_bsp.a(altera_nios2_qsys_irq.o)
 .debug_frame   0x0000000000000888       0x38 ../week_2_2_5_bsp/\libhal_bsp.a(alt_find_dev.o)
 .debug_frame   0x00000000000008c0       0x38 ../week_2_2_5_bsp/\libhal_bsp.a(alt_find_file.o)
 .debug_frame   0x00000000000008f8       0x3c ../week_2_2_5_bsp/\libhal_bsp.a(alt_get_fd.o)
 .debug_frame   0x0000000000000934       0x20 c:/intelfpga_lite/18.1/nios2eds/bin/gnu/h-x86_64-mingw32/bin/../lib/gcc/nios2-elf/5.3.0/../../../../../H-x86_64-mingw32/nios2-elf/lib/mno-hw-mul\libc.a(lib_a-atexit.o)
 .debug_frame   0x0000000000000954       0x28 c:/intelfpga_lite/18.1/nios2eds/bin/gnu/h-x86_64-mingw32/bin/../lib/gcc/nios2-elf/5.3.0/../../../../../H-x86_64-mingw32/nios2-elf/lib/mno-hw-mul\libc.a(lib_a-exit.o)
 .debug_frame   0x000000000000097c       0x20 c:/intelfpga_lite/18.1/nios2eds/bin/gnu/h-x86_64-mingw32/bin/../lib/gcc/nios2-elf/5.3.0/../../../../../H-x86_64-mingw32/nios2-elf/lib/mno-hw-mul\libc.a(lib_a-memcmp.o)
 .debug_frame   0x000000000000099c       0x38 c:/intelfpga_lite/18.1/nios2eds/bin/gnu/h-x86_64-mingw32/bin/../lib/gcc/nios2-elf/5.3.0/../../../../../H-x86_64-mingw32/nios2-elf/lib/mno-hw-mul\libc.a(lib_a-memcpy.o)
 .debug_frame   0x00000000000009d4       0x20 c:/intelfpga_lite/18.1/nios2eds/bin/gnu/h-x86_64-mingw32/bin/../lib/gcc/nios2-elf/5.3.0/../../../../../H-x86_64-mingw32/nios2-elf/lib/mno-hw-mul\libc.a(lib_a-strlen.o)
 .debug_frame   0x00000000000009f4       0x38 c:/intelfpga_lite/18.1/nios2eds/bin/gnu/h-x86_64-mingw32/bin/../lib/gcc/nios2-elf/5.3.0/../../../../../H-x86_64-mingw32/nios2-elf/lib/mno-hw-mul\libc.a(lib_a-__atexit.o)
 .debug_frame   0x0000000000000a2c       0x54 c:/intelfpga_lite/18.1/nios2eds/bin/gnu/h-x86_64-mingw32/bin/../lib/gcc/nios2-elf/5.3.0/../../../../../H-x86_64-mingw32/nios2-elf/lib/mno-hw-mul\libc.a(lib_a-__call_atexit.o)
 .debug_frame   0x0000000000000a80       0x20 c:/intelfpga_lite/18.1/nios2eds/bin/gnu/h-x86_64-mingw32/bin/../lib/gcc/nios2-elf/5.3.0/mno-hw-mul\libgcc.a(lib2-mul.o)
 .debug_frame   0x0000000000000aa0       0x2c ../week_2_2_5_bsp/\libhal_bsp.a(alt_exit.o)

.debug_str      0x0000000000000000     0x17f4
 *(.debug_str)
 .debug_str     0x0000000000000000      0x173 obj/default/week_2_2_5.o
                                        0x1b1 (size before relaxing)
 .debug_str     0x0000000000000173      0x13e ../week_2_2_5_bsp/\libhal_bsp.a(alt_iic.o)
                                        0x253 (size before relaxing)
 .debug_str     0x00000000000002b1       0x4c ../week_2_2_5_bsp/\libhal_bsp.a(alt_iic_isr_register.o)
                                        0x1fd (size before relaxing)
 .debug_str     0x00000000000002fd       0x3a ../week_2_2_5_bsp/\libhal_bsp.a(alt_irq_handler.o)
                                        0x1ac (size before relaxing)
 .debug_str     0x0000000000000337       0x17 ../week_2_2_5_bsp/\libhal_bsp.a(alt_irq_vars.o)
                                        0x14f (size before relaxing)
 .debug_str     0x000000000000034e       0xe9 ../week_2_2_5_bsp/\libhal_bsp.a(alt_load.o)
                                        0x227 (size before relaxing)
 .debug_str     0x0000000000000437       0x70 ../week_2_2_5_bsp/\libhal_bsp.a(alt_main.o)
                                        0x1b2 (size before relaxing)
 .debug_str     0x00000000000004a7      0x1d3 ../week_2_2_5_bsp/\libhal_bsp.a(alt_sys_init.o)
                                        0x3a5 (size before relaxing)
 .debug_str     0x000000000000067a       0xb9 ../week_2_2_5_bsp/\libhal_bsp.a(altera_avalon_jtag_uart_fd.o)
                                        0x3b9 (size before relaxing)
 .debug_str     0x0000000000000733       0xd1 ../week_2_2_5_bsp/\libhal_bsp.a(altera_avalon_jtag_uart_init.o)
                                        0x34d (size before relaxing)
 .debug_str     0x0000000000000804       0x4a ../week_2_2_5_bsp/\libhal_bsp.a(altera_avalon_jtag_uart_ioctl.o)
                                        0x2a8 (size before relaxing)
 .debug_str     0x000000000000084e       0x48 ../week_2_2_5_bsp/\libhal_bsp.a(altera_avalon_jtag_uart_read.o)
                                        0x2fd (size before relaxing)
 .debug_str     0x0000000000000896       0x4a ../week_2_2_5_bsp/\libhal_bsp.a(altera_avalon_jtag_uart_write.o)
                                        0x2fe (size before relaxing)
 .debug_str     0x00000000000008e0       0x6d ../week_2_2_5_bsp/\libhal_bsp.a(altera_avalon_timer_sc.o)
                                        0x260 (size before relaxing)
 .debug_str     0x000000000000094d       0x5f ../week_2_2_5_bsp/\libhal_bsp.a(alt_alarm_start.o)
                                        0x293 (size before relaxing)
 .debug_str     0x00000000000009ac       0x44 ../week_2_2_5_bsp/\libhal_bsp.a(alt_close.o)
                                        0x220 (size before relaxing)
 .debug_str     0x00000000000009f0       0x34 ../week_2_2_5_bsp/\libhal_bsp.a(alt_dcache_flush_all.o)
                                        0x16a (size before relaxing)
 .debug_str     0x0000000000000a24      0x120 ../week_2_2_5_bsp/\libhal_bsp.a(alt_dev.o)
                                        0x31a (size before relaxing)
 .debug_str     0x0000000000000b44       0x34 ../week_2_2_5_bsp/\libhal_bsp.a(alt_dev_llist_insert.o)
                                        0x1e1 (size before relaxing)
 .debug_str     0x0000000000000b78       0x48 ../week_2_2_5_bsp/\libhal_bsp.a(alt_do_ctors.o)
                                         0xe5 (size before relaxing)
 .debug_str     0x0000000000000bc0       0x4c ../week_2_2_5_bsp/\libhal_bsp.a(alt_do_dtors.o)
                                         0xe4 (size before relaxing)
 .debug_str     0x0000000000000c0c       0x14 ../week_2_2_5_bsp/\libhal_bsp.a(alt_errno.o)
                                        0x15a (size before relaxing)
 .debug_str     0x0000000000000c20       0x34 ../week_2_2_5_bsp/\libhal_bsp.a(alt_icache_flush_all.o)
                                        0x16a (size before relaxing)
 .debug_str     0x0000000000000c54       0x56 ../week_2_2_5_bsp/\libhal_bsp.a(alt_io_redirect.o)
                                        0x32b (size before relaxing)
 .debug_str     0x0000000000000caa       0x2f ../week_2_2_5_bsp/\libhal_bsp.a(alt_open.o)
                                        0x260 (size before relaxing)
 .debug_str     0x0000000000000cd9       0x28 ../week_2_2_5_bsp/\libhal_bsp.a(alt_release_fd.o)
                                        0x1e8 (size before relaxing)
 .debug_str     0x0000000000000d01       0x4a ../week_2_2_5_bsp/\libhal_bsp.a(alt_tick.o)
                                        0x267 (size before relaxing)
 .debug_str     0x0000000000000d4b       0x3b ../week_2_2_5_bsp/\libhal_bsp.a(altera_nios2_qsys_irq.o)
                                        0x171 (size before relaxing)
 .debug_str     0x0000000000000d86       0x24 ../week_2_2_5_bsp/\libhal_bsp.a(alt_find_dev.o)
                                        0x201 (size before relaxing)
 .debug_str     0x0000000000000daa       0x26 ../week_2_2_5_bsp/\libhal_bsp.a(alt_find_file.o)
                                        0x20f (size before relaxing)
 .debug_str     0x0000000000000dd0       0x30 ../week_2_2_5_bsp/\libhal_bsp.a(alt_get_fd.o)
                                        0x231 (size before relaxing)
 .debug_str     0x0000000000000e00      0x17c c:/intelfpga_lite/18.1/nios2eds/bin/gnu/h-x86_64-mingw32/bin/../lib/gcc/nios2-elf/5.3.0/../../../../../H-x86_64-mingw32/nios2-elf/lib/mno-hw-mul\libc.a(lib_a-atexit.o)
                                        0x221 (size before relaxing)
 .debug_str     0x0000000000000f7c      0x3b7 c:/intelfpga_lite/18.1/nios2eds/bin/gnu/h-x86_64-mingw32/bin/../lib/gcc/nios2-elf/5.3.0/../../../../../H-x86_64-mingw32/nios2-elf/lib/mno-hw-mul\libc.a(lib_a-exit.o)
                                        0x5be (size before relaxing)
 .debug_str     0x0000000000001333       0xd6 c:/intelfpga_lite/18.1/nios2eds/bin/gnu/h-x86_64-mingw32/bin/../lib/gcc/nios2-elf/5.3.0/../../../../../H-x86_64-mingw32/nios2-elf/lib/mno-hw-mul\libc.a(lib_a-impure.o)
                                        0x5b5 (size before relaxing)
 .debug_str     0x0000000000001409       0x3f c:/intelfpga_lite/18.1/nios2eds/bin/gnu/h-x86_64-mingw32/bin/../lib/gcc/nios2-elf/5.3.0/../../../../../H-x86_64-mingw32/nios2-elf/lib/mno-hw-mul\libc.a(lib_a-int_errno.o)
                                        0x1dd (size before relaxing)
 .debug_str     0x0000000000001448       0xda c:/intelfpga_lite/18.1/nios2eds/bin/gnu/h-x86_64-mingw32/bin/../lib/gcc/nios2-elf/5.3.0/../../../../../H-x86_64-mingw32/nios2-elf/lib/mno-hw-mul\libc.a(lib_a-memcmp.o)
                                        0x1e4 (size before relaxing)
 .debug_str     0x0000000000001522       0x6b c:/intelfpga_lite/18.1/nios2eds/bin/gnu/h-x86_64-mingw32/bin/../lib/gcc/nios2-elf/5.3.0/../../../../../H-x86_64-mingw32/nios2-elf/lib/mno-hw-mul\libc.a(lib_a-memcpy.o)
                                        0x20b (size before relaxing)
 .debug_str     0x000000000000158d       0x51 c:/intelfpga_lite/18.1/nios2eds/bin/gnu/h-x86_64-mingw32/bin/../lib/gcc/nios2-elf/5.3.0/../../../../../H-x86_64-mingw32/nios2-elf/lib/mno-hw-mul\libc.a(lib_a-strlen.o)
                                        0x1f7 (size before relaxing)
 .debug_str     0x00000000000015de       0x3f c:/intelfpga_lite/18.1/nios2eds/bin/gnu/h-x86_64-mingw32/bin/../lib/gcc/nios2-elf/5.3.0/../../../../../H-x86_64-mingw32/nios2-elf/lib/mno-hw-mul\libc.a(lib_a-__atexit.o)
                                        0x5f6 (size before relaxing)
 .debug_str     0x000000000000161d       0x65 c:/intelfpga_lite/18.1/nios2eds/bin/gnu/h-x86_64-mingw32/bin/../lib/gcc/nios2-elf/5.3.0/../../../../../H-x86_64-mingw32/nios2-elf/lib/mno-hw-mul\libc.a(lib_a-__call_atexit.o)
                                        0x5e2 (size before relaxing)
 .debug_str     0x0000000000001682      0x148 c:/intelfpga_lite/18.1/nios2eds/bin/gnu/h-x86_64-mingw32/bin/../lib/gcc/nios2-elf/5.3.0/mno-hw-mul\libgcc.a(lib2-mul.o)
                                        0x193 (size before relaxing)
 .debug_str     0x00000000000017ca       0x2a ../week_2_2_5_bsp/\libhal_bsp.a(alt_exit.o)
                                        0x166 (size before relaxing)

.debug_loc      0x0000000000000000      0x803
 *(.debug_loc)
 .debug_loc     0x0000000000000000       0x2c c:/intelfpga_lite/18.1/nios2eds/bin/gnu/h-x86_64-mingw32/bin/../lib/gcc/nios2-elf/5.3.0/../../../../../H-x86_64-mingw32/nios2-elf/lib/mno-hw-mul\libc.a(lib_a-atexit.o)
 .debug_loc     0x000000000000002c       0x1e c:/intelfpga_lite/18.1/nios2eds/bin/gnu/h-x86_64-mingw32/bin/../lib/gcc/nios2-elf/5.3.0/../../../../../H-x86_64-mingw32/nios2-elf/lib/mno-hw-mul\libc.a(lib_a-exit.o)
 .debug_loc     0x000000000000004a      0x126 c:/intelfpga_lite/18.1/nios2eds/bin/gnu/h-x86_64-mingw32/bin/../lib/gcc/nios2-elf/5.3.0/../../../../../H-x86_64-mingw32/nios2-elf/lib/mno-hw-mul\libc.a(lib_a-memcmp.o)
 .debug_loc     0x0000000000000170      0x266 c:/intelfpga_lite/18.1/nios2eds/bin/gnu/h-x86_64-mingw32/bin/../lib/gcc/nios2-elf/5.3.0/../../../../../H-x86_64-mingw32/nios2-elf/lib/mno-hw-mul\libc.a(lib_a-memcpy.o)
 .debug_loc     0x00000000000003d6       0x47 c:/intelfpga_lite/18.1/nios2eds/bin/gnu/h-x86_64-mingw32/bin/../lib/gcc/nios2-elf/5.3.0/../../../../../H-x86_64-mingw32/nios2-elf/lib/mno-hw-mul\libc.a(lib_a-strlen.o)
 .debug_loc     0x000000000000041d      0x185 c:/intelfpga_lite/18.1/nios2eds/bin/gnu/h-x86_64-mingw32/bin/../lib/gcc/nios2-elf/5.3.0/../../../../../H-x86_64-mingw32/nios2-elf/lib/mno-hw-mul\libc.a(lib_a-__atexit.o)
 .debug_loc     0x00000000000005a2      0x1ce c:/intelfpga_lite/18.1/nios2eds/bin/gnu/h-x86_64-mingw32/bin/../lib/gcc/nios2-elf/5.3.0/../../../../../H-x86_64-mingw32/nios2-elf/lib/mno-hw-mul\libc.a(lib_a-__call_atexit.o)
 .debug_loc     0x0000000000000770       0x93 c:/intelfpga_lite/18.1/nios2eds/bin/gnu/h-x86_64-mingw32/bin/../lib/gcc/nios2-elf/5.3.0/mno-hw-mul\libgcc.a(lib2-mul.o)

.debug_macinfo
 *(.debug_macinfo)

.debug_weaknames
 *(.debug_weaknames)

.debug_funcnames
 *(.debug_funcnames)

.debug_typenames
 *(.debug_typenames)

.debug_varnames
 *(.debug_varnames)

.debug_alt_sim_info
                0x0000000000000000       0x10
 *(.debug_alt_sim_info)
 .debug_alt_sim_info
                0x0000000000000000       0x10 ../week_2_2_5_bsp//obj/HAL/src/crt0.o
                0x0000000000020000                __alt_data_end = 0x20000
                0x0000000000020000                PROVIDE (__alt_stack_pointer, __alt_data_end)
                [!provide]                        PROVIDE (__alt_stack_limit, __alt_stack_base)
                [!provide]                        PROVIDE (__alt_heap_start, end)
                [!provide]                        PROVIDE (__alt_heap_limit, 0x20000)
OUTPUT(week_2_2_5.elf elf32-littlenios2)

.debug_ranges   0x0000000000000000      0x160
 .debug_ranges  0x0000000000000000       0x20 ../week_2_2_5_bsp//obj/HAL/src/crt0.o
 .debug_ranges  0x0000000000000020       0x28 ../week_2_2_5_bsp/\libhal_bsp.a(alt_irq_entry.o)
 .debug_ranges  0x0000000000000048       0x10 ../week_2_2_5_bsp/\libhal_bsp.a(alt_irq_handler.o)
 .debug_ranges  0x0000000000000058       0x30 ../week_2_2_5_bsp/\libhal_bsp.a(altera_avalon_jtag_uart_init.o)
 .debug_ranges  0x0000000000000088       0x18 ../week_2_2_5_bsp/\libhal_bsp.a(altera_avalon_jtag_uart_read.o)
 .debug_ranges  0x00000000000000a0       0x30 ../week_2_2_5_bsp/\libhal_bsp.a(alt_exception_entry.o)
 .debug_ranges  0x00000000000000d0       0x10 c:/intelfpga_lite/18.1/nios2eds/bin/gnu/h-x86_64-mingw32/bin/../lib/gcc/nios2-elf/5.3.0/../../../../../H-x86_64-mingw32/nios2-elf/lib/mno-hw-mul\libc.a(lib_a-atexit.o)
 .debug_ranges  0x00000000000000e0       0x10 c:/intelfpga_lite/18.1/nios2eds/bin/gnu/h-x86_64-mingw32/bin/../lib/gcc/nios2-elf/5.3.0/../../../../../H-x86_64-mingw32/nios2-elf/lib/mno-hw-mul\libc.a(lib_a-exit.o)
 .debug_ranges  0x00000000000000f0       0x10 c:/intelfpga_lite/18.1/nios2eds/bin/gnu/h-x86_64-mingw32/bin/../lib/gcc/nios2-elf/5.3.0/../../../../../H-x86_64-mingw32/nios2-elf/lib/mno-hw-mul\libc.a(lib_a-memcmp.o)
 .debug_ranges  0x0000000000000100       0x10 c:/intelfpga_lite/18.1/nios2eds/bin/gnu/h-x86_64-mingw32/bin/../lib/gcc/nios2-elf/5.3.0/../../../../../H-x86_64-mingw32/nios2-elf/lib/mno-hw-mul\libc.a(lib_a-memcpy.o)
 .debug_ranges  0x0000000000000110       0x10 c:/intelfpga_lite/18.1/nios2eds/bin/gnu/h-x86_64-mingw32/bin/../lib/gcc/nios2-elf/5.3.0/../../../../../H-x86_64-mingw32/nios2-elf/lib/mno-hw-mul\libc.a(lib_a-strlen.o)
 .debug_ranges  0x0000000000000120       0x10 c:/intelfpga_lite/18.1/nios2eds/bin/gnu/h-x86_64-mingw32/bin/../lib/gcc/nios2-elf/5.3.0/../../../../../H-x86_64-mingw32/nios2-elf/lib/mno-hw-mul\libc.a(lib_a-__atexit.o)
 .debug_ranges  0x0000000000000130       0x30 c:/intelfpga_lite/18.1/nios2eds/bin/gnu/h-x86_64-mingw32/bin/../lib/gcc/nios2-elf/5.3.0/../../../../../H-x86_64-mingw32/nios2-elf/lib/mno-hw-mul\libc.a(lib_a-__call_atexit.o)
