Flow report for eindopdracht-nios
Thu Jan 22 15:18:48 2026
Quartus Prime Version 18.1.0 Build 625 09/12/2018 SJ Lite Edition


---------------------
; Table of Contents ;
---------------------
  1. Legal Notice
  2. Flow Summary
  3. Flow Settings
  4. Flow Non-Default Global Settings
  5. Flow Elapsed Time
  6. Flow OS Summary
  7. Flow Log
  8. Flow Messages
  9. Flow Suppressed Messages



----------------
; Legal Notice ;
----------------
Copyright (C) 2018  Intel Corporation. All rights reserved.
Your use of Intel Corporation's design tools, logic functions 
and other software and tools, and its AMPP partner logic 
functions, and any output files from any of the foregoing 
(including device programming or simulation files), and any 
associated documentation or information are expressly subject 
to the terms and conditions of the Intel Program License 
Subscription Agreement, the Intel Quartus Prime License Agreement,
the Intel FPGA IP License Agreement, or other applicable license
agreement, including, without limitation, that your use is for
the sole purpose of programming logic devices manufactured by
Intel and sold by Intel or its authorized distributors.  Please
refer to the applicable agreement for further details.



+-------------------------------------------------------------------------------+
; Flow Summary                                                                  ;
+---------------------------------+---------------------------------------------+
; Flow Status                     ; Successful - Thu Jan 22 15:18:36 2026       ;
; Quartus Prime Version           ; 18.1.0 Build 625 09/12/2018 SJ Lite Edition ;
; Revision Name                   ; eindopdracht-nios                           ;
; Top-level Entity Name           ; eindopdracht_nios                           ;
; Family                          ; Cyclone V                                   ;
; Device                          ; 5CSEMA5F31C6                                ;
; Timing Models                   ; Final                                       ;
; Logic utilization (in ALMs)     ; 1,110 / 32,070 ( 3 % )                      ;
; Total registers                 ; 1945                                        ;
; Total pins                      ; 57 / 457 ( 12 % )                           ;
; Total virtual pins              ; 0                                           ;
; Total block memory bits         ; 1,059,328 / 4,065,280 ( 26 % )              ;
; Total DSP Blocks                ; 0 / 87 ( 0 % )                              ;
; Total HSSI RX PCSs              ; 0                                           ;
; Total HSSI PMA RX Deserializers ; 0                                           ;
; Total HSSI TX PCSs              ; 0                                           ;
; Total HSSI PMA TX Serializers   ; 0                                           ;
; Total PLLs                      ; 0 / 6 ( 0 % )                               ;
; Total DLLs                      ; 0 / 4 ( 0 % )                               ;
+---------------------------------+---------------------------------------------+


+-----------------------------------------+
; Flow Settings                           ;
+-------------------+---------------------+
; Option            ; Setting             ;
+-------------------+---------------------+
; Start date & time ; 01/22/2026 15:13:19 ;
; Main task         ; Compilation         ;
; Revision Name     ; eindopdracht-nios   ;
+-------------------+---------------------+


+------------------------------------------------------------------------------------------------------------------------------------------------------------------+
; Flow Non-Default Global Settings                                                                                                                                 ;
+-------------------------------------+----------------------------------------------------------------------+-------------------+--------------------+------------+
; Assignment Name                     ; Value                                                                ; Default Value     ; Entity Name        ; Section Id ;
+-------------------------------------+----------------------------------------------------------------------+-------------------+--------------------+------------+
; COMPILER_SIGNATURE_ID               ; 24580036551715.176909119816932                                       ; --                ; --                 ; --         ;
; MAX_CORE_JUNCTION_TEMP              ; 85                                                                   ; --                ; --                 ; --         ;
; MIN_CORE_JUNCTION_TEMP              ; 0                                                                    ; --                ; --                 ; --         ;
; MISC_FILE                           ; reactiespel_system/synthesis/../reactiespel_system.cmp               ; --                ; --                 ; --         ;
; MISC_FILE                           ; reactiespel_system/synthesis/../../reactiespel_system.qsys           ; --                ; --                 ; --         ;
; PARTITION_COLOR                     ; -- (Not supported for targeted family)                               ; --                ; eindopdracht_nios  ; Top        ;
; PARTITION_FITTER_PRESERVATION_LEVEL ; -- (Not supported for targeted family)                               ; --                ; eindopdracht_nios  ; Top        ;
; PARTITION_NETLIST_TYPE              ; -- (Not supported for targeted family)                               ; --                ; eindopdracht_nios  ; Top        ;
; POWER_BOARD_THERMAL_MODEL           ; None (CONSERVATIVE)                                                  ; --                ; --                 ; --         ;
; POWER_PRESET_COOLING_SOLUTION       ; 23 MM HEAT SINK WITH 200 LFPM AIRFLOW                                ; --                ; --                 ; --         ;
; PROJECT_OUTPUT_DIRECTORY            ; output_files                                                         ; --                ; --                 ; --         ;
; SLD_FILE                            ; reactiespel_system/synthesis/reactiespel_system.regmap               ; --                ; --                 ; --         ;
; SLD_FILE                            ; reactiespel_system/synthesis/reactiespel_system.debuginfo            ; --                ; --                 ; --         ;
; SLD_INFO                            ; QSYS_NAME reactiespel_system HAS_SOPCINFO 1 GENERATION_ID 1769091146 ; --                ; reactiespel_system ; --         ;
; SOPCINFO_FILE                       ; reactiespel_system/synthesis/../../reactiespel_system.sopcinfo       ; --                ; --                 ; --         ;
; SYNTHESIS_ONLY_QIP                  ; On                                                                   ; --                ; --                 ; --         ;
; TOP_LEVEL_ENTITY                    ; eindopdracht_nios                                                    ; eindopdracht-nios ; --                 ; --         ;
+-------------------------------------+----------------------------------------------------------------------+-------------------+--------------------+------------+


+--------------------------------------------------------------------------------------------------------------------------+
; Flow Elapsed Time                                                                                                        ;
+----------------------+--------------+-------------------------+---------------------+------------------------------------+
; Module Name          ; Elapsed Time ; Average Processors Used ; Peak Virtual Memory ; Total CPU Time (on all processors) ;
+----------------------+--------------+-------------------------+---------------------+------------------------------------+
; Analysis & Synthesis ; 00:00:45     ; 1.0                     ; 5083 MB             ; 00:01:14                           ;
; Fitter               ; 00:04:16     ; 1.1                     ; 7860 MB             ; 00:25:30                           ;
; Assembler            ; 00:00:10     ; 1.0                     ; 4883 MB             ; 00:00:10                           ;
; Timing Analyzer      ; 00:00:11     ; 3.6                     ; 5379 MB             ; 00:00:28                           ;
; Total                ; 00:05:22     ; --                      ; --                  ; 00:27:22                           ;
+----------------------+--------------+-------------------------+---------------------+------------------------------------+


+------------------------------------------------------------------------------------+
; Flow OS Summary                                                                    ;
+----------------------+------------------+------------+------------+----------------+
; Module Name          ; Machine Hostname ; OS Name    ; OS Version ; Processor type ;
+----------------------+------------------+------------+------------+----------------+
; Analysis & Synthesis ; LAPTOP-UDQ2HGDG  ; Windows 10 ; 10.0       ; x86_64         ;
; Fitter               ; LAPTOP-UDQ2HGDG  ; Windows 10 ; 10.0       ; x86_64         ;
; Assembler            ; LAPTOP-UDQ2HGDG  ; Windows 10 ; 10.0       ; x86_64         ;
; Timing Analyzer      ; LAPTOP-UDQ2HGDG  ; Windows 10 ; 10.0       ; x86_64         ;
+----------------------+------------------+------------+------------+----------------+


------------
; Flow Log ;
------------
quartus_map --read_settings_files=on --write_settings_files=off eindopdracht-nios -c eindopdracht-nios
quartus_fit --read_settings_files=off --write_settings_files=off eindopdracht-nios -c eindopdracht-nios
quartus_asm --read_settings_files=off --write_settings_files=off eindopdracht-nios -c eindopdracht-nios
quartus_sta eindopdracht-nios -c eindopdracht-nios



