Archive member included to satisfy reference by file (symbol)

../week_4_4_6_bsp/\libhal_bsp.a(alt_load.o)
                              ../week_4_4_6_bsp//obj/HAL/src/crt0.o (alt_load)
../week_4_4_6_bsp/\libhal_bsp.a(alt_main.o)
                              ../week_4_4_6_bsp//obj/HAL/src/crt0.o (alt_main)
../week_4_4_6_bsp/\libhal_bsp.a(alt_printf.o)
                              obj/default/audio.o (alt_printf)
../week_4_4_6_bsp/\libhal_bsp.a(alt_putchar.o)
                              ../week_4_4_6_bsp/\libhal_bsp.a(alt_printf.o) (alt_putchar)
../week_4_4_6_bsp/\libhal_bsp.a(alt_sys_init.o)
                              ../week_4_4_6_bsp/\libhal_bsp.a(alt_main.o) (alt_irq_init)
../week_4_4_6_bsp/\libhal_bsp.a(altera_avalon_jtag_uart_fd.o)
                              ../week_4_4_6_bsp/\libhal_bsp.a(alt_sys_init.o) (altera_avalon_jtag_uart_read_fd)
../week_4_4_6_bsp/\libhal_bsp.a(altera_avalon_jtag_uart_init.o)
                              ../week_4_4_6_bsp/\libhal_bsp.a(alt_sys_init.o) (altera_avalon_jtag_uart_init)
../week_4_4_6_bsp/\libhal_bsp.a(altera_avalon_jtag_uart_ioctl.o)
                              ../week_4_4_6_bsp/\libhal_bsp.a(altera_avalon_jtag_uart_fd.o) (altera_avalon_jtag_uart_ioctl)
../week_4_4_6_bsp/\libhal_bsp.a(altera_avalon_jtag_uart_read.o)
                              ../week_4_4_6_bsp/\libhal_bsp.a(altera_avalon_jtag_uart_fd.o) (altera_avalon_jtag_uart_read)
../week_4_4_6_bsp/\libhal_bsp.a(altera_avalon_jtag_uart_write.o)
                              ../week_4_4_6_bsp/\libhal_bsp.a(altera_avalon_jtag_uart_fd.o) (altera_avalon_jtag_uart_write)
../week_4_4_6_bsp/\libhal_bsp.a(altera_avalon_performance_counter.o)
                              obj/default/audio.o (alt_get_cpu_freq)
../week_4_4_6_bsp/\libhal_bsp.a(altera_up_avalon_audio.o)
                              obj/default/audio.o (alt_up_audio_open_dev)
../week_4_4_6_bsp/\libhal_bsp.a(altera_up_avalon_audio_and_video_config.o)
                              obj/default/audio.o (alt_up_av_config_open_dev)
../week_4_4_6_bsp/\libhal_bsp.a(perf_print_formatted_report.o)
                              obj/default/audio.o (perf_print_formatted_report)
../week_4_4_6_bsp/\libhal_bsp.a(alt_alarm_start.o)
                              ../week_4_4_6_bsp/\libhal_bsp.a(altera_avalon_jtag_uart_init.o) (alt_alarm_start)
../week_4_4_6_bsp/\libhal_bsp.a(alt_close.o)
                              ../week_4_4_6_bsp/\libhal_bsp.a(alt_main.o) (close)
../week_4_4_6_bsp/\libhal_bsp.a(alt_dcache_flush_all.o)
                              ../week_4_4_6_bsp/\libhal_bsp.a(alt_load.o) (alt_dcache_flush_all)
../week_4_4_6_bsp/\libhal_bsp.a(alt_dev.o)
                              ../week_4_4_6_bsp/\libhal_bsp.a(alt_sys_init.o) (alt_dev_list)
../week_4_4_6_bsp/\libhal_bsp.a(alt_dev_llist_insert.o)
                              ../week_4_4_6_bsp/\libhal_bsp.a(alt_sys_init.o) (alt_dev_llist_insert)
../week_4_4_6_bsp/\libhal_bsp.a(alt_do_ctors.o)
                              ../week_4_4_6_bsp/\libhal_bsp.a(alt_main.o) (_do_ctors)
../week_4_4_6_bsp/\libhal_bsp.a(alt_do_dtors.o)
                              ../week_4_4_6_bsp/\libhal_bsp.a(alt_main.o) (_do_dtors)
../week_4_4_6_bsp/\libhal_bsp.a(alt_errno.o)
                              ../week_4_4_6_bsp/\libhal_bsp.a(alt_close.o) (alt_errno)
../week_4_4_6_bsp/\libhal_bsp.a(alt_find_dev.o)
                              ../week_4_4_6_bsp/\libhal_bsp.a(altera_up_avalon_audio.o) (alt_find_dev)
../week_4_4_6_bsp/\libhal_bsp.a(alt_icache_flush_all.o)
                              ../week_4_4_6_bsp/\libhal_bsp.a(alt_load.o) (alt_icache_flush_all)
../week_4_4_6_bsp/\libhal_bsp.a(alt_io_redirect.o)
                              ../week_4_4_6_bsp/\libhal_bsp.a(alt_main.o) (alt_io_redirect)
../week_4_4_6_bsp/\libhal_bsp.a(alt_irq_register.o)
                              ../week_4_4_6_bsp/\libhal_bsp.a(altera_avalon_jtag_uart_init.o) (alt_irq_register)
../week_4_4_6_bsp/\libhal_bsp.a(alt_irq_vars.o)
                              ../week_4_4_6_bsp/\libhal_bsp.a(alt_irq_register.o) (alt_irq_active)
../week_4_4_6_bsp/\libhal_bsp.a(alt_open.o)
                              ../week_4_4_6_bsp/\libhal_bsp.a(alt_io_redirect.o) (open)
../week_4_4_6_bsp/\libhal_bsp.a(alt_release_fd.o)
                              ../week_4_4_6_bsp/\libhal_bsp.a(alt_close.o) (alt_release_fd)
../week_4_4_6_bsp/\libhal_bsp.a(alt_tick.o)
                              ../week_4_4_6_bsp/\libhal_bsp.a(altera_avalon_jtag_uart_init.o) (_alt_tick_rate)
../week_4_4_6_bsp/\libhal_bsp.a(altera_nios2_gen2_irq.o)
                              ../week_4_4_6_bsp/\libhal_bsp.a(alt_sys_init.o) (altera_nios2_gen2_irq_init)
../week_4_4_6_bsp/\libhal_bsp.a(alt_find_file.o)
                              ../week_4_4_6_bsp/\libhal_bsp.a(alt_open.o) (alt_find_file)
../week_4_4_6_bsp/\libhal_bsp.a(alt_get_fd.o)
                              ../week_4_4_6_bsp/\libhal_bsp.a(alt_open.o) (alt_get_fd)
../week_4_4_6_bsp/\libhal_bsp.a(alt_icache_flush.o)
[...]
Memory Configuration

Name             Origin             Length             Attributes
reset            0x0000000000020000 0x0000000000000020
onchip_memory2_0 0x0000000000020020 0x000000000001ffe0
*default*        0x0000000000000000 0xffffffffffffffff

Linker script and memory map

LOAD ../week_4_4_6_bsp//obj/HAL/src/crt0.o
LOAD obj/default/audio.o
LOAD c:/intelfpga_lite/18.1/nios2eds/bin/gnu/h-x86_64-mingw32/bin/../lib/gcc/nios2-elf/5.3.0/../../../../../H-x86_64-mingw32/nios2-elf/lib\libstdc++.a
LOAD c:/intelfpga_lite/18.1/nios2eds/bin/gnu/h-x86_64-mingw32/bin/../lib/gcc/nios2-elf/5.3.0/../../../../../H-x86_64-mingw32/nios2-elf/lib\libm.a
LOAD c:/intelfpga_lite/18.1/nios2eds/bin/gnu/h-x86_64-mingw32/bin/../lib/gcc/nios2-elf/5.3.0\libgcc.a
START GROUP
LOAD c:/intelfpga_lite/18.1/nios2eds/bin/gnu/h-x86_64-mingw32/bin/../lib/gcc/nios2-elf/5.3.0/../../../../../H-x86_64-mingw32/nios2-elf/lib\libc.a
LOAD c:/intelfpga_lite/18.1/nios2eds/bin/gnu/h-x86_64-mingw32/bin/../lib/gcc/nios2-elf/5.3.0\libgcc.a
LOAD ../week_4_4_6_bsp/\libhal_bsp.a
LOAD c:/intelfpga_lite/18.1/nios2eds/bin/gnu/h-x86_64-mingw32/bin/../lib/gcc/nios2-elf/5.3.0/../../../../../H-x86_64-mingw32/nios2-elf/lib\libm.a
END GROUP
LOAD c:/intelfpga_lite/18.1/nios2eds/bin/gnu/h-x86_64-mingw32/bin/../lib/gcc/nios2-elf/5.3.0\libgcc.a
                0x0000000000020000                __alt_mem_onchip_memory2_0 = 0x20000

.entry          0x0000000000020000       0x20
 *(.entry)
 .entry         0x0000000000020000       0x20 ../week_4_4_6_bsp//obj/HAL/src/crt0.o
                0x0000000000020000                __reset

.exceptions     0x0000000000020020      0x228
                0x0000000000020020                PROVIDE (__ram_exceptions_start, ABSOLUTE (.))
                0x0000000000020020                . = ALIGN (0x20)
 *(.irq)
 *(.exceptions.entry.label)
 .exceptions.entry.label
                0x0000000000020020        0x0 ../week_4_4_6_bsp/\libhal_bsp.a(alt_irq_entry.o)
                0x0000000000020020                alt_irq_entry
 .exceptions.entry.label
                0x0000000000020020        0x0 ../week_4_4_6_bsp/\libhal_bsp.a(alt_exception_entry.o)
                0x0000000000020020                alt_exception
 *(.exceptions.entry.user)
 *(.exceptions.entry.ecc_fatal)
 *(.exceptions.entry)
 .exceptions.entry
                0x0000000000020020       0x54 ../week_4_4_6_bsp/\libhal_bsp.a(alt_exception_entry.o)
 *(.exceptions.irqtest.user)
 *(.exceptions.irqtest)
 .exceptions.irqtest
                0x0000000000020074       0x10 ../week_4_4_6_bsp/\libhal_bsp.a(alt_irq_entry.o)
 *(.exceptions.irqhandler.user)
 *(.exceptions.irqhandler)
 .exceptions.irqhandler
                0x0000000000020084        0x4 ../week_4_4_6_bsp/\libhal_bsp.a(alt_irq_entry.o)
 *(.exceptions.irqreturn.user)
 *(.exceptions.irqreturn)
 .exceptions.irqreturn
                0x0000000000020088        0x4 ../week_4_4_6_bsp/\libhal_bsp.a(alt_irq_entry.o)
 *(.exceptions.notirq.label)
 .exceptions.notirq.label
                0x000000000002008c        0x0 ../week_4_4_6_bsp/\libhal_bsp.a(alt_irq_entry.o)
 *(.exceptions.notirq.user)
 *(.exceptions.notirq)
 .exceptions.notirq
                0x000000000002008c        0x8 ../week_4_4_6_bsp/\libhal_bsp.a(alt_exception_entry.o)
 *(.exceptions.soft.user)
 *(.exceptions.soft)
 *(.exceptions.unknown.user)
 *(.exceptions.unknown)
 .exceptions.unknown
                0x0000000000020094       0x14 ../week_4_4_6_bsp/\libhal_bsp.a(alt_exception_entry.o)
 *(.exceptions.exit.label)
 .exceptions.exit.label
                0x00000000000200a8        0x0 ../week_4_4_6_bsp/\libhal_bsp.a(alt_irq_entry.o)
 .exceptions.exit.label
                0x00000000000200a8        0x0 ../week_4_4_6_bsp/\libhal_bsp.a(alt_exception_entry.o)
 *(.exceptions.exit.user)
 *(.exceptions.exit)
 .exceptions.exit
                0x00000000000200a8       0x54 ../week_4_4_6_bsp/\libhal_bsp.a(alt_exception_entry.o)
 *(.exceptions)
 .exceptions    0x00000000000200fc       0xd8 ../week_4_4_6_bsp/\libhal_bsp.a(alt_irq_handler.o)
                0x00000000000200fc                alt_irq_handler
 .exceptions    0x00000000000201d4       0x74 ../week_4_4_6_bsp/\libhal_bsp.a(alt_instruction_exception_entry.o)
                0x00000000000201d4                alt_instruction_exception_entry
                0x0000000000020248                PROVIDE (__ram_exceptions_end, ABSOLUTE (.))
                0x0000000000020020                PROVIDE (__flash_exceptions_start, LOADADDR (.exceptions))

.text           0x0000000000020248    0x10830
                [!provide]                        PROVIDE (stext, ABSOLUTE (.))
 *(.interp)
 *(.hash)
 *(.dynsym)
 *(.dynstr)
 *(.gnu.version)
 *(.gnu.version_d)
 *(.gnu.version_r)
 *(.rel.init)
 *(.rela.init)
 *(.rel.text .rel.text.* .rel.gnu.linkonce.t.*)
 *(.rela.text .rela.text.* .rela.gnu.linkonce.t.*)
 *(.rel.fini)
 *(.rela.fini)
 *(.rel.rodata .rel.rodata.* .rel.gnu.linkonce.r.*)
 *(.rela.rodata .rela.rodata.* .rela.gnu.linkonce.r.*)
 *(.rel.data .rel.data.* .rel.gnu.linkonce.d.*)
 *(.rela.data .rela.data.* .rela.gnu.linkonce.d.*)
 *(.rel.tdata .rel.tdata.* .rel.gnu.linkonce.td.*)
 *(.rela.tdata .rela.tdata.* .rela.gnu.linkonce.td.*)
 *(.rel.tbss .rel.tbss.* .rel.gnu.linkonce.tb.*)
 *(.rela.tbss .rela.tbss.* .rela.gnu.linkonce.tb.*)
 *(.rel.ctors)
 *(.rela.ctors)
 *(.rel.dtors)
 *(.rela.dtors)
 *(.rel.got)
 *(.rela.got)
 *(.rel.sdata .rel.sdata.* .rel.gnu.linkonce.s.*)
 *(.rela.sdata .rela.sdata.* .rela.gnu.linkonce.s.*)
 *(.rel.sbss .rel.sbss.* .rel.gnu.linkonce.sb.*)
 *(.rela.sbss .rela.sbss.* .rela.gnu.linkonce.sb.*)
 *(.rel.sdata2 .rel.sdata2.* .rel.gnu.linkonce.s2.*)
 *(.rela.sdata2 .rela.sdata2.* .rela.gnu.linkonce.s2.*)
 *(.rel.sbss2 .rel.sbss2.* .rel.gnu.linkonce.sb2.*)
 *(.rela.sbss2 .rela.sbss2.* .rela.gnu.linkonce.sb2.*)
 *(.rel.bss .rel.bss.* .rel.gnu.linkonce.b.*)
 *(.rela.bss .rela.bss.* .rela.gnu.linkonce.b.*)
 *(.rel.plt)
 *(.rela.plt)
 *(.rel.dyn)
 *(.init)
 *(.plt)
 *(.text .stub .text.* .gnu.linkonce.t.*)
 .text          0x0000000000020248       0x4c ../week_4_4_6_bsp//obj/HAL/src/crt0.o
                0x0000000000020248                _start
 .text          0x0000000000020294      0x300 obj/default/audio.o
                0x0000000000020294                main
 .text          0x0000000000020594       0xec ../week_4_4_6_bsp/\libhal_bsp.a(alt_load.o)
                0x00000000000205fc                alt_load
 .text          0x0000000000020680       0x7c ../week_4_4_6_bsp/\libhal_bsp.a(alt_main.o)
                0x0000000000020680                alt_main
 .text          0x00000000000206fc      0x22c ../week_4_4_6_bsp/\libhal_bsp.a(alt_printf.o)
                0x00000000000206fc                alt_printf
 .text          0x0000000000020928       0x3c ../week_4_4_6_bsp/\libhal_bsp.a(alt_putchar.o)
                0x0000000000020928                alt_putchar
 .text          0x0000000000020964       0xe0 ../week_4_4_6_bsp/\libhal_bsp.a(alt_sys_init.o)
                0x0000000000020998                alt_irq_init
                0x00000000000209d0                alt_sys_init
 .text          0x0000000000020a44      0x164 ../week_4_4_6_bsp/\libhal_bsp.a(altera_avalon_jtag_uart_fd.o)
                0x0000000000020a44                altera_avalon_jtag_uart_read_fd
                0x0000000000020aa4                altera_avalon_jtag_uart_write_fd
                0x0000000000020b04                altera_avalon_jtag_uart_close_fd
                0x0000000000020b54                altera_avalon_jtag_uart_ioctl_fd
 .text          0x0000000000020ba8      0x3cc ../week_4_4_6_bsp/\libhal_bsp.a(altera_avalon_jtag_uart_init.o)
                0x0000000000020ba8                altera_avalon_jtag_uart_init
                0x0000000000020f0c                altera_avalon_jtag_uart_close
 .text          0x0000000000020f74       0xf0 ../week_4_4_6_bsp/\libhal_bsp.a(altera_avalon_jtag_uart_ioctl.o)
                0x0000000000020f74                altera_avalon_jtag_uart_ioctl
 .text          0x0000000000021064      0x21c ../week_4_4_6_bsp/\libhal_bsp.a(altera_avalon_jtag_uart_read.o)
                0x0000000000021064                altera_avalon_jtag_uart_read
 .text          0x0000000000021280      0x224 ../week_4_4_6_bsp/\libhal_bsp.a(altera_avalon_jtag_uart_write.o)
                0x0000000000021280                altera_avalon_jtag_uart_write
 .text          0x00000000000214a4      0x190 ../week_4_4_6_bsp/\libhal_bsp.a(altera_avalon_performance_counter.o)
                0x00000000000214a4                perf_get_section_time
                0x0000000000021560                perf_get_total_time
                0x00000000000215ac                perf_get_num_starts
                0x00000000000215ec                alt_get_performance_counter_base
                0x0000000000021610                alt_get_cpu_freq
 .text          0x0000000000021634      0x7a8 ../week_4_4_6_bsp/\libhal_bsp.a(altera_up_avalon_audio.o)
                0x0000000000021634                alt_up_audio_open_dev
                0x0000000000021670                alt_up_audio_enable_read_interrupt
                0x00000000000216c4                alt_up_audio_disable_read_interrupt
                0x000000000002171c                alt_up_audio_enable_write_interrupt
                0x0000000000021770                alt_up_audio_disable_write_interrupt
                0x00000000000217c8                alt_up_audio_read_interrupt_pending
                0x0000000000021808                alt_up_audio_write_interrupt_pending
                0x0000000000021848                alt_up_audio_reset_audio_core
                0x00000000000218dc                alt_up_audio_read_fifo_avail
                0x000000000002193c                alt_up_audio_record_r
                0x00000000000219a4                alt_up_audio_record_l
                0x0000000000021a0c                alt_up_audio_write_fifo_space
                0x0000000000021a6c                alt_up_audio_play_r
                0x0000000000021ad4                alt_up_audio_play_l
                0x0000000000021b3c                alt_up_audio_read_fifo
                0x0000000000021c1c                alt_up_audio_write_fifo
                0x0000000000021d24                alt_up_audio_read_fifo_head
                0x0000000000021d74                alt_up_audio_write_fifo_head
 .text          0x0000000000021ddc      0x6fc ../week_4_4_6_bsp/\libhal_bsp.a(altera_up_avalon_audio_and_video_config.o)
                0x0000000000021ddc                alt_up_av_config_open_dev
                0x0000000000021e3c                alt_up_av_config_write_data
                0x0000000000021ea0                alt_up_av_config_read_data
                0x0000000000021f20                alt_up_av_config_reset
                0x0000000000021f58                alt_up_av_config_enable_interrupt
                0x0000000000021f90                alt_up_av_config_disable_interrupt
                0x0000000000021fc4                alt_up_av_config_read_acknowledge
                0x000000000002201c                alt_up_av_config_read_ready
                0x0000000000022054                alt_up_av_config_write_audio_cfg_register
                0x00000000000220f8                alt_up_av_config_read_video_cfg_register
                0x00000000000221e0                alt_up_av_config_write_video_cfg_register
                0x00000000000222c8                alt_up_av_config_read_DC2_cfg_register
                0x0000000000022320                alt_up_av_config_write_DC2_cfg_register
                0x0000000000022378                alt_up_av_config_read_D5M_cfg_register
                0x00000000000223d0                alt_up_av_config_write_D5M_cfg_register
                0x0000000000022428                alt_up_av_config_read_LTM_cfg_register
                0x0000000000022480                alt_up_av_config_write_LTM_cfg_register
 .text          0x00000000000224d8      0x280 ../week_4_4_6_bsp/\libhal_bsp.a(perf_print_formatted_report.o)
                0x00000000000224d8                perf_print_formatted_report
 .text          0x0000000000022758      0x12c ../week_4_4_6_bsp/\libhal_bsp.a(alt_alarm_start.o)
                0x0000000000022758                alt_alarm_start
 .text          0x0000000000022884      0x10c ../week_4_4_6_bsp/\libhal_bsp.a(alt_close.o)
                0x00000000000228c0                close
 .text          0x0000000000022990       0x48 ../week_4_4_6_bsp/\libhal_bsp.a(alt_dcache_flush_all.o)
                0x0000000000022990                alt_dcache_flush_all
 .text          0x00000000000229d8       0x2c ../week_4_4_6_bsp/\libhal_bsp.a(alt_dev.o)
 .text          0x0000000000022a04       0xe0 ../week_4_4_6_bsp/\libhal_bsp.a(alt_dev_llist_insert.o)
                0x0000000000022a40                alt_dev_llist_insert
 .text          0x0000000000022ae4       0x60 ../week_4_4_6_bsp/\libhal_bsp.a(alt_do_ctors.o)
                0x0000000000022ae4                _do_ctors
 .text          0x0000000000022b44       0x60 ../week_4_4_6_bsp/\libhal_bsp.a(alt_do_dtors.o)
                0x0000000000022b44                _do_dtors
 .text          0x0000000000022ba4        0x0 ../week_4_4_6_bsp/\libhal_bsp.a(alt_errno.o)
 .text          0x0000000000022ba4       0x90 ../week_4_4_6_bsp/\libhal_bsp.a(alt_find_dev.o)
                0x0000000000022ba4                alt_find_dev
 .text          0x0000000000022c34       0x34 ../week_4_4_6_bsp/\libhal_bsp.a(alt_icache_flush_all.o)
                0x0000000000022c34                alt_icache_flush_all
 .text          0x0000000000022c68      0x140 ../week_4_4_6_bsp/\libhal_bsp.a(alt_io_redirect.o)
                0x0000000000022d2c                alt_io_redirect
 .text          0x0000000000022da8      0x180 ../week_4_4_6_bsp/\libhal_bsp.a(alt_irq_register.o)
                0x0000000000022da8                alt_irq_register
 .text          0x0000000000022f28        0x0 ../week_4_4_6_bsp/\libhal_bsp.a(alt_irq_vars.o)
 .text          0x0000000000022f28      0x254 ../week_4_4_6_bsp/\libhal_bsp.a(alt_open.o)
                0x0000000000023028                open
 .text          0x000000000002317c       0x64 ../week_4_4_6_bsp/\libhal_bsp.a(alt_release_fd.o)
                0x000000000002317c                alt_release_fd
 .text          0x00000000000231e0      0x1a4 ../week_4_4_6_bsp/\libhal_bsp.a(alt_tick.o)
                0x00000000000231e0                alt_alarm_stop
                0x000000000002327c                alt_tick
 .text          0x0000000000023384       0x24 ../week_4_4_6_bsp/\libhal_bsp.a(altera_nios2_gen2_irq.o)
                0x0000000000023384                altera_nios2_gen2_irq_init
 .text          0x00000000000233a8      0x108 ../week_4_4_6_bsp/\libhal_bsp.a(alt_find_file.o)
                0x00000000000233a8                alt_find_file
 .text          0x00000000000234b0       0xa4 ../week_4_4_6_bsp/\libhal_bsp.a(alt_get_fd.o)
                0x00000000000234b0                alt_get_fd
 .text          0x0000000000023554       0x90 ../week_4_4_6_bsp/\libhal_bsp.a(alt_icache_flush.o)
                0x0000000000023554                alt_icache_flush
 .text          0x00000000000235e4        0x0 ../week_4_4_6_bsp/\libhal_bsp.a(alt_irq_entry.o)
 .text          0x00000000000235e4        0x0 ../week_4_4_6_bsp/\libhal_bsp.a(alt_irq_handler.o)
 .text          0x00000000000235e4        0x0 ../week_4_4_6_bsp/\libhal_bsp.a(alt_exception_entry.o)
 .text          0x00000000000235e4       0x9c ../week_4_4_6_bsp/\libhal_bsp.a(alt_instruction_exception_entry.o)
                0x00000000000235e4                alt_exception_cause_generated_bad_addr
 .text          0x0000000000023680        0x0 c:/intelfpga_lite/18.1/nios2eds/bin/gnu/h-x86_64-mingw32/bin/../lib/gcc/nios2-elf/5.3.0/../../../../../H-x86_64-mingw32/nios2-elf/lib\libc.a(lib_a-atexit.o)
 .text.atexit   0x0000000000023680       0x14 c:/intelfpga_lite/18.1/nios2eds/bin/gnu/h-x86_64-mingw32/bin/../lib/gcc/nios2-elf/5.3.0/../../../../../H-x86_64-mingw32/nios2-elf/lib\libc.a(lib_a-atexit.o)
                0x0000000000023680                atexit
 .text          0x0000000000023694        0x0 c:/intelfpga_lite/18.1/nios2eds/bin/gnu/h-x86_64-mingw32/bin/../lib/gcc/nios2-elf/5.3.0/../../../../../H-x86_64-mingw32/nios2-elf/lib\libc.a(lib_a-exit.o)
 .text.exit     0x0000000000023694       0x38 c:/intelfpga_lite/18.1/nios2eds/bin/gnu/h-x86_64-mingw32/bin/../lib/gcc/nios2-elf/5.3.0/../../../../../H-x86_64-mingw32/nios2-elf/lib\libc.a(lib_a-exit.o)
                0x0000000000023694                exit
 .text          0x00000000000236cc        0x0 c:/intelfpga_lite/18.1/nios2eds/bin/gnu/h-x86_64-mingw32/bin/../lib/gcc/nios2-elf/5.3.0/../../../../../H-x86_64-mingw32/nios2-elf/lib\libc.a(lib_a-impure.o)
 .text          0x00000000000236cc        0x0 c:/intelfpga_lite/18.1/nios2eds/bin/gnu/h-x86_64-mingw32/bin/../lib/gcc/nios2-elf/5.3.0/../../../../../H-x86_64-mingw32/nios2-elf/lib\libc.a(lib_a-int_errno.o)
 .text          0x00000000000236cc        0x0 c:/intelfpga_lite/18.1/nios2eds/bin/gnu/h-x86_64-mingw32/bin/../lib/gcc/nios2-elf/5.3.0/../../../../../H-x86_64-mingw32/nios2-elf/lib\libc.a(lib_a-memcmp.o)
 .text.memcmp   0x00000000000236cc       0x7c c:/intelfpga_lite/18.1/nios2eds/bin/gnu/h-x86_64-mingw32/bin/../lib/gcc/nios2-elf/5.3.0/../../../../../H-x86_64-mingw32/nios2-elf/lib\libc.a(lib_a-memcmp.o)
                0x00000000000236cc                memcmp
 .text          0x0000000000023748        0x0 c:/intelfpga_lite/18.1/nios2eds/bin/gnu/h-x86_64-mingw32/bin/../lib/gcc/nios2-elf/5.3.0/../../../../../H-x86_64-mingw32/nios2-elf/lib\libc.a(lib_a-memcpy.o)
 .text.memcpy   0x0000000000023748      0x148 c:/intelfpga_lite/18.1/nios2eds/bin/gnu/h-x86_64-mingw32/bin/../lib/gcc/nios2-elf/5.3.0/../../../../../H-x86_64-mingw32/nios2-elf/lib\libc.a(lib_a-memcpy.o)
                0x0000000000023748                memcpy
 .text          0x0000000000023890        0x0 c:/intelfpga_lite/18.1/nios2eds/bin/gnu/h-x86_64-mingw32/bin/../lib/gcc/nios2-elf/5.3.0/../../../../../H-x86_64-mingw32/nios2-elf/lib\libc.a(lib_a-printf.o)
 .text._printf_r
                0x0000000000023890       0x30 c:/intelfpga_lite/18.1/nios2eds/bin/gnu/h-x86_64-mingw32/bin/../lib/gcc/nios2-elf/5.3.0/../../../../../H-x86_64-mingw32/nios2-elf/lib\libc.a(lib_a-printf.o)
                0x0000000000023890                _printf_r
 .text.printf   0x00000000000238c0       0x3c c:/intelfpga_lite/18.1/nios2eds/bin/gnu/h-x86_64-mingw32/bin/../lib/gcc/nios2-elf/5.3.0/../../../../../H-x86_64-mingw32/nios2-elf/lib\libc.a(lib_a-printf.o)
                0x00000000000238c0                printf
 .text          0x00000000000238fc        0x0 c:/intelfpga_lite/18.1/nios2eds/bin/gnu/h-x86_64-mingw32/bin/../lib/gcc/nios2-elf/5.3.0/../../../../../H-x86_64-mingw32/nios2-elf/lib\libc.a(lib_a-putc.o)
 .text._putc_r  0x00000000000238fc       0xa0 c:/intelfpga_lite/18.1/nios2eds/bin/gnu/h-x86_64-mingw32/bin/../lib/gcc/nios2-elf/5.3.0/../../../../../H-x86_64-mingw32/nios2-elf/lib\libc.a(lib_a-putc.o)
                0x00000000000238fc                _putc_r
 .text.putc     0x000000000002399c       0xc8 c:/intelfpga_lite/18.1/nios2eds/bin/gnu/h-x86_64-mingw32/bin/../lib/gcc/nios2-elf/5.3.0/../../../../../H-x86_64-mingw32/nios2-elf/lib\libc.a(lib_a-putc.o)
                0x000000000002399c                putc
 .text          0x0000000000023a64        0x0 c:/intelfpga_lite/18.1/nios2eds/bin/gnu/h-x86_64-mingw32/bin/../lib/gcc/nios2-elf/5.3.0/../../../../../H-x86_64-mingw32/nios2-elf/lib\libc.a(lib_a-strlen.o)
 .text.strlen   0x0000000000023a64       0x98 c:/intelfpga_lite/18.1/nios2eds/bin/gnu/h-x86_64-mingw32/bin/../lib/gcc/nios2-elf/5.3.0/../../../../../H-x86_64-mingw32/nios2-elf/lib\libc.a(lib_a-strlen.o)
                0x0000000000023a64                strlen
 .text          0x0000000000023afc        0x0 c:/intelfpga_lite/18.1/nios2eds/bin/gnu/h-x86_64-mingw32/bin/../lib/gcc/nios2-elf/5.3.0/../../../../../H-x86_64-mingw32/nios2-elf/lib\libc.a(lib_a-vfprintf.o)
 .text.___vfprintf_internal_r
                0x0000000000023afc     0x21f8 c:/intelfpga_lite/18.1/nios2eds/bin/gnu/h-x86_64-mingw32/bin/../lib/gcc/nios2-elf/5.3.0/../../../../../H-x86_64-mingw32/nios2-elf/lib\libc.a(lib_a-vfprintf.o)
                0x0000000000023afc                ___vfprintf_internal_r
 .text.__vfprintf_internal
                0x0000000000025cf4       0x1c c:/intelfpga_lite/18.1/nios2eds/bin/gnu/h-x86_64-mingw32/bin/../lib/gcc/nios2-elf/5.3.0/../../../../../H-x86_64-mingw32/nios2-elf/lib\libc.a(lib_a-vfprintf.o)
                0x0000000000025cf4                __vfprintf_internal
 .text.__sbprintf
                0x0000000000025d10       0xbc c:/intelfpga_lite/18.1/nios2eds/bin/gnu/h-x86_64-mingw32/bin/../lib/gcc/nios2-elf/5.3.0/../../../../../H-x86_64-mingw32/nios2-elf/lib\libc.a(lib_a-vfprintf.o)
 .text          0x0000000000025dcc        0x0 c:/intelfpga_lite/18.1/nios2eds/bin/gnu/h-x86_64-mingw32/bin/../lib/gcc/nios2-elf/5.3.0/../../../../../H-x86_64-mingw32/nios2-elf/lib\libc.a(lib_a-wbuf.o)
 .text.__swbuf_r
                0x0000000000025dcc      0x140 c:/intelfpga_lite/18.1/nios2eds/bin/gnu/h-x86_64-mingw32/bin/../lib/gcc/nios2-elf/5.3.0/../../../../../H-x86_64-mingw32/nios2-elf/lib\libc.a(lib_a-wbuf.o)
                0x0000000000025dcc                __swbuf_r
 .text.__swbuf  0x0000000000025f0c       0x18 c:/intelfpga_lite/18.1/nios2eds/bin/gnu/h-x86_64-mingw32/bin/../lib/gcc/nios2-elf/5.3.0/../../../../../H-x86_64-mingw32/nios2-elf/lib\libc.a(lib_a-wbuf.o)
                0x0000000000025f0c                __swbuf
 .text          0x0000000000025f24        0x0 c:/intelfpga_lite/18.1/nios2eds/bin/gnu/h-x86_64-mingw32/bin/../lib/gcc/nios2-elf/5.3.0/../../../../../H-x86_64-mingw32/nios2-elf/lib\libc.a(lib_a-wsetup.o)
 .text.__swsetup_r
                0x0000000000025f24      0x154 c:/intelfpga_lite/18.1/nios2eds/bin/gnu/h-x86_64-mingw32/bin/../lib/gcc/nios2-elf/5.3.0/../../../../../H-x86_64-mingw32/nios2-elf/lib\libc.a(lib_a-wsetup.o)
                0x0000000000025f24                __swsetup_r
 .text          0x0000000000026078        0x0 c:/intelfpga_lite/18.1/nios2eds/bin/gnu/h-x86_64-mingw32/bin/../lib/gcc/nios2-elf/5.3.0/../../../../../H-x86_64-mingw32/nios2-elf/lib\libc.a(lib_a-__atexit.o)
 .text.__register_exitproc
                0x0000000000026078      0x118 c:/intelfpga_lite/18.1/nios2eds/bin/gnu/h-x86_64-mingw32/bin/../lib/gcc/nios2-elf/5.3.0/../../../../../H-x86_64-mingw32/nios2-elf/lib\libc.a(lib_a-__atexit.o)
                0x0000000000026078                __register_exitproc
 .text          0x0000000000026190        0x0 c:/intelfpga_lite/18.1/nios2eds/bin/gnu/h-x86_64-mingw32/bin/../lib/gcc/nios2-elf/5.3.0/../../../../../H-x86_64-mingw32/nios2-elf/lib\libc.a(lib_a-__call_atexit.o)
 .text.__call_exitprocs
                0x0000000000026190      0x180 c:/intelfpga_lite/18.1/nios2eds/bin/gnu/h-x86_64-mingw32/bin/../lib/gcc/nios2-elf/5.3.0/../../../../../H-x86_64-mingw32/nios2-elf/lib\libc.a(lib_a-__call_atexit.o)
                0x0000000000026190                __call_exitprocs
 .text          0x0000000000026310        0x0 c:/intelfpga_lite/18.1/nios2eds/bin/gnu/h-x86_64-mingw32/bin/../lib/gcc/nios2-elf/5.3.0/../../../../../H-x86_64-mingw32/nios2-elf/lib\libc.a(lib_a-dtoa.o)
 .text.quorem   0x0000000000026310      0x200 c:/intelfpga_lite/18.1/nios2eds/bin/gnu/h-x86_64-mingw32/bin/../lib/gcc/nios2-elf/5.3.0/../../../../../H-x86_64-mingw32/nios2-elf/lib\libc.a(lib_a-dtoa.o)
 .text._dtoa_r  0x0000000000026510     0x1688 c:/intelfpga_lite/18.1/nios2eds/bin/gnu/h-x86_64-mingw32/bin/../lib/gcc/nios2-elf/5.3.0/../../../../../H-x86_64-mingw32/nios2-elf/lib\libc.a(lib_a-dtoa.o)
                0x0000000000026510                _dtoa_r
 .text          0x0000000000027b98        0x0 c:/intelfpga_lite/18.1/nios2eds/bin/gnu/h-x86_64-mingw32/bin/../lib/gcc/nios2-elf/5.3.0/../../../../../H-x86_64-mingw32/nios2-elf/lib\libc.a(lib_a-fflush.o)
 .text.__sflush_r
                0x0000000000027b98      0x21c c:/intelfpga_lite/18.1/nios2eds/bin/gnu/h-x86_64-mingw32/bin/../lib/gcc/nios2-elf/5.3.0/../../../../../H-x86_64-mingw32/nios2-elf/lib\libc.a(lib_a-fflush.o)
                0x0000000000027b98                __sflush_r
 .text._fflush_r
                0x0000000000027db4       0x5c c:/intelfpga_lite/18.1/nios2eds/bin/gnu/h-x86_64-mingw32/bin/../lib/gcc/nios2-elf/5.3.0/../../../../../H-x86_64-mingw32/nios2-elf/lib\libc.a(lib_a-fflush.o)
                0x0000000000027db4                _fflush_r
 .text.fflush   0x0000000000027e10       0x30 c:/intelfpga_lite/18.1/nios2eds/bin/gnu/h-x86_64-mingw32/bin/../lib/gcc/nios2-elf/5.3.0/../../../../../H-x86_64-mingw32/nios2-elf/lib\libc.a(lib_a-fflush.o)
                0x0000000000027e10                fflush
 .text          0x0000000000027e40        0x0 c:/intelfpga_lite/18.1/nios2eds/bin/gnu/h-x86_64-mingw32/bin/../lib/gcc/nios2-elf/5.3.0/../../../../../H-x86_64-mingw32/nios2-elf/lib\libc.a(lib_a-findfp.o)
 .text.__fp_unlock
                0x0000000000027e40        0x8 c:/intelfpga_lite/18.1/nios2eds/bin/gnu/h-x86_64-mingw32/bin/../lib/gcc/nios2-elf/5.3.0/../../../../../H-x86_64-mingw32/nios2-elf/lib\libc.a(lib_a-findfp.o)
 .text._cleanup_r
                0x0000000000027e48        0xc c:/intelfpga_lite/18.1/nios2eds/bin/gnu/h-x86_64-mingw32/bin/../lib/gcc/nios2-elf/5.3.0/../../../../../H-x86_64-mingw32/nios2-elf/lib\libc.a(lib_a-findfp.o)
                0x0000000000027e48                _cleanup_r
 .text.__sinit.part.1
                0x0000000000027e54      0x19c c:/intelfpga_lite/18.1/nios2eds/bin/gnu/h-x86_64-mingw32/bin/../lib/gcc/nios2-elf/5.3.0/../../../../../H-x86_64-mingw32/nios2-elf/lib\libc.a(lib_a-findfp.o)
 .text.__fp_lock
                0x0000000000027ff0        0x8 c:/intelfpga_lite/18.1/nios2eds/bin/gnu/h-x86_64-mingw32/bin/../lib/gcc/nios2-elf/5.3.0/../../../../../H-x86_64-mingw32/nios2-elf/lib\libc.a(lib_a-findfp.o)
 .text.__sfmoreglue
                0x0000000000027ff8       0x68 c:/intelfpga_lite/18.1/nios2eds/bin/gnu/h-x86_64-mingw32/bin/../lib/gcc/nios2-elf/5.3.0/../../../../../H-x86_64-mingw32/nios2-elf/lib\libc.a(lib_a-findfp.o)
                0x0000000000027ff8                __sfmoreglue
 .text.__sfp    0x0000000000028060      0x118 c:/intelfpga_lite/18.1/nios2eds/bin/gnu/h-x86_64-mingw32/bin/../lib/gcc/nios2-elf/5.3.0/../../../../../H-x86_64-mingw32/nios2-elf/lib\libc.a(lib_a-findfp.o)
                0x0000000000028060                __sfp
 .text._cleanup
                0x0000000000028178       0x18 c:/intelfpga_lite/18.1/nios2eds/bin/gnu/h-x86_64-mingw32/bin/../lib/gcc/nios2-elf/5.3.0/../../../../../H-x86_64-mingw32/nios2-elf/lib\libc.a(lib_a-findfp.o)
                0x0000000000028178                _cleanup
 .text.__sinit  0x0000000000028190       0x10 c:/intelfpga_lite/18.1/nios2eds/bin/gnu/h-x86_64-mingw32/bin/../lib/gcc/nios2-elf/5.3.0/../../../../../H-x86_64-mingw32/nios2-elf/lib\libc.a(lib_a-findfp.o)
                0x0000000000028190                __sinit
 .text.__sfp_lock_acquire
                0x00000000000281a0        0x4 c:/intelfpga_lite/18.1/nios2eds/bin/gnu/h-x86_64-mingw32/bin/../lib/gcc/nios2-elf/5.3.0/../../../../../H-x86_64-mingw32/nios2-elf/lib\libc.a(lib_a-findfp.o)
                0x00000000000281a0                __sfp_lock_acquire
 .text.__sfp_lock_release
                0x00000000000281a4        0x4 c:/intelfpga_lite/18.1/nios2eds/bin/gnu/h-x86_64-mingw32/bin/../lib/gcc/nios2-elf/5.3.0/../../../../../H-x86_64-mingw32/nios2-elf/lib\libc.a(lib_a-findfp.o)
                0x00000000000281a4                __sfp_lock_release
 .text.__sinit_lock_acquire
                0x00000000000281a8        0x4 c:/intelfpga_lite/18.1/nios2eds/bin/gnu/h-x86_64-mingw32/bin/../lib/gcc/nios2-elf/5.3.0/../../../../../H-x86_64-mingw32/nios2-elf/lib\libc.a(lib_a-findfp.o)
                0x00000000000281a8                __sinit_lock_acquire
 .text.__sinit_lock_release
                0x00000000000281ac        0x4 c:/intelfpga_lite/18.1/nios2eds/bin/gnu/h-x86_64-mingw32/bin/../lib/gcc/nios2-elf/5.3.0/../../../../../H-x86_64-mingw32/nios2-elf/lib\libc.a(lib_a-findfp.o)
                0x00000000000281ac                __sinit_lock_release
 .text.__fp_lock_all
                0x00000000000281b0       0x18 c:/intelfpga_lite/18.1/nios2eds/bin/gnu/h-x86_64-mingw32/bin/../lib/gcc/nios2-elf/5.3.0/../../../../../H-x86_64-mingw32/nios2-elf/lib\libc.a(lib_a-findfp.o)
                0x00000000000281b0                __fp_lock_all
 .text.__fp_unlock_all
                0x00000000000281c8       0x18 c:/intelfpga_lite/18.1/nios2eds/bin/gnu/h-x86_64-mingw32/bin/../lib/gcc/nios2-elf/5.3.0/../../../../../H-x86_64-mingw32/nios2-elf/lib\libc.a(lib_a-findfp.o)
                0x00000000000281c8                __fp_unlock_all
 .text          0x00000000000281e0        0x0 c:/intelfpga_lite/18.1/nios2eds/bin/gnu/h-x86_64-mingw32/bin/../lib/gcc/nios2-elf/5.3.0/../../../../../H-x86_64-mingw32/nios2-elf/lib\libc.a(lib_a-freer.o)
 .text._malloc_trim_r
                0x00000000000281e0      0x124 c:/intelfpga_lite/18.1/nios2eds/bin/gnu/h-x86_64-mingw32/bin/../lib/gcc/nios2-elf/5.3.0/../../../../../H-x86_64-mingw32/nios2-elf/lib\libc.a(lib_a-freer.o)
                0x00000000000281e0                _malloc_trim_r
 .text._free_r  0x0000000000028304      0x310 c:/intelfpga_lite/18.1/nios2eds/bin/gnu/h-x86_64-mingw32/bin/../lib/gcc/nios2-elf/5.3.0/../../../../../H-x86_64-mingw32/nios2-elf/lib\libc.a(lib_a-freer.o)
                0x0000000000028304                _free_r
 .text          0x0000000000028614        0x0 c:/intelfpga_lite/18.1/nios2eds/bin/gnu/h-x86_64-mingw32/bin/../lib/gcc/nios2-elf/5.3.0/../../../../../H-x86_64-mingw32/nios2-elf/lib\libc.a(lib_a-fwalk.o)
 .text._fwalk   0x0000000000028614       0xc4 c:/intelfpga_lite/18.1/nios2eds/bin/gnu/h-x86_64-mingw32/bin/../lib/gcc/nios2-elf/5.3.0/../../../../../H-x86_64-mingw32/nios2-elf/lib\libc.a(lib_a-fwalk.o)
                0x0000000000028614                _fwalk
 .text._fwalk_reent
                0x00000000000286d8       0xc4 c:/intelfpga_lite/18.1/nios2eds/bin/gnu/h-x86_64-mingw32/bin/../lib/gcc/nios2-elf/5.3.0/../../../../../H-x86_64-mingw32/nios2-elf/lib\libc.a(lib_a-fwalk.o)
                0x00000000000286d8                _fwalk_reent
 .text          0x000000000002879c        0x0 c:/intelfpga_lite/18.1/nios2eds/bin/gnu/h-x86_64-mingw32/bin/../lib/gcc/nios2-elf/5.3.0/../../../../../H-x86_64-mingw32/nios2-elf/lib\libc.a(lib_a-locale.o)
 .text._setlocale_r
                0x000000000002879c       0x7c c:/intelfpga_lite/18.1/nios2eds/bin/gnu/h-x86_64-mingw32/bin/../lib/gcc/nios2-elf/5.3.0/../../../../../H-x86_64-mingw32/nios2-elf/lib\libc.a(lib_a-locale.o)
                0x000000000002879c                _setlocale_r
 .text.__locale_charset
                0x0000000000028818        0xc c:/intelfpga_lite/18.1/nios2eds/bin/gnu/h-x86_64-mingw32/bin/../lib/gcc/nios2-elf/5.3.0/../../../../../H-x86_64-mingw32/nios2-elf/lib\libc.a(lib_a-locale.o)
                0x0000000000028818                __locale_charset
 .text.__locale_mb_cur_max
                0x0000000000028824       0x10 c:/intelfpga_lite/18.1/nios2eds/bin/gnu/h-x86_64-mingw32/bin/../lib/gcc/nios2-elf/5.3.0/../../../../../H-x86_64-mingw32/nios2-elf/lib\libc.a(lib_a-locale.o)
                0x0000000000028824                __locale_mb_cur_max
 .text.__locale_msgcharset
                0x0000000000028834        0xc c:/intelfpga_lite/18.1/nios2eds/bin/gnu/h-x86_64-mingw32/bin/../lib/gcc/nios2-elf/5.3.0/../../../../../H-x86_64-mingw32/nios2-elf/lib\libc.a(lib_a-locale.o)
                0x0000000000028834                __locale_msgcharset
 .text.__locale_cjk_lang
                0x0000000000028840        0x8 c:/intelfpga_lite/18.1/nios2eds/bin/gnu/h-x86_64-mingw32/bin/../lib/gcc/nios2-elf/5.3.0/../../../../../H-x86_64-mingw32/nios2-elf/lib\libc.a(lib_a-locale.o)
                0x0000000000028840                __locale_cjk_lang
 .text._localeconv_r
                0x0000000000028848        0xc c:/intelfpga_lite/18.1/nios2eds/bin/gnu/h-x86_64-mingw32/bin/../lib/gcc/nios2-elf/5.3.0/../../../../../H-x86_64-mingw32/nios2-elf/lib\libc.a(lib_a-locale.o)
                0x0000000000028848                _localeconv_r
 .text.setlocale
                0x0000000000028854       0x18 c:/intelfpga_lite/18.1/nios2eds/bin/gnu/h-x86_64-mingw32/bin/../lib/gcc/nios2-elf/5.3.0/../../../../../H-x86_64-mingw32/nios2-elf/lib\libc.a(lib_a-locale.o)
                0x0000000000028854                setlocale
 .text.localeconv
                0x000000000002886c        0xc c:/intelfpga_lite/18.1/nios2eds/bin/gnu/h-x86_64-mingw32/bin/../lib/gcc/nios2-elf/5.3.0/../../../../../H-x86_64-mingw32/nios2-elf/lib\libc.a(lib_a-locale.o)
                0x000000000002886c                localeconv
 .text          0x0000000000028878        0x0 c:/intelfpga_lite/18.1/nios2eds/bin/gnu/h-x86_64-mingw32/bin/../lib/gcc/nios2-elf/5.3.0/../../../../../H-x86_64-mingw32/nios2-elf/lib\libc.a(lib_a-makebuf.o)
 .text.__smakebuf_r
                0x0000000000028878      0x1bc c:/intelfpga_lite/18.1/nios2eds/bin/gnu/h-x86_64-mingw32/bin/../lib/gcc/nios2-elf/5.3.0/../../../../../H-x86_64-mingw32/nios2-elf/lib\libc.a(lib_a-makebuf.o)
                0x0000000000028878                __smakebuf_r
 .text          0x0000000000028a34        0x0 c:/intelfpga_lite/18.1/nios2eds/bin/gnu/h-x86_64-mingw32/bin/../lib/gcc/nios2-elf/5.3.0/../../../../../H-x86_64-mingw32/nios2-elf/lib\libc.a(lib_a-mallocr.o)
 .text._malloc_r
                0x0000000000028a34      0x80c c:/intelfpga_lite/18.1/nios2eds/bin/gnu/h-x86_64-mingw32/bin/../lib/gcc/nios2-elf/5.3.0/../../../../../H-x86_64-mingw32/nios2-elf/lib\libc.a(lib_a-mallocr.o)
                0x0000000000028a34                _malloc_r
 .text          0x0000000000029240        0x0 c:/intelfpga_lite/18.1/nios2eds/bin/gnu/h-x86_64-mingw32/bin/../lib/gcc/nios2-elf/5.3.0/../../../../../H-x86_64-mingw32/nios2-elf/lib\libc.a(lib_a-memchr.o)
 .text.memchr   0x0000000000029240       0xe4 c:/intelfpga_lite/18.1/nios2eds/bin/gnu/h-x86_64-mingw32/bin/../lib/gcc/nios2-elf/5.3.0/../../../../../H-x86_64-mingw32/nios2-elf/lib\libc.a(lib_a-memchr.o)
                0x0000000000029240                memchr
 .text          0x0000000000029324        0x0 c:/intelfpga_lite/18.1/nios2eds/bin/gnu/h-x86_64-mingw32/bin/../lib/gcc/nios2-elf/5.3.0/../../../../../H-x86_64-mingw32/nios2-elf/lib\libc.a(lib_a-memset.o)
 .text.memset   0x0000000000029324      0x128 c:/intelfpga_lite/18.1/nios2eds/bin/gnu/h-x86_64-mingw32/bin/../lib/gcc/nios2-elf/5.3.0/../../../../../H-x86_64-mingw32/nios2-elf/lib\libc.a(lib_a-memset.o)
                0x0000000000029324                memset
 .text          0x000000000002944c        0x0 c:/intelfpga_lite/18.1/nios2eds/bin/gnu/h-x86_64-mingw32/bin/../lib/gcc/nios2-elf/5.3.0/../../../../../H-x86_64-mingw32/nios2-elf/lib\libc.a(lib_a-mprec.o)
 .text._Balloc  0x000000000002944c       0xa8 c:/intelfpga_lite/18.1/nios2eds/bin/gnu/h-x86_64-mingw32/bin/../lib/gcc/nios2-elf/5.3.0/../../../../../H-x86_64-mingw32/nios2-elf/lib\libc.a(lib_a-mprec.o)
                0x000000000002944c                _Balloc
 .text._Bfree   0x00000000000294f4       0x28 c:/intelfpga_lite/18.1/nios2eds/bin/gnu/h-x86_64-mingw32/bin/../lib/gcc/nios2-elf/5.3.0/../../../../../H-x86_64-mingw32/nios2-elf/lib\libc.a(lib_a-mprec.o)
                0x00000000000294f4                _Bfree
 .text.__multadd
                0x000000000002951c      0x120 c:/intelfpga_lite/18.1/nios2eds/bin/gnu/h-x86_64-mingw32/bin/../lib/gcc/nios2-elf/5.3.0/../../../../../H-x86_64-mingw32/nios2-elf/lib\libc.a(lib_a-mprec.o)
                0x000000000002951c                __multadd
 .text.__s2b    0x000000000002963c      0x104 c:/intelfpga_lite/18.1/nios2eds/bin/gnu/h-x86_64-mingw32/bin/../lib/gcc/nios2-elf/5.3.0/../../../../../H-x86_64-mingw32/nios2-elf/lib\libc.a(lib_a-mprec.o)
                0x000000000002963c                __s2b
 .text.__hi0bits
                0x0000000000029740       0x68 c:/intelfpga_lite/18.1/nios2eds/bin/gnu/h-x86_64-mingw32/bin/../lib/gcc/nios2-elf/5.3.0/../../../../../H-x86_64-mingw32/nios2-elf/lib\libc.a(lib_a-mprec.o)
                0x0000000000029740                __hi0bits
 .text.__lo0bits
                0x00000000000297a8       0xb0 c:/intelfpga_lite/18.1/nios2eds/bin/gnu/h-x86_64-mingw32/bin/../lib/gcc/nios2-elf/5.3.0/../../../../../H-x86_64-mingw32/nios2-elf/lib\libc.a(lib_a-mprec.o)
                0x00000000000297a8                __lo0bits
 .text.__i2b    0x0000000000029858       0x3c c:/intelfpga_lite/18.1/nios2eds/bin/gnu/h-x86_64-mingw32/bin/../lib/gcc/nios2-elf/5.3.0/../../../../../H-x86_64-mingw32/nios2-elf/lib\libc.a(lib_a-mprec.o)
                0x0000000000029858                __i2b
 .text.__multiply
                0x0000000000029894      0x1f8 c:/intelfpga_lite/18.1/nios2eds/bin/gnu/h-x86_64-mingw32/bin/../lib/gcc/nios2-elf/5.3.0/../../../../../H-x86_64-mingw32/nios2-elf/lib\libc.a(lib_a-mprec.o)
                0x0000000000029894                __multiply
 .text.__pow5mult
                0x0000000000029a8c      0x140 c:/intelfpga_lite/18.1/nios2eds/bin/gnu/h-x86_64-mingw32/bin/../lib/gcc/nios2-elf/5.3.0/../../../../../H-x86_64-mingw32/nios2-elf/lib\libc.a(lib_a-mprec.o)
                0x0000000000029a8c                __pow5mult
 .text.__lshift
                0x0000000000029bcc      0x148 c:/intelfpga_lite/18.1/nios2eds/bin/gnu/h-x86_64-mingw32/bin/../lib/gcc/nios2-elf/5.3.0/../../../../../H-x86_64-mingw32/nios2-elf/lib\libc.a(lib_a-mprec.o)
                0x0000000000029bcc                __lshift
 .text.__mcmp   0x0000000000029d14       0x60 c:/intelfpga_lite/18.1/nios2eds/bin/gnu/h-x86_64-mingw32/bin/../lib/gcc/nios2-elf/5.3.0/../../../../../H-x86_64-mingw32/nios2-elf/lib\libc.a(lib_a-mprec.o)
                0x0000000000029d14                __mcmp
 .text.__mdiff  0x0000000000029d74      0x1fc c:/intelfpga_lite/18.1/nios2eds/bin/gnu/h-x86_64-mingw32/bin/../lib/gcc/nios2-elf/5.3.0/../../../../../H-x86_64-mingw32/nios2-elf/lib\libc.a(lib_a-mprec.o)
                0x0000000000029d74                __mdiff
 .text.__ulp    0x0000000000029f70       0x64 c:/intelfpga_lite/18.1/nios2eds/bin/gnu/h-x86_64-mingw32/bin/../lib/gcc/nios2-elf/5.3.0/../../../../../H-x86_64-mingw32/nios2-elf/lib\libc.a(lib_a-mprec.o)
                0x0000000000029f70                __ulp
 .text.__b2d    0x0000000000029fd4      0x10c c:/intelfpga_lite/18.1/nios2eds/bin/gnu/h-x86_64-mingw32/bin/../lib/gcc/nios2-elf/5.3.0/../../../../../H-x86_64-mingw32/nios2-elf/lib\libc.a(lib_a-mprec.o)
                0x0000000000029fd4                __b2d
 .text.__d2b    0x000000000002a0e0      0x14c c:/intelfpga_lite/18.1/nios2eds/bin/gnu/h-x86_64-mingw32/bin/../lib/gcc/nios2-elf/5.3.0/../../../../../H-x86_64-mingw32/nios2-elf/lib\libc.a(lib_a-mprec.o)
                0x000000000002a0e0                __d2b
 .text.__ratio  0x000000000002a22c       0xa4 c:/intelfpga_lite/18.1/nios2eds/bin/gnu/h-x86_64-mingw32/bin/../lib/gcc/nios2-elf/5.3.0/../../../../../H-x86_64-mingw32/nios2-elf/lib\libc.a(lib_a-mprec.o)
                0x000000000002a22c                __ratio
 .text._mprec_log10
                0x000000000002a2d0       0x74 c:/intelfpga_lite/18.1/nios2eds/bin/gnu/h-x86_64-mingw32/bin/../lib/gcc/nios2-elf/5.3.0/../../../../../H-x86_64-mingw32/nios2-elf/lib\libc.a(lib_a-mprec.o)
                0x000000000002a2d0                _mprec_log10
 .text.__copybits
                0x000000000002a344       0x78 c:/intelfpga_lite/18.1/nios2eds/bin/gnu/h-x86_64-mingw32/bin/../lib/gcc/nios2-elf/5.3.0/../../../../../H-x86_64-mingw32/nios2-elf/lib\libc.a(lib_a-mprec.o)
                0x000000000002a344                __copybits
 .text.__any_on
                0x000000000002a3bc       0x8c c:/intelfpga_lite/18.1/nios2eds/bin/gnu/h-x86_64-mingw32/bin/../lib/gcc/nios2-elf/5.3.0/../../../../../H-x86_64-mingw32/nios2-elf/lib\libc.a(lib_a-mprec.o)
                0x000000000002a3bc                __any_on
 .text          0x000000000002a448        0x0 c:/intelfpga_lite/18.1/nios2eds/bin/gnu/h-x86_64-mingw32/bin/../lib/gcc/nios2-elf/5.3.0/../../../../../H-x86_64-mingw32/nios2-elf/lib\libc.a(lib_a-s_fpclassify.o)
 .text.__fpclassifyd
                0x000000000002a448       0x74 c:/intelfpga_lite/18.1/nios2eds/bin/gnu/h-x86_64-mingw32/bin/../lib/gcc/nios2-elf/5.3.0/../../../../../H-x86_64-mingw32/nios2-elf/lib\libc.a(lib_a-s_fpclassify.o)
                0x000000000002a448                __fpclassifyd
 .text          0x000000000002a4bc        0x0 c:/intelfpga_lite/18.1/nios2eds/bin/gnu/h-x86_64-mingw32/bin/../lib/gcc/nios2-elf/5.3.0/../../../../../H-x86_64-mingw32/nios2-elf/lib\libc.a(lib_a-sbrkr.o)
 .text._sbrk_r  0x000000000002a4bc       0x54 c:/intelfpga_lite/18.1/nios2eds/bin/gnu/h-x86_64-mingw32/bin/../lib/gcc/nios2-elf/5.3.0/../../../../../H-x86_64-mingw32/nios2-elf/lib\libc.a(lib_a-sbrkr.o)
                0x000000000002a4bc                _sbrk_r
 .text          0x000000000002a510        0x0 c:/intelfpga_lite/18.1/nios2eds/bin/gnu/h-x86_64-mingw32/bin/../lib/gcc/nios2-elf/5.3.0/../../../../../H-x86_64-mingw32/nios2-elf/lib\libc.a(lib_a-stdio.o)
 .text.__sread  0x000000000002a510       0x54 c:/intelfpga_lite/18.1/nios2eds/bin/gnu/h-x86_64-mingw32/bin/../lib/gcc/nios2-elf/5.3.0/../../../../../H-x86_64-mingw32/nios2-elf/lib\libc.a(lib_a-stdio.o)
                0x000000000002a510                __sread
 .text.__seofread
                0x000000000002a564        0x8 c:/intelfpga_lite/18.1/nios2eds/bin/gnu/h-x86_64-mingw32/bin/../lib/gcc/nios2-elf/5.3.0/../../../../../H-x86_64-mingw32/nios2-elf/lib\libc.a(lib_a-stdio.o)
                0x000000000002a564                __seofread
 .text.__swrite
                0x000000000002a56c       0x7c c:/intelfpga_lite/18.1/nios2eds/bin/gnu/h-x86_64-mingw32/bin/../lib/gcc/nios2-elf/5.3.0/../../../../../H-x86_64-mingw32/nios2-elf/lib\libc.a(lib_a-stdio.o)
                0x000000000002a56c                __swrite
 .text.__sseek  0x000000000002a5e8       0x5c c:/intelfpga_lite/18.1/nios2eds/bin/gnu/h-x86_64-mingw32/bin/../lib/gcc/nios2-elf/5.3.0/../../../../../H-x86_64-mingw32/nios2-elf/lib\libc.a(lib_a-stdio.o)
                0x000000000002a5e8                __sseek
 .text.__sclose
                0x000000000002a644        0x8 c:/intelfpga_lite/18.1/nios2eds/bin/gnu/h-x86_64-mingw32/bin/../lib/gcc/nios2-elf/5.3.0/../../../../../H-x86_64-mingw32/nios2-elf/lib\libc.a(lib_a-stdio.o)
                0x000000000002a644                __sclose
 .text          0x000000000002a64c        0x0 c:/intelfpga_lite/18.1/nios2eds/bin/gnu/h-x86_64-mingw32/bin/../lib/gcc/nios2-elf/5.3.0/../../../../../H-x86_64-mingw32/nios2-elf/lib\libc.a(lib_a-strcmp.o)
 .text.strcmp   0x000000000002a64c       0xdc c:/intelfpga_lite/18.1/nios2eds/bin/gnu/h-x86_64-mingw32/bin/../lib/gcc/nios2-elf/5.3.0/../../../../../H-x86_64-mingw32/nios2-elf/lib\libc.a(lib_a-strcmp.o)
                0x000000000002a64c                strcmp
 .text          0x000000000002a728        0x0 c:/intelfpga_lite/18.1/nios2eds/bin/gnu/h-x86_64-mingw32/bin/../lib/gcc/nios2-elf/5.3.0/../../../../../H-x86_64-mingw32/nios2-elf/lib\libc.a(lib_a-vfiprintf.o)
 .text.__sprint_r.part.0
                0x000000000002a728       0xfc c:/intelfpga_lite/18.1/nios2eds/bin/gnu/h-x86_64-mingw32/bin/../lib/gcc/nios2-elf/5.3.0/../../../../../H-x86_64-mingw32/nios2-elf/lib\libc.a(lib_a-vfiprintf.o)
 .text.__sprint_r
                0x000000000002a824       0x18 c:/intelfpga_lite/18.1/nios2eds/bin/gnu/h-x86_64-mingw32/bin/../lib/gcc/nios2-elf/5.3.0/../../../../../H-x86_64-mingw32/nios2-elf/lib\libc.a(lib_a-vfiprintf.o)
                0x000000000002a824                __sprint_r
 .text.___vfiprintf_internal_r
                0x000000000002a83c     0x145c c:/intelfpga_lite/18.1/nios2eds/bin/gnu/h-x86_64-mingw32/bin/../lib/gcc/nios2-elf/5.3.0/../../../../../H-x86_64-mingw32/nios2-elf/lib\libc.a(lib_a-vfiprintf.o)
                0x000000000002a83c                ___vfiprintf_internal_r
 .text.__vfiprintf_internal
                0x000000000002bc98       0x1c c:/intelfpga_lite/18.1/nios2eds/bin/gnu/h-x86_64-mingw32/bin/../lib/gcc/nios2-elf/5.3.0/../../../../../H-x86_64-mingw32/nios2-elf/lib\libc.a(lib_a-vfiprintf.o)
                0x000000000002bc98                __vfiprintf_internal
 .text.__sbprintf
                0x000000000002bcb4       0xbc c:/intelfpga_lite/18.1/nios2eds/bin/gnu/h-x86_64-mingw32/bin/../lib/gcc/nios2-elf/5.3.0/../../../../../H-x86_64-mingw32/nios2-elf/lib\libc.a(lib_a-vfiprintf.o)
 .text          0x000000000002bd70        0x0 c:/intelfpga_lite/18.1/nios2eds/bin/gnu/h-x86_64-mingw32/bin/../lib/gcc/nios2-elf/5.3.0/../../../../../H-x86_64-mingw32/nios2-elf/lib\libc.a(lib_a-writer.o)
 .text._write_r
                0x000000000002bd70       0x60 c:/intelfpga_lite/18.1/nios2eds/bin/gnu/h-x86_64-mingw32/bin/../lib/gcc/nios2-elf/5.3.0/../../../../../H-x86_64-mingw32/nios2-elf/lib\libc.a(lib_a-writer.o)
                0x000000000002bd70                _write_r
 .text          0x000000000002bdd0        0x0 c:/intelfpga_lite/18.1/nios2eds/bin/gnu/h-x86_64-mingw32/bin/../lib/gcc/nios2-elf/5.3.0/../../../../../H-x86_64-mingw32/nios2-elf/lib\libc.a(closer.o)
 .text._close_r
                0x000000000002bdd0       0x54 c:/intelfpga_lite/18.1/nios2eds/bin/gnu/h-x86_64-mingw32/bin/../lib/gcc/nios2-elf/5.3.0/../../../../../H-x86_64-mingw32/nios2-elf/lib\libc.a(closer.o)
                0x000000000002bdd0                _close_r
 .text          0x000000000002be24        0x0 c:/intelfpga_lite/18.1/nios2eds/bin/gnu/h-x86_64-mingw32/bin/../lib/gcc/nios2-elf/5.3.0/../../../../../H-x86_64-mingw32/nios2-elf/lib\libc.a(lib_a-callocr.o)
 .text._calloc_r
                0x000000000002be24       0xc4 c:/intelfpga_lite/18.1/nios2eds/bin/gnu/h-x86_64-mingw32/bin/../lib/gcc/nios2-elf/5.3.0/../../../../../H-x86_64-mingw32/nios2-elf/lib\libc.a(lib_a-callocr.o)
                0x000000000002be24                _calloc_r
 .text          0x000000000002bee8        0x0 c:/intelfpga_lite/18.1/nios2eds/bin/gnu/h-x86_64-mingw32/bin/../lib/gcc/nios2-elf/5.3.0/../../../../../H-x86_64-mingw32/nios2-elf/lib\libc.a(lib_a-fclose.o)
 .text._fclose_r
                0x000000000002bee8       0xf0 c:/intelfpga_lite/18.1/nios2eds/bin/gnu/h-x86_64-mingw32/bin/../lib/gcc/nios2-elf/5.3.0/../../../../../H-x86_64-mingw32/nios2-elf/lib\libc.a(lib_a-fclose.o)
                0x000000000002bee8                _fclose_r
 .text.fclose   0x000000000002bfd8       0x14 c:/intelfpga_lite/18.1/nios2eds/bin/gnu/h-x86_64-mingw32/bin/../lib/gcc/nios2-elf/5.3.0/../../../../../H-x86_64-mingw32/nios2-elf/lib\libc.a(lib_a-fclose.o)
                0x000000000002bfd8                fclose
 .text          0x000000000002bfec        0x0 c:/intelfpga_lite/18.1/nios2eds/bin/gnu/h-x86_64-mingw32/bin/../lib/gcc/nios2-elf/5.3.0/../../../../../H-x86_64-mingw32/nios2-elf/lib\libc.a(lib_a-fputwc.o)
 .text.__fputwc
                0x000000000002bfec      0x164 c:/intelfpga_lite/18.1/nios2eds/bin/gnu/h-x86_64-mingw32/bin/../lib/gcc/nios2-elf/5.3.0/../../../../../H-x86_64-mingw32/nios2-elf/lib\libc.a(lib_a-fputwc.o)
                0x000000000002bfec                __fputwc
 .text._fputwc_r
                0x000000000002c150       0x24 c:/intelfpga_lite/18.1/nios2eds/bin/gnu/h-x86_64-mingw32/bin/../lib/gcc/nios2-elf/5.3.0/../../../../../H-x86_64-mingw32/nios2-elf/lib\libc.a(lib_a-fputwc.o)
                0x000000000002c150                _fputwc_r
 .text.fputwc   0x000000000002c174       0x80 c:/intelfpga_lite/18.1/nios2eds/bin/gnu/h-x86_64-mingw32/bin/../lib/gcc/nios2-elf/5.3.0/../../../../../H-x86_64-mingw32/nios2-elf/lib\libc.a(lib_a-fputwc.o)
                0x000000000002c174                fputwc
 .text          0x000000000002c1f4        0x0 c:/intelfpga_lite/18.1/nios2eds/bin/gnu/h-x86_64-mingw32/bin/../lib/gcc/nios2-elf/5.3.0/../../../../../H-x86_64-mingw32/nios2-elf/lib\libc.a(lib_a-fstatr.o)
 .text._fstat_r
                0x000000000002c1f4       0x5c c:/intelfpga_lite/18.1/nios2eds/bin/gnu/h-x86_64-mingw32/bin/../lib/gcc/nios2-elf/5.3.0/../../../../../H-x86_64-mingw32/nios2-elf/lib\libc.a(lib_a-fstatr.o)
                0x000000000002c1f4                _fstat_r
 .text          0x000000000002c250        0x0 c:/intelfpga_lite/18.1/nios2eds/bin/gnu/h-x86_64-mingw32/bin/../lib/gcc/nios2-elf/5.3.0/../../../../../H-x86_64-mingw32/nios2-elf/lib\libc.a(lib_a-fvwrite.o)
 .text.__sfvwrite_r
                0x000000000002c250      0x4bc c:/intelfpga_lite/18.1/nios2eds/bin/gnu/h-x86_64-mingw32/bin/../lib/gcc/nios2-elf/5.3.0/../../../../../H-x86_64-mingw32/nios2-elf/lib\libc.a(lib_a-fvwrite.o)
                0x000000000002c250                __sfvwrite_r
 .text          0x000000000002c70c        0x0 c:/intelfpga_lite/18.1/nios2eds/bin/gnu/h-x86_64-mingw32/bin/../lib/gcc/nios2-elf/5.3.0/../../../../../H-x86_64-mingw32/nios2-elf/lib\libc.a(lib_a-isattyr.o)
 .text._isatty_r
                0x000000000002c70c       0x54 c:/intelfpga_lite/18.1/nios2eds/bin/gnu/h-x86_64-mingw32/bin/../lib/gcc/nios2-elf/5.3.0/../../../../../H-x86_64-mingw32/nios2-elf/lib\libc.a(lib_a-isattyr.o)
                0x000000000002c70c                _isatty_r
 .text          0x000000000002c760        0x0 c:/intelfpga_lite/18.1/nios2eds/bin/gnu/h-x86_64-mingw32/bin/../lib/gcc/nios2-elf/5.3.0/../../../../../H-x86_64-mingw32/nios2-elf/lib\libc.a(lib_a-lseekr.o)
 .text._lseek_r
                0x000000000002c760       0x60 c:/intelfpga_lite/18.1/nios2eds/bin/gnu/h-x86_64-mingw32/bin/../lib/gcc/nios2-elf/5.3.0/../../../../../H-x86_64-mingw32/nios2-elf/lib\libc.a(lib_a-lseekr.o)
                0x000000000002c760                _lseek_r
 .text          0x000000000002c7c0        0x0 c:/intelfpga_lite/18.1/nios2eds/bin/gnu/h-x86_64-mingw32/bin/../lib/gcc/nios2-elf/5.3.0/../../../../../H-x86_64-mingw32/nios2-elf/lib\libc.a(lib_a-memmove.o)
 .text.memmove  0x000000000002c7c0      0x15c c:/intelfpga_lite/18.1/nios2eds/bin/gnu/h-x86_64-mingw32/bin/../lib/gcc/nios2-elf/5.3.0/../../../../../H-x86_64-mingw32/nios2-elf/lib\libc.a(lib_a-memmove.o)
                0x000000000002c7c0                memmove
 .text          0x000000000002c91c        0x0 c:/intelfpga_lite/18.1/nios2eds/bin/gnu/h-x86_64-mingw32/bin/../lib/gcc/nios2-elf/5.3.0/../../../../../H-x86_64-mingw32/nios2-elf/lib\libc.a(lib_a-readr.o)
 .text._read_r  0x000000000002c91c       0x60 c:/intelfpga_lite/18.1/nios2eds/bin/gnu/h-x86_64-mingw32/bin/../lib/gcc/nios2-elf/5.3.0/../../../../../H-x86_64-mingw32/nios2-elf/lib\libc.a(lib_a-readr.o)
                0x000000000002c91c                _read_r
 .text          0x000000000002c97c        0x0 c:/intelfpga_lite/18.1/nios2eds/bin/gnu/h-x86_64-mingw32/bin/../lib/gcc/nios2-elf/5.3.0/../../../../../H-x86_64-mingw32/nios2-elf/lib\libc.a(lib_a-reallocr.o)
 .text._realloc_r
                0x000000000002c97c      0x564 c:/intelfpga_lite/18.1/nios2eds/bin/gnu/h-x86_64-mingw32/bin/../lib/gcc/nios2-elf/5.3.0/../../../../../H-x86_64-mingw32/nios2-elf/lib\libc.a(lib_a-reallocr.o)
                0x000000000002c97c                _realloc_r
 .text          0x000000000002cee0        0x0 c:/intelfpga_lite/18.1/nios2eds/bin/gnu/h-x86_64-mingw32/bin/../lib/gcc/nios2-elf/5.3.0/../../../../../H-x86_64-mingw32/nios2-elf/lib\libc.a(lib_a-wcrtomb.o)
 .text._wcrtomb_r
                0x000000000002cee0       0x9c c:/intelfpga_lite/18.1/nios2eds/bin/gnu/h-x86_64-mingw32/bin/../lib/gcc/nios2-elf/5.3.0/../../../../../H-x86_64-mingw32/nios2-elf/lib\libc.a(lib_a-wcrtomb.o)
                0x000000000002cee0                _wcrtomb_r
 .text.wcrtomb  0x000000000002cf7c       0xc0 c:/intelfpga_lite/18.1/nios2eds/bin/gnu/h-x86_64-mingw32/bin/../lib/gcc/nios2-elf/5.3.0/../../../../../H-x86_64-mingw32/nios2-elf/lib\libc.a(lib_a-wcrtomb.o)
                0x000000000002cf7c                wcrtomb
 .text          0x000000000002d03c        0x0 c:/intelfpga_lite/18.1/nios2eds/bin/gnu/h-x86_64-mingw32/bin/../lib/gcc/nios2-elf/5.3.0/../../../../../H-x86_64-mingw32/nios2-elf/lib\libc.a(lib_a-wctomb_r.o)
 .text.__ascii_wctomb
                0x000000000002d03c       0x30 c:/intelfpga_lite/18.1/nios2eds/bin/gnu/h-x86_64-mingw32/bin/../lib/gcc/nios2-elf/5.3.0/../../../../../H-x86_64-mingw32/nios2-elf/lib\libc.a(lib_a-wctomb_r.o)
                0x000000000002d03c                __ascii_wctomb
 .text._wctomb_r
                0x000000000002d06c       0x5c c:/intelfpga_lite/18.1/nios2eds/bin/gnu/h-x86_64-mingw32/bin/../lib/gcc/nios2-elf/5.3.0/../../../../../H-x86_64-mingw32/nios2-elf/lib\libc.a(lib_a-wctomb_r.o)
                0x000000000002d06c                _wctomb_r
 .text          0x000000000002d0c8       0x70 c:/intelfpga_lite/18.1/nios2eds/bin/gnu/h-x86_64-mingw32/bin/../lib/gcc/nios2-elf/5.3.0\libgcc.a(_floatundidf.o)
                0x000000000002d0c8                __floatundidf
 .text          0x000000000002d138      0x578 c:/intelfpga_lite/18.1/nios2eds/bin/gnu/h-x86_64-mingw32/bin/../lib/gcc/nios2-elf/5.3.0\libgcc.a(_udivdi3.o)
                0x000000000002d138                __udivdi3
 .text          0x000000000002d6b0      0x538 c:/intelfpga_lite/18.1/nios2eds/bin/gnu/h-x86_64-mingw32/bin/../lib/gcc/nios2-elf/5.3.0\libgcc.a(_umoddi3.o)
                0x000000000002d6b0                __umoddi3
 .text          0x000000000002dbe8      0x1b4 c:/intelfpga_lite/18.1/nios2eds/bin/gnu/h-x86_64-mingw32/bin/../lib/gcc/nios2-elf/5.3.0\libgcc.a(lib2-divmod.o)
                0x000000000002dbe8                __divsi3
                0x000000000002dc6c                __modsi3
                0x000000000002dce0                __udivsi3
                0x000000000002dd44                __umodsi3
 .text          0x000000000002dd9c      0x8ac c:/intelfpga_lite/18.1/nios2eds/bin/gnu/h-x86_64-mingw32/bin/../lib/gcc/nios2-elf/5.3.0\libgcc.a(adddf3.o)
                0x000000000002dd9c                __adddf3
 .text          0x000000000002e648      0x8e8 c:/intelfpga_lite/18.1/nios2eds/bin/gnu/h-x86_64-mingw32/bin/../lib/gcc/nios2-elf/5.3.0\libgcc.a(divdf3.o)
                0x000000000002e648                __divdf3
 .text          0x000000000002ef30       0x88 c:/intelfpga_lite/18.1/nios2eds/bin/gnu/h-x86_64-mingw32/bin/../lib/gcc/nios2-elf/5.3.0\libgcc.a(eqdf2.o)
                0x000000000002ef30                __nedf2
                0x000000000002ef30                __eqdf2
 .text          0x000000000002efb8       0xdc c:/intelfpga_lite/18.1/nios2eds/bin/gnu/h-x86_64-mingw32/bin/../lib/gcc/nios2-elf/5.3.0\libgcc.a(gedf2.o)
                0x000000000002efb8                __gedf2
                0x000000000002efb8                __gtdf2
 .text          0x000000000002f094       0xf4 c:/intelfpga_lite/18.1/nios2eds/bin/gnu/h-x86_64-mingw32/bin/../lib/gcc/nios2-elf/5.3.0\libgcc.a(ledf2.o)
                0x000000000002f094                __ledf2
                0x000000000002f094                __ltdf2
 .text          0x000000000002f188      0x718 c:/intelfpga_lite/18.1/nios2eds/bin/gnu/h-x86_64-mingw32/bin/../lib/gcc/nios2-elf/5.3.0\libgcc.a(muldf3.o)
                0x000000000002f188                __muldf3
 .text          0x000000000002f8a0      0x8fc c:/intelfpga_lite/18.1/nios2eds/bin/gnu/h-x86_64-mingw32/bin/../lib/gcc/nios2-elf/5.3.0\libgcc.a(subdf3.o)
                0x000000000002f8a0                __subdf3
 .text          0x000000000003019c       0x80 c:/intelfpga_lite/18.1/nios2eds/bin/gnu/h-x86_64-mingw32/bin/../lib/gcc/nios2-elf/5.3.0\libgcc.a(fixdfsi.o)
                0x000000000003019c                __fixdfsi
 .text          0x000000000003021c       0xdc c:/intelfpga_lite/18.1/nios2eds/bin/gnu/h-x86_64-mingw32/bin/../lib/gcc/nios2-elf/5.3.0\libgcc.a(floatsidf.o)
                0x000000000003021c                __floatsidf
 .text          0x00000000000302f8       0xa8 c:/intelfpga_lite/18.1/nios2eds/bin/gnu/h-x86_64-mingw32/bin/../lib/gcc/nios2-elf/5.3.0\libgcc.a(floatunsidf.o)
                0x00000000000302f8                __floatunsidf
 .text          0x00000000000303a0        0x0 c:/intelfpga_lite/18.1/nios2eds/bin/gnu/h-x86_64-mingw32/bin/../lib/gcc/nios2-elf/5.3.0\libgcc.a(_clz.o)
 .text          0x00000000000303a0       0x64 c:/intelfpga_lite/18.1/nios2eds/bin/gnu/h-x86_64-mingw32/bin/../lib/gcc/nios2-elf/5.3.0\libgcc.a(_clzsi2.o)
                0x00000000000303a0                __clzsi2
 .text          0x0000000000030404       0x34 ../week_4_4_6_bsp/\libhal_bsp.a(alt_exit.o)
                0x0000000000030404                _exit
 .text          0x0000000000030438       0xec ../week_4_4_6_bsp/\libhal_bsp.a(alt_fstat.o)
                0x0000000000030474                fstat
 .text          0x0000000000030524       0xe0 ../week_4_4_6_bsp/\libhal_bsp.a(alt_isatty.o)
                0x0000000000030560                isatty
 .text          0x0000000000030604      0x110 ../week_4_4_6_bsp/\libhal_bsp.a(alt_lseek.o)
                0x0000000000030640                lseek
 .text          0x0000000000030714       0x48 ../week_4_4_6_bsp/\libhal_bsp.a(alt_malloc_lock.o)
                0x0000000000030714                __malloc_lock
                0x0000000000030738                __malloc_unlock
 .text          0x000000000003075c      0x138 ../week_4_4_6_bsp/\libhal_bsp.a(alt_read.o)
                0x0000000000030798                read
 .text          0x0000000000030894       0xb0 ../week_4_4_6_bsp/\libhal_bsp.a(alt_sbrk.o)
                0x0000000000030894                sbrk
 .text          0x0000000000030944      0x134 ../week_4_4_6_bsp/\libhal_bsp.a(alt_write.o)
                0x0000000000030980                write
 *(.gnu.warning.*)
 *(.fini)
                [!provide]                        PROVIDE (__etext, ABSOLUTE (.))
                [!provide]                        PROVIDE (_etext, ABSOLUTE (.))
                [!provide]                        PROVIDE (etext, ABSOLUTE (.))
 *(.eh_frame_hdr)
                0x0000000000030a78                . = ALIGN (0x4)
                [!provide]                        PROVIDE (__preinit_array_start, ABSOLUTE (.))
 *(.preinit_array)
                [!provide]                        PROVIDE (__preinit_array_end, ABSOLUTE (.))
                [!provide]                        PROVIDE (__init_array_start, ABSOLUTE (.))
 *(.init_array)
                [!provide]                        PROVIDE (__init_array_end, ABSOLUTE (.))
                [!provide]                        PROVIDE (__fini_array_start, ABSOLUTE (.))
 *(.fini_array)
                [!provide]                        PROVIDE (__fini_array_end, ABSOLUTE (.))
 *(.eh_frame)
 *(.gcc_except_table .gcc_except_table.*)
 *(.dynamic)
                0x0000000000030a78                PROVIDE (__CTOR_LIST__, ABSOLUTE (.))
 *(.ctors)
 *(SORT(.ctors.*))
                0x0000000000030a78                PROVIDE (__CTOR_END__, ABSOLUTE (.))
                0x0000000000030a78                PROVIDE (__DTOR_LIST__, ABSOLUTE (.))
 *(.dtors)
 *(SORT(.dtors.*))
                0x0000000000030a78                PROVIDE (__DTOR_END__, ABSOLUTE (.))
 *(.jcr)
                0x0000000000030a78                . = ALIGN (0x4)

.rodata         0x0000000000030a78      0x510
                0x0000000000030a78                PROVIDE (__ram_rodata_start, ABSOLUTE (.))
                0x0000000000030a78                . = ALIGN (0x4)
 *(.rodata .rodata.* .gnu.linkonce.r.*)
 .rodata        0x0000000000030a78       0xe1 obj/default/audio.o
                0x0000000000030a78                B
 *fill*         0x0000000000030b59        0x3 
 .rodata        0x0000000000030b5c       0x11 ../week_4_4_6_bsp/\libhal_bsp.a(alt_main.o)
 *fill*         0x0000000000030b6d        0x3 
 .rodata        0x0000000000030b70       0x41 ../week_4_4_6_bsp/\libhal_bsp.a(alt_sys_init.o)
 *fill*         0x0000000000030bb1        0x3 
 .rodata        0x0000000000030bb4      0x100 ../week_4_4_6_bsp/\libhal_bsp.a(perf_print_formatted_report.o)
 .rodata        0x0000000000030cb4        0xa ../week_4_4_6_bsp/\libhal_bsp.a(alt_dev.o)
 *fill*         0x0000000000030cbe        0x2 
 .rodata.str1.4
                0x0000000000030cc0        0x2 c:/intelfpga_lite/18.1/nios2eds/bin/gnu/h-x86_64-mingw32/bin/../lib/gcc/nios2-elf/5.3.0/../../../../../H-x86_64-mingw32/nios2-elf/lib\libc.a(lib_a-impure.o)
 *fill*         0x0000000000030cc2        0x2 
 .rodata.str1.4
                0x0000000000030cc4       0x42 c:/intelfpga_lite/18.1/nios2eds/bin/gnu/h-x86_64-mingw32/bin/../lib/gcc/nios2-elf/5.3.0/../../../../../H-x86_64-mingw32/nios2-elf/lib\libc.a(lib_a-vfprintf.o)
 .rodata.zeroes.4404
                0x0000000000030d06       0x10 c:/intelfpga_lite/18.1/nios2eds/bin/gnu/h-x86_64-mingw32/bin/../lib/gcc/nios2-elf/5.3.0/../../../../../H-x86_64-mingw32/nios2-elf/lib\libc.a(lib_a-vfprintf.o)
 .rodata.blanks.4403
                0x0000000000030d16       0x10 c:/intelfpga_lite/18.1/nios2eds/bin/gnu/h-x86_64-mingw32/bin/../lib/gcc/nios2-elf/5.3.0/../../../../../H-x86_64-mingw32/nios2-elf/lib\libc.a(lib_a-vfprintf.o)
 *fill*         0x0000000000030d26        0x2 
 .rodata.str1.4
                0x0000000000030d28       0x10 c:/intelfpga_lite/18.1/nios2eds/bin/gnu/h-x86_64-mingw32/bin/../lib/gcc/nios2-elf/5.3.0/../../../../../H-x86_64-mingw32/nios2-elf/lib\libc.a(lib_a-dtoa.o)
                                         0x12 (size before relaxing)
 .rodata.str1.4
                0x0000000000030d38        0xc c:/intelfpga_lite/18.1/nios2eds/bin/gnu/h-x86_64-mingw32/bin/../lib/gcc/nios2-elf/5.3.0/../../../../../H-x86_64-mingw32/nios2-elf/lib\libc.a(lib_a-locale.o)
                                         0x12 (size before relaxing)
 .rodata.p05.2768
                0x0000000000030d44        0xc c:/intelfpga_lite/18.1/nios2eds/bin/gnu/h-x86_64-mingw32/bin/../lib/gcc/nios2-elf/5.3.0/../../../../../H-x86_64-mingw32/nios2-elf/lib\libc.a(lib_a-mprec.o)
 .rodata.__mprec_tinytens
                0x0000000000030d50       0x28 c:/intelfpga_lite/18.1/nios2eds/bin/gnu/h-x86_64-mingw32/bin/../lib/gcc/nios2-elf/5.3.0/../../../../../H-x86_64-mingw32/nios2-elf/lib\libc.a(lib_a-mprec.o)
                0x0000000000030d50                __mprec_tinytens
 .rodata.__mprec_bigtens
                0x0000000000030d78       0x28 c:/intelfpga_lite/18.1/nios2eds/bin/gnu/h-x86_64-mingw32/bin/../lib/gcc/nios2-elf/5.3.0/../../../../../H-x86_64-mingw32/nios2-elf/lib\libc.a(lib_a-mprec.o)
                0x0000000000030d78                __mprec_bigtens
 .rodata.__mprec_tens
                0x0000000000030da0       0xc8 c:/intelfpga_lite/18.1/nios2eds/bin/gnu/h-x86_64-mingw32/bin/../lib/gcc/nios2-elf/5.3.0/../../../../../H-x86_64-mingw32/nios2-elf/lib\libc.a(lib_a-mprec.o)
                0x0000000000030da0                __mprec_tens
 .rodata.str1.4
                0x0000000000030e68       0x2f c:/intelfpga_lite/18.1/nios2eds/bin/gnu/h-x86_64-mingw32/bin/../lib/gcc/nios2-elf/5.3.0/../../../../../H-x86_64-mingw32/nios2-elf/lib\libc.a(lib_a-vfiprintf.o)
 .rodata.zeroes.4349
                0x0000000000030e68       0x10 c:/intelfpga_lite/18.1/nios2eds/bin/gnu/h-x86_64-mingw32/bin/../lib/gcc/nios2-elf/5.3.0/../../../../../H-x86_64-mingw32/nios2-elf/lib\libc.a(lib_a-vfiprintf.o)
 .rodata.blanks.4348
                0x0000000000030e78       0x10 c:/intelfpga_lite/18.1/nios2eds/bin/gnu/h-x86_64-mingw32/bin/../lib/gcc/nios2-elf/5.3.0/../../../../../H-x86_64-mingw32/nios2-elf/lib\libc.a(lib_a-vfiprintf.o)
 .rodata        0x0000000000030e88      0x100 c:/intelfpga_lite/18.1/nios2eds/bin/gnu/h-x86_64-mingw32/bin/../lib/gcc/nios2-elf/5.3.0\libgcc.a(_clz.o)
                0x0000000000030e88                __clz_tab
 *(.rodata1)
                0x0000000000030f88                . = ALIGN (0x4)
                0x0000000000030f88                PROVIDE (__ram_rodata_end, ABSOLUTE (.))
                0x0000000000030a78                PROVIDE (__flash_rodata_start, LOADADDR (.rodata))

.rwdata         0x0000000000030f88     0x1b4c load address 0x0000000000032ad4
                0x0000000000030f88                PROVIDE (__ram_rwdata_start, ABSOLUTE (.))
                0x0000000000030f88                . = ALIGN (0x4)
 *(.got.plt)
 *(.got)
 *(.data1)
 *(.data .data.* .gnu.linkonce.d.*)
 .data          0x0000000000030f88        0x0 ../week_4_4_6_bsp//obj/HAL/src/crt0.o
 .data          0x0000000000030f88        0x0 obj/default/audio.o
 .data          0x0000000000030f88        0x0 ../week_4_4_6_bsp/\libhal_bsp.a(alt_load.o)
 .data          0x0000000000030f88        0x0 ../week_4_4_6_bsp/\libhal_bsp.a(alt_main.o)
 .data          0x0000000000030f88        0x0 ../week_4_4_6_bsp/\libhal_bsp.a(alt_printf.o)
 .data          0x0000000000030f88        0x0 ../week_4_4_6_bsp/\libhal_bsp.a(alt_putchar.o)
 .data          0x0000000000030f88     0x10c0 ../week_4_4_6_bsp/\libhal_bsp.a(alt_sys_init.o)
 .data          0x0000000000032048        0x0 ../week_4_4_6_bsp/\libhal_bsp.a(altera_avalon_jtag_uart_fd.o)
 .data          0x0000000000032048        0x0 ../week_4_4_6_bsp/\libhal_bsp.a(altera_avalon_jtag_uart_init.o)
 .data          0x0000000000032048        0x0 ../week_4_4_6_bsp/\libhal_bsp.a(altera_avalon_jtag_uart_ioctl.o)
 .data          0x0000000000032048        0x0 ../week_4_4_6_bsp/\libhal_bsp.a(altera_avalon_jtag_uart_read.o)
 .data          0x0000000000032048        0x0 ../week_4_4_6_bsp/\libhal_bsp.a(altera_avalon_jtag_uart_write.o)
 .data          0x0000000000032048        0x0 ../week_4_4_6_bsp/\libhal_bsp.a(altera_avalon_performance_counter.o)
 .data          0x0000000000032048        0x0 ../week_4_4_6_bsp/\libhal_bsp.a(altera_up_avalon_audio.o)
 .data          0x0000000000032048        0x0 ../week_4_4_6_bsp/\libhal_bsp.a(altera_up_avalon_audio_and_video_config.o)
 .data          0x0000000000032048        0x0 ../week_4_4_6_bsp/\libhal_bsp.a(perf_print_formatted_report.o)
 .data          0x0000000000032048        0x0 ../week_4_4_6_bsp/\libhal_bsp.a(alt_alarm_start.o)
 .data          0x0000000000032048        0x0 ../week_4_4_6_bsp/\libhal_bsp.a(alt_close.o)
 .data          0x0000000000032048        0x0 ../week_4_4_6_bsp/\libhal_bsp.a(alt_dcache_flush_all.o)
 .data          0x0000000000032048      0x1a8 ../week_4_4_6_bsp/\libhal_bsp.a(alt_dev.o)
                0x0000000000032048                alt_dev_null
                0x0000000000032070                alt_fd_list
 .data          0x00000000000321f0        0x0 ../week_4_4_6_bsp/\libhal_bsp.a(alt_dev_llist_insert.o)
 .data          0x00000000000321f0        0x0 ../week_4_4_6_bsp/\libhal_bsp.a(alt_do_ctors.o)
 .data          0x00000000000321f0        0x0 ../week_4_4_6_bsp/\libhal_bsp.a(alt_do_dtors.o)
 .data          0x00000000000321f0        0x0 ../week_4_4_6_bsp/\libhal_bsp.a(alt_errno.o)
 .data          0x00000000000321f0        0x0 ../week_4_4_6_bsp/\libhal_bsp.a(alt_find_dev.o)
 .data          0x00000000000321f0        0x0 ../week_4_4_6_bsp/\libhal_bsp.a(alt_icache_flush_all.o)
 .data          0x00000000000321f0        0x0 ../week_4_4_6_bsp/\libhal_bsp.a(alt_io_redirect.o)
 .data          0x00000000000321f0        0x0 ../week_4_4_6_bsp/\libhal_bsp.a(alt_irq_register.o)
 .data          0x00000000000321f0        0x0 ../week_4_4_6_bsp/\libhal_bsp.a(alt_irq_vars.o)
 .data          0x00000000000321f0        0x0 ../week_4_4_6_bsp/\libhal_bsp.a(alt_open.o)
 .data          0x00000000000321f0        0x0 ../week_4_4_6_bsp/\libhal_bsp.a(alt_release_fd.o)
 .data          0x00000000000321f0        0x0 ../week_4_4_6_bsp/\libhal_bsp.a(alt_tick.o)
 .data          0x00000000000321f0        0x0 ../week_4_4_6_bsp/\libhal_bsp.a(altera_nios2_gen2_irq.o)
 .data          0x00000000000321f0        0x0 ../week_4_4_6_bsp/\libhal_bsp.a(alt_find_file.o)
 .data          0x00000000000321f0        0x0 ../week_4_4_6_bsp/\libhal_bsp.a(alt_get_fd.o)
 .data          0x00000000000321f0        0x0 ../week_4_4_6_bsp/\libhal_bsp.a(alt_icache_flush.o)
 .data          0x00000000000321f0        0x0 ../week_4_4_6_bsp/\libhal_bsp.a(alt_irq_entry.o)
 .data          0x00000000000321f0        0x0 ../week_4_4_6_bsp/\libhal_bsp.a(alt_irq_handler.o)
 .data          0x00000000000321f0        0x0 ../week_4_4_6_bsp/\libhal_bsp.a(alt_exception_entry.o)
 .data          0x00000000000321f0        0x0 ../week_4_4_6_bsp/\libhal_bsp.a(alt_instruction_exception_entry.o)
 .data          0x00000000000321f0        0x0 c:/intelfpga_lite/18.1/nios2eds/bin/gnu/h-x86_64-mingw32/bin/../lib/gcc/nios2-elf/5.3.0/../../../../../H-x86_64-mingw32/nios2-elf/lib\libc.a(lib_a-atexit.o)
 .data          0x00000000000321f0        0x0 c:/intelfpga_lite/18.1/nios2eds/bin/gnu/h-x86_64-mingw32/bin/../lib/gcc/nios2-elf/5.3.0/../../../../../H-x86_64-mingw32/nios2-elf/lib\libc.a(lib_a-exit.o)
 .data          0x00000000000321f0        0x0 c:/intelfpga_lite/18.1/nios2eds/bin/gnu/h-x86_64-mingw32/bin/../lib/gcc/nios2-elf/5.3.0/../../../../../H-x86_64-mingw32/nios2-elf/lib\libc.a(lib_a-impure.o)
 .data.impure_data
                0x00000000000321f0      0x424 c:/intelfpga_lite/18.1/nios2eds/bin/gnu/h-x86_64-mingw32/bin/../lib/gcc/nios2-elf/5.3.0/../../../../../H-x86_64-mingw32/nios2-elf/lib\libc.a(lib_a-impure.o)
 .data          0x0000000000032614        0x0 c:/intelfpga_lite/18.1/nios2eds/bin/gnu/h-x86_64-mingw32/bin/../lib/gcc/nios2-elf/5.3.0/../../../../../H-x86_64-mingw32/nios2-elf/lib\libc.a(lib_a-int_errno.o)
 .data          0x0000000000032614        0x0 c:/intelfpga_lite/18.1/nios2eds/bin/gnu/h-x86_64-mingw32/bin/../lib/gcc/nios2-elf/5.3.0/../../../../../H-x86_64-mingw32/nios2-elf/lib\libc.a(lib_a-memcmp.o)
 .data          0x0000000000032614        0x0 c:/intelfpga_lite/18.1/nios2eds/bin/gnu/h-x86_64-mingw32/bin/../lib/gcc/nios2-elf/5.3.0/../../../../../H-x86_64-mingw32/nios2-elf/lib\libc.a(lib_a-memcpy.o)
 .data          0x0000000000032614        0x0 c:/intelfpga_lite/18.1/nios2eds/bin/gnu/h-x86_64-mingw32/bin/../lib/gcc/nios2-elf/5.3.0/../../../../../H-x86_64-mingw32/nios2-elf/lib\libc.a(lib_a-printf.o)
 .data          0x0000000000032614        0x0 c:/intelfpga_lite/18.1/nios2eds/bin/gnu/h-x86_64-mingw32/bin/../lib/gcc/nios2-elf/5.3.0/../../../../../H-x86_64-mingw32/nios2-elf/lib\libc.a(lib_a-putc.o)
 .data          0x0000000000032614        0x0 c:/intelfpga_lite/18.1/nios2eds/bin/gnu/h-x86_64-mingw32/bin/../lib/gcc/nios2-elf/5.3.0/../../../../../H-x86_64-mingw32/nios2-elf/lib\libc.a(lib_a-strlen.o)
 .data          0x0000000000032614        0x0 c:/intelfpga_lite/18.1/nios2eds/bin/gnu/h-x86_64-mingw32/bin/../lib/gcc/nios2-elf/5.3.0/../../../../../H-x86_64-mingw32/nios2-elf/lib\libc.a(lib_a-vfprintf.o)
 .data          0x0000000000032614        0x0 c:/intelfpga_lite/18.1/nios2eds/bin/gnu/h-x86_64-mingw32/bin/../lib/gcc/nios2-elf/5.3.0/../../../../../H-x86_64-mingw32/nios2-elf/lib\libc.a(lib_a-wbuf.o)
 .data          0x0000000000032614        0x0 c:/intelfpga_lite/18.1/nios2eds/bin/gnu/h-x86_64-mingw32/bin/../lib/gcc/nios2-elf/5.3.0/../../../../../H-x86_64-mingw32/nios2-elf/lib\libc.a(lib_a-wsetup.o)
 .data          0x0000000000032614        0x0 c:/intelfpga_lite/18.1/nios2eds/bin/gnu/h-x86_64-mingw32/bin/../lib/gcc/nios2-elf/5.3.0/../../../../../H-x86_64-mingw32/nios2-elf/lib\libc.a(lib_a-__atexit.o)
 .data          0x0000000000032614        0x0 c:/intelfpga_lite/18.1/nios2eds/bin/gnu/h-x86_64-mingw32/bin/../lib/gcc/nios2-elf/5.3.0/../../../../../H-x86_64-mingw32/nios2-elf/lib\libc.a(lib_a-__call_atexit.o)
 .data          0x0000000000032614        0x0 c:/intelfpga_lite/18.1/nios2eds/bin/gnu/h-x86_64-mingw32/bin/../lib/gcc/nios2-elf/5.3.0/../../../../../H-x86_64-mingw32/nios2-elf/lib\libc.a(lib_a-dtoa.o)
 .data          0x0000000000032614        0x0 c:/intelfpga_lite/18.1/nios2eds/bin/gnu/h-x86_64-mingw32/bin/../lib/gcc/nios2-elf/5.3.0/../../../../../H-x86_64-mingw32/nios2-elf/lib\libc.a(lib_a-fflush.o)
 .data          0x0000000000032614        0x0 c:/intelfpga_lite/18.1/nios2eds/bin/gnu/h-x86_64-mingw32/bin/../lib/gcc/nios2-elf/5.3.0/../../../../../H-x86_64-mingw32/nios2-elf/lib\libc.a(lib_a-findfp.o)
 .data          0x0000000000032614        0x0 c:/intelfpga_lite/18.1/nios2eds/bin/gnu/h-x86_64-mingw32/bin/../lib/gcc/nios2-elf/5.3.0/../../../../../H-x86_64-mingw32/nios2-elf/lib\libc.a(lib_a-freer.o)
 .data          0x0000000000032614        0x0 c:/intelfpga_lite/18.1/nios2eds/bin/gnu/h-x86_64-mingw32/bin/../lib/gcc/nios2-elf/5.3.0/../../../../../H-x86_64-mingw32/nios2-elf/lib\libc.a(lib_a-fwalk.o)
 .data          0x0000000000032614        0x0 c:/intelfpga_lite/18.1/nios2eds/bin/gnu/h-x86_64-mingw32/bin/../lib/gcc/nios2-elf/5.3.0/../../../../../H-x86_64-mingw32/nios2-elf/lib\libc.a(lib_a-locale.o)
 .data.lc_message_charset
                0x0000000000032614       0x20 c:/intelfpga_lite/18.1/nios2eds/bin/gnu/h-x86_64-mingw32/bin/../lib/gcc/nios2-elf/5.3.0/../../../../../H-x86_64-mingw32/nios2-elf/lib\libc.a(lib_a-locale.o)
 .data.lc_ctype_charset
                0x0000000000032634       0x20 c:/intelfpga_lite/18.1/nios2eds/bin/gnu/h-x86_64-mingw32/bin/../lib/gcc/nios2-elf/5.3.0/../../../../../H-x86_64-mingw32/nios2-elf/lib\libc.a(lib_a-locale.o)
 .data.lconv    0x0000000000032654       0x38 c:/intelfpga_lite/18.1/nios2eds/bin/gnu/h-x86_64-mingw32/bin/../lib/gcc/nios2-elf/5.3.0/../../../../../H-x86_64-mingw32/nios2-elf/lib\libc.a(lib_a-locale.o)
 .data          0x000000000003268c        0x0 c:/intelfpga_lite/18.1/nios2eds/bin/gnu/h-x86_64-mingw32/bin/../lib/gcc/nios2-elf/5.3.0/../../../../../H-x86_64-mingw32/nios2-elf/lib\libc.a(lib_a-makebuf.o)
 .data          0x000000000003268c        0x0 c:/intelfpga_lite/18.1/nios2eds/bin/gnu/h-x86_64-mingw32/bin/../lib/gcc/nios2-elf/5.3.0/../../../../../H-x86_64-mingw32/nios2-elf/lib\libc.a(lib_a-mallocr.o)
 .data.__malloc_av_
                0x000000000003268c      0x408 c:/intelfpga_lite/18.1/nios2eds/bin/gnu/h-x86_64-mingw32/bin/../lib/gcc/nios2-elf/5.3.0/../../../../../H-x86_64-mingw32/nios2-elf/lib\libc.a(lib_a-mallocr.o)
                0x000000000003268c                __malloc_av_
 .data          0x0000000000032a94        0x0 c:/intelfpga_lite/18.1/nios2eds/bin/gnu/h-x86_64-mingw32/bin/../lib/gcc/nios2-elf/5.3.0/../../../../../H-x86_64-mingw32/nios2-elf/lib\libc.a(lib_a-memchr.o)
 .data          0x0000000000032a94        0x0 c:/intelfpga_lite/18.1/nios2eds/bin/gnu/h-x86_64-mingw32/bin/../lib/gcc/nios2-elf/5.3.0/../../../../../H-x86_64-mingw32/nios2-elf/lib\libc.a(lib_a-memset.o)
 .data          0x0000000000032a94        0x0 c:/intelfpga_lite/18.1/nios2eds/bin/gnu/h-x86_64-mingw32/bin/../lib/gcc/nios2-elf/5.3.0/../../../../../H-x86_64-mingw32/nios2-elf/lib\libc.a(lib_a-mprec.o)
 .data          0x0000000000032a94        0x0 c:/intelfpga_lite/18.1/nios2eds/bin/gnu/h-x86_64-mingw32/bin/../lib/gcc/nios2-elf/5.3.0/../../../../../H-x86_64-mingw32/nios2-elf/lib\libc.a(lib_a-s_fpclassify.o)
 .data          0x0000000000032a94        0x0 c:/intelfpga_lite/18.1/nios2eds/bin/gnu/h-x86_64-mingw32/bin/../lib/gcc/nios2-elf/5.3.0/../../../../../H-x86_64-mingw32/nios2-elf/lib\libc.a(lib_a-sbrkr.o)
 .data          0x0000000000032a94        0x0 c:/intelfpga_lite/18.1/nios2eds/bin/gnu/h-x86_64-mingw32/bin/../lib/gcc/nios2-elf/5.3.0/../../../../../H-x86_64-mingw32/nios2-elf/lib\libc.a(lib_a-stdio.o)
 .data          0x0000000000032a94        0x0 c:/intelfpga_lite/18.1/nios2eds/bin/gnu/h-x86_64-mingw32/bin/../lib/gcc/nios2-elf/5.3.0/../../../../../H-x86_64-mingw32/nios2-elf/lib\libc.a(lib_a-strcmp.o)
 .data          0x0000000000032a94        0x0 c:/intelfpga_lite/18.1/nios2eds/bin/gnu/h-x86_64-mingw32/bin/../lib/gcc/nios2-elf/5.3.0/../../../../../H-x86_64-mingw32/nios2-elf/lib\libc.a(lib_a-vfiprintf.o)
 .data          0x0000000000032a94        0x0 c:/intelfpga_lite/18.1/nios2eds/bin/gnu/h-x86_64-mingw32/bin/../lib/gcc/nios2-elf/5.3.0/../../../../../H-x86_64-mingw32/nios2-elf/lib\libc.a(lib_a-writer.o)
 .data          0x0000000000032a94        0x0 c:/intelfpga_lite/18.1/nios2eds/bin/gnu/h-x86_64-mingw32/bin/../lib/gcc/nios2-elf/5.3.0/../../../../../H-x86_64-mingw32/nios2-elf/lib\libc.a(closer.o)
 .data          0x0000000000032a94        0x0 c:/intelfpga_lite/18.1/nios2eds/bin/gnu/h-x86_64-mingw32/bin/../lib/gcc/nios2-elf/5.3.0/../../../../../H-x86_64-mingw32/nios2-elf/lib\libc.a(lib_a-callocr.o)
 .data          0x0000000000032a94        0x0 c:/intelfpga_lite/18.1/nios2eds/bin/gnu/h-x86_64-mingw32/bin/../lib/gcc/nios2-elf/5.3.0/../../../../../H-x86_64-mingw32/nios2-elf/lib\libc.a(lib_a-fclose.o)
 .data          0x0000000000032a94        0x0 c:/intelfpga_lite/18.1/nios2eds/bin/gnu/h-x86_64-mingw32/bin/../lib/gcc/nios2-elf/5.3.0/../../../../../H-x86_64-mingw32/nios2-elf/lib\libc.a(lib_a-fputwc.o)
 .data          0x0000000000032a94        0x0 c:/intelfpga_lite/18.1/nios2eds/bin/gnu/h-x86_64-mingw32/bin/../lib/gcc/nios2-elf/5.3.0/../../../../../H-x86_64-mingw32/nios2-elf/lib\libc.a(lib_a-fstatr.o)
 .data          0x0000000000032a94        0x0 c:/intelfpga_lite/18.1/nios2eds/bin/gnu/h-x86_64-mingw32/bin/../lib/gcc/nios2-elf/5.3.0/../../../../../H-x86_64-mingw32/nios2-elf/lib\libc.a(lib_a-fvwrite.o)
 .data          0x0000000000032a94        0x0 c:/intelfpga_lite/18.1/nios2eds/bin/gnu/h-x86_64-mingw32/bin/../lib/gcc/nios2-elf/5.3.0/../../../../../H-x86_64-mingw32/nios2-elf/lib\libc.a(lib_a-isattyr.o)
 .data          0x0000000000032a94        0x0 c:/intelfpga_lite/18.1/nios2eds/bin/gnu/h-x86_64-mingw32/bin/../lib/gcc/nios2-elf/5.3.0/../../../../../H-x86_64-mingw32/nios2-elf/lib\libc.a(lib_a-lseekr.o)
 .data          0x0000000000032a94        0x0 c:/intelfpga_lite/18.1/nios2eds/bin/gnu/h-x86_64-mingw32/bin/../lib/gcc/nios2-elf/5.3.0/../../../../../H-x86_64-mingw32/nios2-elf/lib\libc.a(lib_a-memmove.o)
 .data          0x0000000000032a94        0x0 c:/intelfpga_lite/18.1/nios2eds/bin/gnu/h-x86_64-mingw32/bin/../lib/gcc/nios2-elf/5.3.0/../../../../../H-x86_64-mingw32/nios2-elf/lib\libc.a(lib_a-readr.o)
 .data          0x0000000000032a94        0x0 c:/intelfpga_lite/18.1/nios2eds/bin/gnu/h-x86_64-mingw32/bin/../lib/gcc/nios2-elf/5.3.0/../../../../../H-x86_64-mingw32/nios2-elf/lib\libc.a(lib_a-reallocr.o)
 .data          0x0000000000032a94        0x0 c:/intelfpga_lite/18.1/nios2eds/bin/gnu/h-x86_64-mingw32/bin/../lib/gcc/nios2-elf/5.3.0/../../../../../H-x86_64-mingw32/nios2-elf/lib\libc.a(lib_a-wcrtomb.o)
 .data          0x0000000000032a94        0x0 c:/intelfpga_lite/18.1/nios2eds/bin/gnu/h-x86_64-mingw32/bin/../lib/gcc/nios2-elf/5.3.0/../../../../../H-x86_64-mingw32/nios2-elf/lib\libc.a(lib_a-wctomb_r.o)
 .data          0x0000000000032a94        0x0 c:/intelfpga_lite/18.1/nios2eds/bin/gnu/h-x86_64-mingw32/bin/../lib/gcc/nios2-elf/5.3.0\libgcc.a(_floatundidf.o)
 .data          0x0000000000032a94        0x0 c:/intelfpga_lite/18.1/nios2eds/bin/gnu/h-x86_64-mingw32/bin/../lib/gcc/nios2-elf/5.3.0\libgcc.a(_udivdi3.o)
 .data          0x0000000000032a94        0x0 c:/intelfpga_lite/18.1/nios2eds/bin/gnu/h-x86_64-mingw32/bin/../lib/gcc/nios2-elf/5.3.0\libgcc.a(_umoddi3.o)
 .data          0x0000000000032a94        0x0 c:/intelfpga_lite/18.1/nios2eds/bin/gnu/h-x86_64-mingw32/bin/../lib/gcc/nios2-elf/5.3.0\libgcc.a(lib2-divmod.o)
 .data          0x0000000000032a94        0x0 c:/intelfpga_lite/18.1/nios2eds/bin/gnu/h-x86_64-mingw32/bin/../lib/gcc/nios2-elf/5.3.0\libgcc.a(adddf3.o)
 .data          0x0000000000032a94        0x0 c:/intelfpga_lite/18.1/nios2eds/bin/gnu/h-x86_64-mingw32/bin/../lib/gcc/nios2-elf/5.3.0\libgcc.a(divdf3.o)
 .data          0x0000000000032a94        0x0 c:/intelfpga_lite/18.1/nios2eds/bin/gnu/h-x86_64-mingw32/bin/../lib/gcc/nios2-elf/5.3.0\libgcc.a(eqdf2.o)
 .data          0x0000000000032a94        0x0 c:/intelfpga_lite/18.1/nios2eds/bin/gnu/h-x86_64-mingw32/bin/../lib/gcc/nios2-elf/5.3.0\libgcc.a(gedf2.o)
 .data          0x0000000000032a94        0x0 c:/intelfpga_lite/18.1/nios2eds/bin/gnu/h-x86_64-mingw32/bin/../lib/gcc/nios2-elf/5.3.0\libgcc.a(ledf2.o)
 .data          0x0000000000032a94        0x0 c:/intelfpga_lite/18.1/nios2eds/bin/gnu/h-x86_64-mingw32/bin/../lib/gcc/nios2-elf/5.3.0\libgcc.a(muldf3.o)
 .data          0x0000000000032a94        0x0 c:/intelfpga_lite/18.1/nios2eds/bin/gnu/h-x86_64-mingw32/bin/../lib/gcc/nios2-elf/5.3.0\libgcc.a(subdf3.o)
 .data          0x0000000000032a94        0x0 c:/intelfpga_lite/18.1/nios2eds/bin/gnu/h-x86_64-mingw32/bin/../lib/gcc/nios2-elf/5.3.0\libgcc.a(fixdfsi.o)
 .data          0x0000000000032a94        0x0 c:/intelfpga_lite/18.1/nios2eds/bin/gnu/h-x86_64-mingw32/bin/../lib/gcc/nios2-elf/5.3.0\libgcc.a(floatsidf.o)
 .data          0x0000000000032a94        0x0 c:/intelfpga_lite/18.1/nios2eds/bin/gnu/h-x86_64-mingw32/bin/../lib/gcc/nios2-elf/5.3.0\libgcc.a(floatunsidf.o)
 .data          0x0000000000032a94        0x0 c:/intelfpga_lite/18.1/nios2eds/bin/gnu/h-x86_64-mingw32/bin/../lib/gcc/nios2-elf/5.3.0\libgcc.a(_clz.o)
 .data          0x0000000000032a94        0x0 c:/intelfpga_lite/18.1/nios2eds/bin/gnu/h-x86_64-mingw32/bin/../lib/gcc/nios2-elf/5.3.0\libgcc.a(_clzsi2.o)
 .data          0x0000000000032a94        0x0 ../week_4_4_6_bsp/\libhal_bsp.a(alt_exit.o)
 .data          0x0000000000032a94        0x0 ../week_4_4_6_bsp/\libhal_bsp.a(alt_fstat.o)
 .data          0x0000000000032a94        0x0 ../week_4_4_6_bsp/\libhal_bsp.a(alt_isatty.o)
 .data          0x0000000000032a94        0x0 ../week_4_4_6_bsp/\libhal_bsp.a(alt_lseek.o)
 .data          0x0000000000032a94        0x0 ../week_4_4_6_bsp/\libhal_bsp.a(alt_malloc_lock.o)
 .data          0x0000000000032a94        0x0 ../week_4_4_6_bsp/\libhal_bsp.a(alt_read.o)
 .data          0x0000000000032a94        0x0 ../week_4_4_6_bsp/\libhal_bsp.a(alt_sbrk.o)
 .data          0x0000000000032a94        0x0 ../week_4_4_6_bsp/\libhal_bsp.a(alt_write.o)
                0x000000000003aa94                _gp = ABSOLUTE ((. + 0x8000))
                [!provide]                        PROVIDE (gp, _gp)
 *(.rwdata .rwdata.*)
 *(.sdata .sdata.* .gnu.linkonce.s.*)
 .sdata         0x0000000000032a94       0x14 ../week_4_4_6_bsp/\libhal_bsp.a(alt_dev.o)
                0x0000000000032a94                alt_fs_list
                0x0000000000032a9c                alt_dev_list
                0x0000000000032aa4                alt_max_fd
 .sdata         0x0000000000032aa8        0x4 ../week_4_4_6_bsp/\libhal_bsp.a(alt_errno.o)
                0x0000000000032aa8                alt_errno
 .sdata         0x0000000000032aac        0x4 ../week_4_4_6_bsp/\libhal_bsp.a(alt_irq_vars.o)
                0x0000000000032aac                alt_priority_mask
 .sdata         0x0000000000032ab0        0x8 ../week_4_4_6_bsp/\libhal_bsp.a(alt_tick.o)
                0x0000000000032ab0                alt_alarm_list
 .sdata._global_impure_ptr
                0x0000000000032ab8        0x4 c:/intelfpga_lite/18.1/nios2eds/bin/gnu/h-x86_64-mingw32/bin/../lib/gcc/nios2-elf/5.3.0/../../../../../H-x86_64-mingw32/nios2-elf/lib\libc.a(lib_a-impure.o)
                0x0000000000032ab8                _global_impure_ptr
 .sdata._impure_ptr
                0x0000000000032abc        0x4 c:/intelfpga_lite/18.1/nios2eds/bin/gnu/h-x86_64-mingw32/bin/../lib/gcc/nios2-elf/5.3.0/../../../../../H-x86_64-mingw32/nios2-elf/lib\libc.a(lib_a-impure.o)
                0x0000000000032abc                _impure_ptr
 .sdata.__mb_cur_max
                0x0000000000032ac0        0x4 c:/intelfpga_lite/18.1/nios2eds/bin/gnu/h-x86_64-mingw32/bin/../lib/gcc/nios2-elf/5.3.0/../../../../../H-x86_64-mingw32/nios2-elf/lib\libc.a(lib_a-locale.o)
                0x0000000000032ac0                __mb_cur_max
 .sdata.__malloc_sbrk_base
                0x0000000000032ac4        0x4 c:/intelfpga_lite/18.1/nios2eds/bin/gnu/h-x86_64-mingw32/bin/../lib/gcc/nios2-elf/5.3.0/../../../../../H-x86_64-mingw32/nios2-elf/lib\libc.a(lib_a-mallocr.o)
                0x0000000000032ac4                __malloc_sbrk_base
 .sdata.__malloc_trim_threshold
                0x0000000000032ac8        0x4 c:/intelfpga_lite/18.1/nios2eds/bin/gnu/h-x86_64-mingw32/bin/../lib/gcc/nios2-elf/5.3.0/../../../../../H-x86_64-mingw32/nios2-elf/lib\libc.a(lib_a-mallocr.o)
                0x0000000000032ac8                __malloc_trim_threshold
 .sdata.__wctomb
                0x0000000000032acc        0x4 c:/intelfpga_lite/18.1/nios2eds/bin/gnu/h-x86_64-mingw32/bin/../lib/gcc/nios2-elf/5.3.0/../../../../../H-x86_64-mingw32/nios2-elf/lib\libc.a(lib_a-wctomb_r.o)
                0x0000000000032acc                __wctomb
 .sdata         0x0000000000032ad0        0x4 ../week_4_4_6_bsp/\libhal_bsp.a(alt_sbrk.o)
 *(.sdata2 .sdata2.* .gnu.linkonce.s2.*)
                0x0000000000032ad4                . = ALIGN (0x4)
                0x0000000000032ad4                _edata = ABSOLUTE (.)
                [!provide]                        PROVIDE (edata, ABSOLUTE (.))
                0x0000000000032ad4                PROVIDE (__ram_rwdata_end, ABSOLUTE (.))
                0x0000000000032ad4                PROVIDE (__flash_rwdata_start, LOADADDR (.rwdata))

.bss            0x0000000000034620      0x1c8
                0x0000000000034620                __bss_start = ABSOLUTE (.)
                [!provide]                        PROVIDE (__sbss_start, ABSOLUTE (.))
                [!provide]                        PROVIDE (___sbss_start, ABSOLUTE (.))
 *(.dynsbss)
 *(.sbss .sbss.* .gnu.linkonce.sb.*)
 .sbss          0x0000000000034620        0xc ../week_4_4_6_bsp/\libhal_bsp.a(alt_main.o)
                0x0000000000034620                alt_argc
                0x0000000000034624                alt_argv
                0x0000000000034628                alt_envp
 .sbss          0x000000000003462c        0x4 ../week_4_4_6_bsp/\libhal_bsp.a(alt_irq_vars.o)
                0x000000000003462c                alt_irq_active
 .sbss          0x0000000000034630        0x8 ../week_4_4_6_bsp/\libhal_bsp.a(alt_tick.o)
                0x0000000000034630                _alt_tick_rate
                0x0000000000034634                _alt_nticks
 .sbss          0x0000000000034638        0x4 ../week_4_4_6_bsp/\libhal_bsp.a(alt_instruction_exception_entry.o)
                0x0000000000034638                alt_instruction_exception_handler
 .sbss          0x000000000003463c        0x4 c:/intelfpga_lite/18.1/nios2eds/bin/gnu/h-x86_64-mingw32/bin/../lib/gcc/nios2-elf/5.3.0/../../../../../H-x86_64-mingw32/nios2-elf/lib\libc.a(lib_a-int_errno.o)
                0x000000000003463c                errno
 .sbss._PathLocale
                0x0000000000034640        0x4 c:/intelfpga_lite/18.1/nios2eds/bin/gnu/h-x86_64-mingw32/bin/../lib/gcc/nios2-elf/5.3.0/../../../../../H-x86_64-mingw32/nios2-elf/lib\libc.a(lib_a-locale.o)
                0x0000000000034640                _PathLocale
 .sbss.__mlocale_changed
                0x0000000000034644        0x4 c:/intelfpga_lite/18.1/nios2eds/bin/gnu/h-x86_64-mingw32/bin/../lib/gcc/nios2-elf/5.3.0/../../../../../H-x86_64-mingw32/nios2-elf/lib\libc.a(lib_a-locale.o)
                0x0000000000034644                __mlocale_changed
 .sbss.__nlocale_changed
                0x0000000000034648        0x4 c:/intelfpga_lite/18.1/nios2eds/bin/gnu/h-x86_64-mingw32/bin/../lib/gcc/nios2-elf/5.3.0/../../../../../H-x86_64-mingw32/nios2-elf/lib\libc.a(lib_a-locale.o)
                0x0000000000034648                __nlocale_changed
 .sbss.__malloc_max_total_mem
                0x000000000003464c        0x4 c:/intelfpga_lite/18.1/nios2eds/bin/gnu/h-x86_64-mingw32/bin/../lib/gcc/nios2-elf/5.3.0/../../../../../H-x86_64-mingw32/nios2-elf/lib\libc.a(lib_a-mallocr.o)
                0x000000000003464c                __malloc_max_total_mem
 .sbss.__malloc_max_sbrked_mem
                0x0000000000034650        0x4 c:/intelfpga_lite/18.1/nios2eds/bin/gnu/h-x86_64-mingw32/bin/../lib/gcc/nios2-elf/5.3.0/../../../../../H-x86_64-mingw32/nios2-elf/lib\libc.a(lib_a-mallocr.o)
                0x0000000000034650                __malloc_max_sbrked_mem
 .sbss.__malloc_top_pad
                0x0000000000034654        0x4 c:/intelfpga_lite/18.1/nios2eds/bin/gnu/h-x86_64-mingw32/bin/../lib/gcc/nios2-elf/5.3.0/../../../../../H-x86_64-mingw32/nios2-elf/lib\libc.a(lib_a-mallocr.o)
                0x0000000000034654                __malloc_top_pad
 *(.sbss2 .sbss2.* .gnu.linkonce.sb2.*)
 *(.scommon)
                [!provide]                        PROVIDE (__sbss_end, ABSOLUTE (.))
                [!provide]                        PROVIDE (___sbss_end, ABSOLUTE (.))
 *(.dynbss)
 *(.bss .bss.* .gnu.linkonce.b.*)
 .bss           0x0000000000034658        0x0 ../week_4_4_6_bsp//obj/HAL/src/crt0.o
 .bss           0x0000000000034658       0x66 obj/default/audio.o
 .bss           0x00000000000346be        0x0 ../week_4_4_6_bsp/\libhal_bsp.a(alt_load.o)
 .bss           0x00000000000346be        0x0 ../week_4_4_6_bsp/\libhal_bsp.a(alt_main.o)
 .bss           0x00000000000346be        0x0 ../week_4_4_6_bsp/\libhal_bsp.a(alt_printf.o)
 .bss           0x00000000000346be        0x0 ../week_4_4_6_bsp/\libhal_bsp.a(alt_putchar.o)
 .bss           0x00000000000346be        0x0 ../week_4_4_6_bsp/\libhal_bsp.a(alt_sys_init.o)
 .bss           0x00000000000346be        0x0 ../week_4_4_6_bsp/\libhal_bsp.a(altera_avalon_jtag_uart_fd.o)
 .bss           0x00000000000346be        0x0 ../week_4_4_6_bsp/\libhal_bsp.a(altera_avalon_jtag_uart_init.o)
 .bss           0x00000000000346be        0x0 ../week_4_4_6_bsp/\libhal_bsp.a(altera_avalon_jtag_uart_ioctl.o)
 .bss           0x00000000000346be        0x0 ../week_4_4_6_bsp/\libhal_bsp.a(altera_avalon_jtag_uart_read.o)
 .bss           0x00000000000346be        0x0 ../week_4_4_6_bsp/\libhal_bsp.a(altera_avalon_jtag_uart_write.o)
 .bss           0x00000000000346be        0x0 ../week_4_4_6_bsp/\libhal_bsp.a(altera_avalon_performance_counter.o)
 .bss           0x00000000000346be        0x0 ../week_4_4_6_bsp/\libhal_bsp.a(altera_up_avalon_audio.o)
 .bss           0x00000000000346be        0x0 ../week_4_4_6_bsp/\libhal_bsp.a(altera_up_avalon_audio_and_video_config.o)
 .bss           0x00000000000346be        0x0 ../week_4_4_6_bsp/\libhal_bsp.a(perf_print_formatted_report.o)
 .bss           0x00000000000346be        0x0 ../week_4_4_6_bsp/\libhal_bsp.a(alt_alarm_start.o)
 .bss           0x00000000000346be        0x0 ../week_4_4_6_bsp/\libhal_bsp.a(alt_close.o)
 .bss           0x00000000000346be        0x0 ../week_4_4_6_bsp/\libhal_bsp.a(alt_dcache_flush_all.o)
 .bss           0x00000000000346be        0x0 ../week_4_4_6_bsp/\libhal_bsp.a(alt_dev.o)
 .bss           0x00000000000346be        0x0 ../week_4_4_6_bsp/\libhal_bsp.a(alt_dev_llist_insert.o)
 .bss           0x00000000000346be        0x0 ../week_4_4_6_bsp/\libhal_bsp.a(alt_do_ctors.o)
 .bss           0x00000000000346be        0x0 ../week_4_4_6_bsp/\libhal_bsp.a(alt_do_dtors.o)
 .bss           0x00000000000346be        0x0 ../week_4_4_6_bsp/\libhal_bsp.a(alt_errno.o)
 .bss           0x00000000000346be        0x0 ../week_4_4_6_bsp/\libhal_bsp.a(alt_find_dev.o)
 .bss           0x00000000000346be        0x0 ../week_4_4_6_bsp/\libhal_bsp.a(alt_icache_flush_all.o)
 .bss           0x00000000000346be        0x0 ../week_4_4_6_bsp/\libhal_bsp.a(alt_io_redirect.o)
 .bss           0x00000000000346be        0x0 ../week_4_4_6_bsp/\libhal_bsp.a(alt_irq_register.o)
 .bss           0x00000000000346be        0x0 ../week_4_4_6_bsp/\libhal_bsp.a(alt_irq_vars.o)
 .bss           0x00000000000346be        0x0 ../week_4_4_6_bsp/\libhal_bsp.a(alt_open.o)
 .bss           0x00000000000346be        0x0 ../week_4_4_6_bsp/\libhal_bsp.a(alt_release_fd.o)
 .bss           0x00000000000346be        0x0 ../week_4_4_6_bsp/\libhal_bsp.a(alt_tick.o)
 .bss           0x00000000000346be        0x0 ../week_4_4_6_bsp/\libhal_bsp.a(altera_nios2_gen2_irq.o)
 .bss           0x00000000000346be        0x0 ../week_4_4_6_bsp/\libhal_bsp.a(alt_find_file.o)
 .bss           0x00000000000346be        0x0 ../week_4_4_6_bsp/\libhal_bsp.a(alt_get_fd.o)
 .bss           0x00000000000346be        0x0 ../week_4_4_6_bsp/\libhal_bsp.a(alt_icache_flush.o)
 .bss           0x00000000000346be        0x0 ../week_4_4_6_bsp/\libhal_bsp.a(alt_irq_entry.o)
 .bss           0x00000000000346be        0x0 ../week_4_4_6_bsp/\libhal_bsp.a(alt_irq_handler.o)
 .bss           0x00000000000346be        0x0 ../week_4_4_6_bsp/\libhal_bsp.a(alt_exception_entry.o)
 .bss           0x00000000000346be        0x0 ../week_4_4_6_bsp/\libhal_bsp.a(alt_instruction_exception_entry.o)
 .bss           0x00000000000346be        0x0 c:/intelfpga_lite/18.1/nios2eds/bin/gnu/h-x86_64-mingw32/bin/../lib/gcc/nios2-elf/5.3.0/../../../../../H-x86_64-mingw32/nios2-elf/lib\libc.a(lib_a-atexit.o)
 .bss           0x00000000000346be        0x0 c:/intelfpga_lite/18.1/nios2eds/bin/gnu/h-x86_64-mingw32/bin/../lib/gcc/nios2-elf/5.3.0/../../../../../H-x86_64-mingw32/nios2-elf/lib\libc.a(lib_a-exit.o)
 .bss           0x00000000000346be        0x0 c:/intelfpga_lite/18.1/nios2eds/bin/gnu/h-x86_64-mingw32/bin/../lib/gcc/nios2-elf/5.3.0/../../../../../H-x86_64-mingw32/nios2-elf/lib\libc.a(lib_a-impure.o)
 .bss           0x00000000000346be        0x0 c:/intelfpga_lite/18.1/nios2eds/bin/gnu/h-x86_64-mingw32/bin/../lib/gcc/nios2-elf/5.3.0/../../../../../H-x86_64-mingw32/nios2-elf/lib\libc.a(lib_a-int_errno.o)
 .bss           0x00000000000346be        0x0 c:/intelfpga_lite/18.1/nios2eds/bin/gnu/h-x86_64-mingw32/bin/../lib/gcc/nios2-elf/5.3.0/../../../../../H-x86_64-mingw32/nios2-elf/lib\libc.a(lib_a-memcmp.o)
 .bss           0x00000000000346be        0x0 c:/intelfpga_lite/18.1/nios2eds/bin/gnu/h-x86_64-mingw32/bin/../lib/gcc/nios2-elf/5.3.0/../../../../../H-x86_64-mingw32/nios2-elf/lib\libc.a(lib_a-memcpy.o)
 .bss           0x00000000000346be        0x0 c:/intelfpga_lite/18.1/nios2eds/bin/gnu/h-x86_64-mingw32/bin/../lib/gcc/nios2-elf/5.3.0/../../../../../H-x86_64-mingw32/nios2-elf/lib\libc.a(lib_a-printf.o)
 .bss           0x00000000000346be        0x0 c:/intelfpga_lite/18.1/nios2eds/bin/gnu/h-x86_64-mingw32/bin/../lib/gcc/nios2-elf/5.3.0/../../../../../H-x86_64-mingw32/nios2-elf/lib\libc.a(lib_a-putc.o)
 .bss           0x00000000000346be        0x0 c:/intelfpga_lite/18.1/nios2eds/bin/gnu/h-x86_64-mingw32/bin/../lib/gcc/nios2-elf/5.3.0/../../../../../H-x86_64-mingw32/nios2-elf/lib\libc.a(lib_a-strlen.o)
 .bss           0x00000000000346be        0x0 c:/intelfpga_lite/18.1/nios2eds/bin/gnu/h-x86_64-mingw32/bin/../lib/gcc/nios2-elf/5.3.0/../../../../../H-x86_64-mingw32/nios2-elf/lib\libc.a(lib_a-vfprintf.o)
 .bss           0x00000000000346be        0x0 c:/intelfpga_lite/18.1/nios2eds/bin/gnu/h-x86_64-mingw32/bin/../lib/gcc/nios2-elf/5.3.0/../../../../../H-x86_64-mingw32/nios2-elf/lib\libc.a(lib_a-wbuf.o)
 .bss           0x00000000000346be        0x0 c:/intelfpga_lite/18.1/nios2eds/bin/gnu/h-x86_64-mingw32/bin/../lib/gcc/nios2-elf/5.3.0/../../../../../H-x86_64-mingw32/nios2-elf/lib\libc.a(lib_a-wsetup.o)
 .bss           0x00000000000346be        0x0 c:/intelfpga_lite/18.1/nios2eds/bin/gnu/h-x86_64-mingw32/bin/../lib/gcc/nios2-elf/5.3.0/../../../../../H-x86_64-mingw32/nios2-elf/lib\libc.a(lib_a-__atexit.o)