18:19:10 **** Build of configuration Nios II for project reactie_spel ****
make all 
Info: Building ../reactie_spel_bsp/
C:/intelFPGA_lite/18.1/nios2eds/bin/gnu/H-x86_64-mingw32/bin/make --no-print-directory -C ../reactie_spel_bsp/
[BSP build complete]
Info: Compiling hello_ucosii.c to obj/default/hello_ucosii.o
nios2-elf-gcc -xc -MP -MMD -c -I../reactie_spel_bsp//UCOSII/inc -I../reactie_spel_bsp//HAL/inc -I../reactie_spel_bsp/ -I../reactie_spel_bsp//drivers/inc  -pipe -D__hal__ -DALT_NO_INSTRUCTION_EMULATION -D__ucosii__    -O0 -g -Wall   -mno-hw-div -mno-hw-mul -mno-hw-mulx -mgpopt=global  -o obj/default/hello_ucosii.o hello_ucosii.c
Info: Linking reactie_spel.elf
nios2-elf-g++  -T'../reactie_spel_bsp//linker.x' -msys-crt0='../reactie_spel_bsp//obj/HAL/src/crt0.o' -msys-lib=ucosii_bsp -L../reactie_spel_bsp/   -Wl,-Map=reactie_spel.map   -O0 -g -Wall   -mno-hw-div -mno-hw-mul -mno-hw-mulx -mgpopt=global  -o reactie_spel.elf obj/default/hello_ucosii.o -lm -msys-lib=m
nios2-elf-insert reactie_spel.elf --thread_model ucosii --cpu_name nios2_qsys_0 --qsys true --simulation_enabled false --id 1 --sidp 0x41050 --timestamp 1769011453 --stderr_dev jtag_uart_0 --stdin_dev jtag_uart_0 --stdout_dev jtag_uart_0 --sopc_system_name reactiespel_system --quartus_project_dir "C:/Users/kriss/Desktop/Embedded_Minor/CSC10/eindopdracht-nios" --jdi ../..//output_files/eindopdracht-nios.jdi --sopcinfo C:/Users/kriss/Desktop/Embedded_Minor/CSC10/eindopdracht-nios/software/reactie_spel_bsp/../../reactiespel_system.sopcinfo
Info: (reactie_spel.elf) 119 KBytes program size (code + initialized data).
Info:                    1832 Bytes free for stack + heap.
Info: Creating reactie_spel.objdump
nios2-elf-objdump --disassemble --syms --all-header --source reactie_spel.elf >reactie_spel.objdump
[reactie_spel build complete]
18:19:19 **** Build of configuration Nios II for project reactie_spel ****
make all 
Info: Building ../reactie_spel_bsp/
C:/intelFPGA_lite/18.1/nios2eds/bin/gnu/H-x86_64-mingw32/bin/make --no-print-directory -C ../reactie_spel_bsp/
[BSP build complete]
[reactie_spel build complete]
18:19:21 **** Incremental Build of configuration Nios II for project reactie_spel ****
make all 
Info: Building ../reactie_spel_bsp/
C:/intelFPGA_lite/18.1/nios2eds/bin/gnu/H-x86_64-mingw32/bin/make --no-print-directory -C ../reactie_spel_bsp/
[BSP build complete]
[reactie_spel build complete]
18:20:51 **** Build of configuration Nios II for project reactie_spel ****
make all 
Info: Building ../reactie_spel_bsp/
C:/intelFPGA_lite/18.1/nios2eds/bin/gnu/H-x86_64-mingw32/bin/make --no-print-directory -C ../reactie_spel_bsp/
[BSP build complete]
Info: Compiling hello_ucosii.c to obj/default/hello_ucosii.o
nios2-elf-gcc -xc -MP -MMD -c -I../reactie_spel_bsp//UCOSII/inc -I../reactie_spel_bsp//HAL/inc -I../reactie_spel_bsp/ -I../reactie_spel_bsp//drivers/inc  -pipe -D__hal__ -DALT_NO_INSTRUCTION_EMULATION -D__ucosii__    -O0 -g -Wall   -mno-hw-div -mno-hw-mul -mno-hw-mulx -mgpopt=global  -o obj/default/hello_ucosii.o hello_ucosii.c
Info: Linking reactie_spel.elf
nios2-elf-g++  -T'../reactie_spel_bsp//linker.x' -msys-crt0='../reactie_spel_bsp//obj/HAL/src/crt0.o' -msys-lib=ucosii_bsp -L../reactie_spel_bsp/   -Wl,-Map=reactie_spel.map   -O0 -g -Wall   -mno-hw-div -mno-hw-mul -mno-hw-mulx -mgpopt=global  -o reactie_spel.elf obj/default/hello_ucosii.o -lm -msys-lib=m
nios2-elf-insert reactie_spel.elf --thread_model ucosii --cpu_name nios2_qsys_0 --qsys true --simulation_enabled false --id 1 --sidp 0x41050 --timestamp 1769011453 --stderr_dev jtag_uart_0 --stdin_dev jtag_uart_0 --stdout_dev jtag_uart_0 --sopc_system_name reactiespel_system --quartus_project_dir "C:/Users/kriss/Desktop/Embedded_Minor/CSC10/eindopdracht-nios" --jdi ../..//output_files/eindopdracht-nios.jdi --sopcinfo C:/Users/kriss/Desktop/Embedded_Minor/CSC10/eindopdracht-nios/software/reactie_spel_bsp/../../reactiespel_system.sopcinfo
Info: (reactie_spel.elf) 119 KBytes program size (code + initialized data).
Info:                    1816 Bytes free for stack + heap.
Info: Creating reactie_spel.objdump
nios2-elf-objdump --disassemble --syms --all-header --source reactie_spel.elf >reactie_spel.objdump
[reactie_spel build complete]
18:20:53 **** Incremental Build of configuration Nios II for project reactie_spel ****
make all 
Info: Building ../reactie_spel_bsp/
C:/intelFPGA_lite/18.1/nios2eds/bin/gnu/H-x86_64-mingw32/bin/make --no-print-directory -C ../reactie_spel_bsp/
[BSP build complete]
[reactie_spel build complete]
18:22:28 **** Build of configuration Nios II for project reactie_spel ****
make all 
Info: Building ../reactie_spel_bsp/
C:/intelFPGA_lite/18.1/nios2eds/bin/gnu/H-x86_64-mingw32/bin/make --no-print-directory -C ../reactie_spel_bsp/
[BSP build complete]
Info: Compiling hello_ucosii.c to obj/default/hello_ucosii.o
nios2-elf-gcc -xc -MP -MMD -c -I../reactie_spel_bsp//UCOSII/inc -I../reactie_spel_bsp//HAL/inc -I../reactie_spel_bsp/ -I../reactie_spel_bsp//drivers/inc  -pipe -D__hal__ -DALT_NO_INSTRUCTION_EMULATION -D__ucosii__    -O0 -g -Wall   -mno-hw-div -mno-hw-mul -mno-hw-mulx -mgpopt=global  -o obj/default/hello_ucosii.o hello_ucosii.c
Info: Linking reactie_spel.elf
nios2-elf-g++  -T'../reactie_spel_bsp//linker.x' -msys-crt0='../reactie_spel_bsp//obj/HAL/src/crt0.o' -msys-lib=ucosii_bsp -L../reactie_spel_bsp/   -Wl,-Map=reactie_spel.map   -O0 -g -Wall   -mno-hw-div -mno-hw-mul -mno-hw-mulx -mgpopt=global  -o reactie_spel.elf obj/default/hello_ucosii.o -lm -msys-lib=m
nios2-elf-insert reactie_spel.elf --thread_model ucosii --cpu_name nios2_qsys_0 --qsys true --simulation_enabled false --id 1 --sidp 0x41050 --timestamp 1769011453 --stderr_dev jtag_uart_0 --stdin_dev jtag_uart_0 --stdout_dev jtag_uart_0 --sopc_system_name reactiespel_system --quartus_project_dir "C:/Users/kriss/Desktop/Embedded_Minor/CSC10/eindopdracht-nios" --jdi ../..//output_files/eindopdracht-nios.jdi --sopcinfo C:/Users/kriss/Desktop/Embedded_Minor/CSC10/eindopdracht-nios/software/reactie_spel_bsp/../../reactiespel_system.sopcinfo
Info: (reactie_spel.elf) 119 KBytes program size (code + initialized data).
Info:                    1816 Bytes free for stack + heap.
Info: Creating reactie_spel.objdump
nios2-elf-objdump --disassemble --syms --all-header --source reactie_spel.elf >reactie_spel.objdump
[reactie_spel build complete]
18:22:31 **** Incremental Build of configuration Nios II for project reactie_spel ****
make all 
Info: Building ../reactie_spel_bsp/
C:/intelFPGA_lite/18.1/nios2eds/bin/gnu/H-x86_64-mingw32/bin/make --no-print-directory -C ../reactie_spel_bsp/
[BSP build complete]
[reactie_spel build complete]
18:23:49 **** Build of configuration Nios II for project reactie_spel ****
make all 
Info: Building ../reactie_spel_bsp/
C:/intelFPGA_lite/18.1/nios2eds/bin/gnu/H-x86_64-mingw32/bin/make --no-print-directory -C ../reactie_spel_bsp/
[BSP build complete]
Info: Compiling hello_ucosii.c to obj/default/hello_ucosii.o
nios2-elf-gcc -xc -MP -MMD -c -I../reactie_spel_bsp//UCOSII/inc -I../reactie_spel_bsp//HAL/inc -I../reactie_spel_bsp/ -I../reactie_spel_bsp//drivers/inc  -pipe -D__hal__ -DALT_NO_INSTRUCTION_EMULATION -D__ucosii__    -O0 -g -Wall   -mno-hw-div -mno-hw-mul -mno-hw-mulx -mgpopt=global  -o obj/default/hello_ucosii.o hello_ucosii.c
Info: Linking reactie_spel.elf
nios2-elf-g++  -T'../reactie_spel_bsp//linker.x' -msys-crt0='../reactie_spel_bsp//obj/HAL/src/crt0.o' -msys-lib=ucosii_bsp -L../reactie_spel_bsp/   -Wl,-Map=reactie_spel.map   -O0 -g -Wall   -mno-hw-div -mno-hw-mul -mno-hw-mulx -mgpopt=global  -o reactie_spel.elf obj/default/hello_ucosii.o -lm -msys-lib=m
nios2-elf-insert reactie_spel.elf --thread_model ucosii --cpu_name nios2_qsys_0 --qsys true --simulation_enabled false --id 1 --sidp 0x41050 --timestamp 1769011453 --stderr_dev jtag_uart_0 --stdin_dev jtag_uart_0 --stdout_dev jtag_uart_0 --sopc_system_name reactiespel_system --quartus_project_dir "C:/Users/kriss/Desktop/Embedded_Minor/CSC10/eindopdracht-nios" --jdi ../..//output_files/eindopdracht-nios.jdi --sopcinfo C:/Users/kriss/Desktop/Embedded_Minor/CSC10/eindopdracht-nios/software/reactie_spel_bsp/../../reactiespel_system.sopcinfo
Info: (reactie_spel.elf) 119 KBytes program size (code + initialized data).
Info:                    1816 Bytes free for stack + heap.
Info: Creating reactie_spel.objdump
nios2-elf-objdump --disassemble --syms --all-header --source reactie_spel.elf >reactie_spel.objdump
[reactie_spel build complete]
18:23:51 **** Incremental Build of configuration Nios II for project reactie_spel ****
make all 
Info: Building ../reactie_spel_bsp/
C:/intelFPGA_lite/18.1/nios2eds/bin/gnu/H-x86_64-mingw32/bin/make --no-print-directory -C ../reactie_spel_bsp/
[BSP build complete]
[reactie_spel build complete]
18:24:16 **** Build of configuration Nios II for project reactie_spel ****
make all 
Info: Building ../reactie_spel_bsp/
C:/intelFPGA_lite/18.1/nios2eds/bin/gnu/H-x86_64-mingw32/bin/make --no-print-directory -C ../reactie_spel_bsp/
[BSP build complete]
Info: Compiling hello_ucosii.c to obj/default/hello_ucosii.o
nios2-elf-gcc -xc -MP -MMD -c -I../reactie_spel_bsp//UCOSII/inc -I../reactie_spel_bsp//HAL/inc -I../reactie_spel_bsp/ -I../reactie_spel_bsp//drivers/inc  -pipe -D__hal__ -DALT_NO_INSTRUCTION_EMULATION -D__ucosii__    -O0 -g -Wall   -mno-hw-div -mno-hw-mul -mno-hw-mulx -mgpopt=global  -o obj/default/hello_ucosii.o hello_ucosii.c
Info: Linking reactie_spel.elf
nios2-elf-g++  -T'../reactie_spel_bsp//linker.x' -msys-crt0='../reactie_spel_bsp//obj/HAL/src/crt0.o' -msys-lib=ucosii_bsp -L../reactie_spel_bsp/   -Wl,-Map=reactie_spel.map   -O0 -g -Wall   -mno-hw-div -mno-hw-mul -mno-hw-mulx -mgpopt=global  -o reactie_spel.elf obj/default/hello_ucosii.o -lm -msys-lib=m
nios2-elf-insert reactie_spel.elf --thread_model ucosii --cpu_name nios2_qsys_0 --qsys true --simulation_enabled false --id 1 --sidp 0x41050 --timestamp 1769011453 --stderr_dev jtag_uart_0 --stdin_dev jtag_uart_0 --stdout_dev jtag_uart_0 --sopc_system_name reactiespel_system --quartus_project_dir "C:/Users/kriss/Desktop/Embedded_Minor/CSC10/eindopdracht-nios" --jdi ../..//output_files/eindopdracht-nios.jdi --sopcinfo C:/Users/kriss/Desktop/Embedded_Minor/CSC10/eindopdracht-nios/software/reactie_spel_bsp/../../reactiespel_system.sopcinfo
Info: (reactie_spel.elf) 119 KBytes program size (code + initialized data).
Info:                    1816 Bytes free for stack + heap.
Info: Creating reactie_spel.objdump
nios2-elf-objdump --disassemble --syms --all-header --source reactie_spel.elf >reactie_spel.objdump
[reactie_spel build complete]
18:24:19 **** Incremental Build of configuration Nios II for project reactie_spel ****
make all 
Info: Building ../reactie_spel_bsp/
C:/intelFPGA_lite/18.1/nios2eds/bin/gnu/H-x86_64-mingw32/bin/make --no-print-directory -C ../reactie_spel_bsp/
[BSP build complete]
[reactie_spel build complete]
