Info: Starting: Create HDL design files for synthesis
Info: qsys-generate C:\Users\tvane\Desktop\School\Jaar4\CSC10\week4\week4_system.qsys --synthesis=VHDL --output-directory=C:\Users\tvane\Desktop\School\Jaar4\CSC10\week4\week4_system\synthesis --family="Cyclone V" --part=5CSEMA5F31C6
Progress: Loading week4/week4_system.qsys
Progress: Reading input file
Progress: Adding audio_0 [altera_up_avalon_audio 18.0]
Progress: Parameterizing module audio_0
Progress: Adding audio_and_video_config_0 [altera_up_avalon_audio_and_video_config 18.0]
Progress: Parameterizing module audio_and_video_config_0
Progress: Adding audio_pll_0 [altera_up_avalon_audio_pll 18.0]
Progress: Parameterizing module audio_pll_0
Progress: Adding clk_0 [clock_source 18.1]
Progress: Parameterizing module clk_0
Progress: Adding jtag_uart_0 [altera_avalon_jtag_uart 18.1]
Progress: Parameterizing module jtag_uart_0
Progress: Adding nios2_gen2_0 [altera_nios2_gen2 18.1]
Progress: Parameterizing module nios2_gen2_0
Progress: Adding onchip_memory2_0 [altera_avalon_onchip_memory2 18.1]
Progress: Parameterizing module onchip_memory2_0
Progress: Adding performance_counter_0 [altera_avalon_performance_counter 18.1]
Progress: Parameterizing module performance_counter_0
Progress: Adding pio_leds [altera_avalon_pio 18.1]
Progress: Parameterizing module pio_leds
Progress: Adding pio_switches [altera_avalon_pio 18.1]
Progress: Parameterizing module pio_switches
Progress: Adding sysid_qsys_0 [altera_avalon_sysid_qsys 18.1]
Progress: Parameterizing module sysid_qsys_0
Progress: Building connections
Progress: Parameterizing connections
Progress: Validating
Progress: Done reading input file
Info: week4_system.jtag_uart_0: JTAG UART IP input clock need to be at least double (2x) the operating frequency of JTAG TCK on board
Info: week4_system.pio_switches: PIO inputs are not hardwired in test bench. Undefined values will be read from PIO inputs during simulation.
Info: week4_system.sysid_qsys_0: System ID is not assigned automatically. Edit the System ID parameter to provide a unique ID
Info: week4_system.sysid_qsys_0: Time stamp will be automatically updated when this component is generated.
Info: week4_system: Generating week4_system "week4_system" for QUARTUS_SYNTH
Info: audio_0: Starting Generation of Audio Controller
Info: audio_0: "week4_system" instantiated altera_up_avalon_audio "audio_0"
Info: audio_and_video_config_0: Starting Generation of Audio and Video Config
Info: audio_and_video_config_0: "week4_system" instantiated altera_up_avalon_audio_and_video_config "audio_and_video_config_0"
Info: audio_pll_0: "week4_system" instantiated altera_up_avalon_audio_pll "audio_pll_0"
Info: jtag_uart_0: Starting RTL generation for module 'week4_system_jtag_uart_0'
Info: jtag_uart_0:   Generation command is [exec C:/intelfpga_lite/18.1/quartus/bin64/perl/bin/perl.exe -I C:/intelfpga_lite/18.1/quartus/bin64/perl/lib -I C:/intelfpga_lite/18.1/quartus/sopc_builder/bin/europa -I C:/intelfpga_lite/18.1/quartus/sopc_builder/bin/perl_lib -I C:/intelfpga_lite/18.1/quartus/sopc_builder/bin -I C:/intelfpga_lite/18.1/quartus/../ip/altera/sopc_builder_ip/common -I C:/intelfpga_lite/18.1/quartus/../ip/altera/sopc_builder_ip/altera_avalon_jtag_uart -- C:/intelfpga_lite/18.1/quartus/../ip/altera/sopc_builder_ip/altera_avalon_jtag_uart/generate_rtl.pl --name=week4_system_jtag_uart_0 --dir=C:/Users/tvane/AppData/Local/Temp/alt0424_1027829420814171254.dir/0004_jtag_uart_0_gen/ --quartus_dir=C:/intelfpga_lite/18.1/quartus --verilog --config=C:/Users/tvane/AppData/Local/Temp/alt0424_1027829420814171254.dir/0004_jtag_uart_0_gen//week4_system_jtag_uart_0_component_configuration.pl  --do_build_sim=0  ]
Info: jtag_uart_0: Done RTL generation for module 'week4_system_jtag_uart_0'
Info: jtag_uart_0: "week4_system" instantiated altera_avalon_jtag_uart "jtag_uart_0"
Info: nios2_gen2_0: "week4_system" instantiated altera_nios2_gen2 "nios2_gen2_0"
Info: onchip_memory2_0: Starting RTL generation for module 'week4_system_onchip_memory2_0'
Info: onchip_memory2_0:   Generation command is [exec C:/intelfpga_lite/18.1/quartus/bin64/perl/bin/perl.exe -I C:/intelfpga_lite/18.1/quartus/bin64/perl/lib -I C:/intelfpga_lite/18.1/quartus/sopc_builder/bin/europa -I C:/intelfpga_lite/18.1/quartus/sopc_builder/bin/perl_lib -I C:/intelfpga_lite/18.1/quartus/sopc_builder/bin -I C:/intelfpga_lite/18.1/quartus/../ip/altera/sopc_builder_ip/common -I C:/intelfpga_lite/18.1/quartus/../ip/altera/sopc_builder_ip/altera_avalon_onchip_memory2 -- C:/intelfpga_lite/18.1/quartus/../ip/altera/sopc_builder_ip/altera_avalon_onchip_memory2/generate_rtl.pl --name=week4_system_onchip_memory2_0 --dir=C:/Users/tvane/AppData/Local/Temp/alt0424_1027829420814171254.dir/0005_onchip_memory2_0_gen/ --quartus_dir=C:/intelfpga_lite/18.1/quartus --verilog --config=C:/Users/tvane/AppData/Local/Temp/alt0424_1027829420814171254.dir/0005_onchip_memory2_0_gen//week4_system_onchip_memory2_0_component_configuration.pl  --do_build_sim=0  ]
Info: onchip_memory2_0: Done RTL generation for module 'week4_system_onchip_memory2_0'
Info: onchip_memory2_0: "week4_system" instantiated altera_avalon_onchip_memory2 "onchip_memory2_0"
Info: performance_counter_0: Starting RTL generation for module 'week4_system_performance_counter_0'
Info: performance_counter_0:   Generation command is [exec C:/intelfpga_lite/18.1/quartus/bin64/perl/bin/perl.exe -I C:/intelfpga_lite/18.1/quartus/bin64/perl/lib -I C:/intelfpga_lite/18.1/quartus/sopc_builder/bin/europa -I C:/intelfpga_lite/18.1/quartus/sopc_builder/bin/perl_lib -I C:/intelfpga_lite/18.1/quartus/sopc_builder/bin -I C:/intelfpga_lite/18.1/quartus/../ip/altera/sopc_builder_ip/common -I C:/intelfpga_lite/18.1/quartus/../ip/altera/sopc_builder_ip/altera_avalon_performance_counter -- C:/intelfpga_lite/18.1/quartus/../ip/altera/sopc_builder_ip/altera_avalon_performance_counter/generate_rtl.pl --name=week4_system_performance_counter_0 --dir=C:/Users/tvane/AppData/Local/Temp/alt0424_1027829420814171254.dir/0006_performance_counter_0_gen/ --quartus_dir=C:/intelfpga_lite/18.1/quartus --verilog --config=C:/Users/tvane/AppData/Local/Temp/alt0424_1027829420814171254.dir/0006_performance_counter_0_gen//week4_system_performance_counter_0_component_configuration.pl  --do_build_sim=0  ]
Info: performance_counter_0: Done RTL generation for module 'week4_system_performance_counter_0'
Info: performance_counter_0: "week4_system" instantiated altera_avalon_performance_counter "performance_counter_0"
Info: pio_leds: Starting RTL generation for module 'week4_system_pio_leds'
Info: pio_leds:   Generation command is [exec C:/intelfpga_lite/18.1/quartus/bin64/perl/bin/perl.exe -I C:/intelfpga_lite/18.1/quartus/bin64/perl/lib -I C:/intelfpga_lite/18.1/quartus/sopc_builder/bin/europa -I C:/intelfpga_lite/18.1/quartus/sopc_builder/bin/perl_lib -I C:/intelfpga_lite/18.1/quartus/sopc_builder/bin -I C:/intelfpga_lite/18.1/quartus/../ip/altera/sopc_builder_ip/common -I C:/intelfpga_lite/18.1/quartus/../ip/altera/sopc_builder_ip/altera_avalon_pio -- C:/intelfpga_lite/18.1/quartus/../ip/altera/sopc_builder_ip/altera_avalon_pio/generate_rtl.pl --name=week4_system_pio_leds --dir=C:/Users/tvane/AppData/Local/Temp/alt0424_1027829420814171254.dir/0007_pio_leds_gen/ --quartus_dir=C:/intelfpga_lite/18.1/quartus --verilog --config=C:/Users/tvane/AppData/Local/Temp/alt0424_1027829420814171254.dir/0007_pio_leds_gen//week4_system_pio_leds_component_configuration.pl  --do_build_sim=0  ]
Info: pio_leds: Done RTL generation for module 'week4_system_pio_leds'
Info: pio_leds: "week4_system" instantiated altera_avalon_pio "pio_leds"
Info: pio_switches: Starting RTL generation for module 'week4_system_pio_switches'
Info: pio_switches:   Generation command is [exec C:/intelfpga_lite/18.1/quartus/bin64/perl/bin/perl.exe -I C:/intelfpga_lite/18.1/quartus/bin64/perl/lib -I C:/intelfpga_lite/18.1/quartus/sopc_builder/bin/europa -I C:/intelfpga_lite/18.1/quartus/sopc_builder/bin/perl_lib -I C:/intelfpga_lite/18.1/quartus/sopc_builder/bin -I C:/intelfpga_lite/18.1/quartus/../ip/altera/sopc_builder_ip/common -I C:/intelfpga_lite/18.1/quartus/../ip/altera/sopc_builder_ip/altera_avalon_pio -- C:/intelfpga_lite/18.1/quartus/../ip/altera/sopc_builder_ip/altera_avalon_pio/generate_rtl.pl --name=week4_system_pio_switches --dir=C:/Users/tvane/AppData/Local/Temp/alt0424_1027829420814171254.dir/0008_pio_switches_gen/ --quartus_dir=C:/intelfpga_lite/18.1/quartus --verilog --config=C:/Users/tvane/AppData/Local/Temp/alt0424_1027829420814171254.dir/0008_pio_switches_gen//week4_system_pio_switches_component_configuration.pl  --do_build_sim=0  ]
Info: pio_switches: Done RTL generation for module 'week4_system_pio_switches'
Info: pio_switches: "week4_system" instantiated altera_avalon_pio "pio_switches"
Info: sysid_qsys_0: "week4_system" instantiated altera_avalon_sysid_qsys "sysid_qsys_0"
Info: avalon_st_adapter: Inserting error_adapter: error_adapter_0
Info: avalon_st_adapter_001: Inserting error_adapter: error_adapter_0
Info: avalon_st_adapter_002: Inserting error_adapter: error_adapter_0
Info: avalon_st_adapter_003: Inserting error_adapter: error_adapter_0
Info: avalon_st_adapter_004: Inserting error_adapter: error_adapter_0
Info: avalon_st_adapter_005: Inserting error_adapter: error_adapter_0
Info: avalon_st_adapter_006: Inserting error_adapter: error_adapter_0
Info: avalon_st_adapter_007: Inserting error_adapter: error_adapter_0
Info: avalon_st_adapter_008: Inserting error_adapter: error_adapter_0
Info: mm_interconnect_0: "week4_system" instantiated altera_mm_interconnect "mm_interconnect_0"
Info: irq_mapper: "week4_system" instantiated altera_irq_mapper "irq_mapper"
Info: rst_controller: "week4_system" instantiated altera_reset_controller "rst_controller"
Info: audio_pll: "audio_pll_0" instantiated altera_pll "audio_pll"
Info: reset_from_locked: "audio_pll_0" instantiated altera_up_avalon_reset_from_locked_signal "reset_from_locked"
Info: cpu: Starting RTL generation for module 'week4_system_nios2_gen2_0_cpu'
Info: cpu:   Generation command is [exec C:/intelFPGA_lite/18.1/quartus/bin64//eperlcmd.exe -I C:/intelFPGA_lite/18.1/quartus/bin64//perl/lib -I C:/intelfpga_lite/18.1/quartus/sopc_builder/bin/europa -I C:/intelfpga_lite/18.1/quartus/sopc_builder/bin/perl_lib -I C:/intelfpga_lite/18.1/quartus/sopc_builder/bin -I C:/intelfpga_lite/18.1/quartus/../ip/altera/nios2_ip/altera_nios2_gen2/cpu_lib -I C:/intelfpga_lite/18.1/quartus/../ip/altera/nios2_ip/altera_nios2_gen2/nios_lib -I C:/intelfpga_lite/18.1/quartus/../ip/altera/nios2_ip/altera_nios2_gen2 -I C:/intelfpga_lite/18.1/quartus/../ip/altera/nios2_ip/altera_nios2_gen2 -- C:/intelfpga_lite/18.1/quartus/../ip/altera/nios2_ip/altera_nios2_gen2/generate_rtl.epl --name=week4_system_nios2_gen2_0_cpu --dir=C:/Users/tvane/AppData/Local/Temp/alt0424_1027829420814171254.dir/0014_cpu_gen/ --quartus_bindir=C:/intelFPGA_lite/18.1/quartus/bin64/ --verilog --config=C:/Users/tvane/AppData/Local/Temp/alt0424_1027829420814171254.dir/0014_cpu_gen//week4_system_nios2_gen2_0_cpu_processor_configuration.pl  --do_build_sim=0  ]
Info: cpu: # 2025.12.02 11:12:12 (*) Starting Nios II generation
Info: cpu: # 2025.12.02 11:12:12 (*)   Checking for plaintext license.
Info: cpu: # 2025.12.02 11:12:13 (*)   Couldn't query license setup in Quartus directory C:/intelFPGA_lite/18.1/quartus/bin64/
Info: cpu: # 2025.12.02 11:12:13 (*)   Defaulting to contents of LM_LICENSE_FILE environment variable
Info: cpu: # 2025.12.02 11:12:13 (*)   LM_LICENSE_FILE environment variable is empty
Info: cpu: # 2025.12.02 11:12:13 (*)   Plaintext license not found.
Info: cpu: # 2025.12.02 11:12:13 (*)   Checking for encrypted license (non-evaluation).
Info: cpu: # 2025.12.02 11:12:13 (*)   Couldn't query license setup in Quartus directory C:/intelFPGA_lite/18.1/quartus/bin64/
Info: cpu: # 2025.12.02 11:12:13 (*)   Defaulting to contents of LM_LICENSE_FILE environment variable
Info: cpu: # 2025.12.02 11:12:13 (*)   LM_LICENSE_FILE environment variable is empty
Info: cpu: # 2025.12.02 11:12:13 (*)   Encrypted license not found.  Defaulting to OCP evaluation license (produces a time-limited SOF)
Info: cpu: # 2025.12.02 11:12:13 (*)   Elaborating CPU configuration settings
Info: cpu: # 2025.12.02 11:12:13 (*)   Creating all objects for CPU
Info: cpu: # 2025.12.02 11:12:13 (*)     Testbench
Info: cpu: # 2025.12.02 11:12:13 (*)     Instruction decoding
Info: cpu: # 2025.12.02 11:12:13 (*)       Instruction fields
Info: cpu: # 2025.12.02 11:12:13 (*)       Instruction decodes
Info: cpu: # 2025.12.02 11:12:14 (*)       Signals for RTL simulation waveforms
Info: cpu: # 2025.12.02 11:12:14 (*)       Instruction controls
Info: cpu: # 2025.12.02 11:12:14 (*)     Pipeline frontend
Info: cpu: # 2025.12.02 11:12:14 (*)     Pipeline backend
Info: cpu: # 2025.12.02 11:12:15 (*)   Generating RTL from CPU objects
Info: cpu: # 2025.12.02 11:12:16 (*)   Creating encrypted RTL
Info: cpu: # 2025.12.02 11:12:17 (*) Done Nios II generation
Info: cpu: Done RTL generation for module 'week4_system_nios2_gen2_0_cpu'
Info: cpu: "nios2_gen2_0" instantiated altera_nios2_gen2_unit "cpu"
Info: nios2_gen2_0_data_master_translator: "mm_interconnect_0" instantiated altera_merlin_master_translator "nios2_gen2_0_data_master_translator"
Info: audio_0_avalon_audio_slave_translator: "mm_interconnect_0" instantiated altera_merlin_slave_translator "audio_0_avalon_audio_slave_translator"
Info: nios2_gen2_0_data_master_agent: "mm_interconnect_0" instantiated altera_merlin_master_agent "nios2_gen2_0_data_master_agent"
Info: audio_0_avalon_audio_slave_agent: "mm_interconnect_0" instantiated altera_merlin_slave_agent "audio_0_avalon_audio_slave_agent"
Info: audio_0_avalon_audio_slave_agent_rsp_fifo: "mm_interconnect_0" instantiated altera_avalon_sc_fifo "audio_0_avalon_audio_slave_agent_rsp_fifo"
Info: router: "mm_interconnect_0" instantiated altera_merlin_router "router"
Info: router_001: "mm_interconnect_0" instantiated altera_merlin_router "router_001"
Info: router_002: "mm_interconnect_0" instantiated altera_merlin_router "router_002"
Info: router_007: "mm_interconnect_0" instantiated altera_merlin_router "router_007"
Info: nios2_gen2_0_data_master_limiter: "mm_interconnect_0" instantiated altera_merlin_traffic_limiter "nios2_gen2_0_data_master_limiter"
Info: Reusing file C:/Users/tvane/Desktop/School/Jaar4/CSC10/week4/week4_system/synthesis/submodules/altera_avalon_sc_fifo.v
Info: cmd_demux: "mm_interconnect_0" instantiated altera_merlin_demultiplexer "cmd_demux"
Info: cmd_demux_001: "mm_interconnect_0" instantiated altera_merlin_demultiplexer "cmd_demux_001"
Info: cmd_mux: "mm_interconnect_0" instantiated altera_merlin_multiplexer "cmd_mux"
Info: cmd_mux_005: "mm_interconnect_0" instantiated altera_merlin_multiplexer "cmd_mux_005"
Info: Reusing file C:/Users/tvane/Desktop/School/Jaar4/CSC10/week4/week4_system/synthesis/submodules/altera_merlin_arbitrator.sv
Info: rsp_demux: "mm_interconnect_0" instantiated altera_merlin_demultiplexer "rsp_demux"
Info: rsp_demux_005: "mm_interconnect_0" instantiated altera_merlin_demultiplexer "rsp_demux_005"
Info: rsp_mux: "mm_interconnect_0" instantiated altera_merlin_multiplexer "rsp_mux"
Info: Reusing file C:/Users/tvane/Desktop/School/Jaar4/CSC10/week4/week4_system/synthesis/submodules/altera_merlin_arbitrator.sv
Info: rsp_mux_001: "mm_interconnect_0" instantiated altera_merlin_multiplexer "rsp_mux_001"
Info: Reusing file C:/Users/tvane/Desktop/School/Jaar4/CSC10/week4/week4_system/synthesis/submodules/altera_merlin_arbitrator.sv
Info: avalon_st_adapter: "mm_interconnect_0" instantiated altera_avalon_st_adapter "avalon_st_adapter"
Info: error_adapter_0: "avalon_st_adapter" instantiated error_adapter "error_adapter_0"
Info: week4_system: Done "week4_system" with 37 modules, 77 files
Info: qsys-generate succeeded.
Info: Finished: Create HDL design files for synthesis
