Archive member included to satisfy reference by file (symbol)

c:/intelfpga_lite/18.1/nios2eds/bin/gnu/h-x86_64-mingw32/bin/../lib/gcc/nios2-elf/5.3.0/../../../../../H-x86_64-mingw32/nios2-elf/lib/mno-hw-mul\libc.a(lib_a-getc.o)
                              obj/default/hello_ucosii.o (getc)
c:/intelfpga_lite/18.1/nios2eds/bin/gnu/h-x86_64-mingw32/bin/../lib/gcc/nios2-elf/5.3.0/../../../../../H-x86_64-mingw32/nios2-elf/lib/mno-hw-mul\libc.a(lib_a-impure.o)
                              obj/default/hello_ucosii.o (_impure_ptr)
c:/intelfpga_lite/18.1/nios2eds/bin/gnu/h-x86_64-mingw32/bin/../lib/gcc/nios2-elf/5.3.0/../../../../../H-x86_64-mingw32/nios2-elf/lib/mno-hw-mul\libc.a(lib_a-puts.o)
                              obj/default/hello_ucosii.o (puts)
c:/intelfpga_lite/18.1/nios2eds/bin/gnu/h-x86_64-mingw32/bin/../lib/gcc/nios2-elf/5.3.0/../../../../../H-x86_64-mingw32/nios2-elf/lib/mno-hw-mul\libc.a(lib_a-rget.o)
                              c:/intelfpga_lite/18.1/nios2eds/bin/gnu/h-x86_64-mingw32/bin/../lib/gcc/nios2-elf/5.3.0/../../../../../H-x86_64-mingw32/nios2-elf/lib/mno-hw-mul\libc.a(lib_a-getc.o) (__srget_r)
c:/intelfpga_lite/18.1/nios2eds/bin/gnu/h-x86_64-mingw32/bin/../lib/gcc/nios2-elf/5.3.0/../../../../../H-x86_64-mingw32/nios2-elf/lib/mno-hw-mul\libc.a(lib_a-strlen.o)
                              c:/intelfpga_lite/18.1/nios2eds/bin/gnu/h-x86_64-mingw32/bin/../lib/gcc/nios2-elf/5.3.0/../../../../../H-x86_64-mingw32/nios2-elf/lib/mno-hw-mul\libc.a(lib_a-puts.o) (strlen)
c:/intelfpga_lite/18.1/nios2eds/bin/gnu/h-x86_64-mingw32/bin/../lib/gcc/nios2-elf/5.3.0/../../../../../H-x86_64-mingw32/nios2-elf/lib/mno-hw-mul\libc.a(lib_a-findfp.o)
                              c:/intelfpga_lite/18.1/nios2eds/bin/gnu/h-x86_64-mingw32/bin/../lib/gcc/nios2-elf/5.3.0/../../../../../H-x86_64-mingw32/nios2-elf/lib/mno-hw-mul\libc.a(lib_a-getc.o) (__sinit)
c:/intelfpga_lite/18.1/nios2eds/bin/gnu/h-x86_64-mingw32/bin/../lib/gcc/nios2-elf/5.3.0/../../../../../H-x86_64-mingw32/nios2-elf/lib/mno-hw-mul\libc.a(lib_a-fvwrite.o)
                              c:/intelfpga_lite/18.1/nios2eds/bin/gnu/h-x86_64-mingw32/bin/../lib/gcc/nios2-elf/5.3.0/../../../../../H-x86_64-mingw32/nios2-elf/lib/mno-hw-mul\libc.a(lib_a-puts.o) (__sfvwrite_r)
c:/intelfpga_lite/18.1/nios2eds/bin/gnu/h-x86_64-mingw32/bin/../lib/gcc/nios2-elf/5.3.0/../../../../../H-x86_64-mingw32/nios2-elf/lib/mno-hw-mul\libc.a(lib_a-fwalk.o)
                              c:/intelfpga_lite/18.1/nios2eds/bin/gnu/h-x86_64-mingw32/bin/../lib/gcc/nios2-elf/5.3.0/../../../../../H-x86_64-mingw32/nios2-elf/lib/mno-hw-mul\libc.a(lib_a-findfp.o) (_fwalk)
c:/intelfpga_lite/18.1/nios2eds/bin/gnu/h-x86_64-mingw32/bin/../lib/gcc/nios2-elf/5.3.0/../../../../../H-x86_64-mingw32/nios2-elf/lib/mno-hw-mul\libc.a(lib_a-mallocr.o)
                              c:/intelfpga_lite/18.1/nios2eds/bin/gnu/h-x86_64-mingw32/bin/../lib/gcc/nios2-elf/5.3.0/../../../../../H-x86_64-mingw32/nios2-elf/lib/mno-hw-mul\libc.a(lib_a-findfp.o) (_malloc_r)
c:/intelfpga_lite/18.1/nios2eds/bin/gnu/h-x86_64-mingw32/bin/../lib/gcc/nios2-elf/5.3.0/../../../../../H-x86_64-mingw32/nios2-elf/lib/mno-hw-mul\libc.a(lib_a-memchr.o)
                              c:/intelfpga_lite/18.1/nios2eds/bin/gnu/h-x86_64-mingw32/bin/../lib/gcc/nios2-elf/5.3.0/../../../../../H-x86_64-mingw32/nios2-elf/lib/mno-hw-mul\libc.a(lib_a-fvwrite.o) (memchr)
c:/intelfpga_lite/18.1/nios2eds/bin/gnu/h-x86_64-mingw32/bin/../lib/gcc/nios2-elf/5.3.0/../../../../../H-x86_64-mingw32/nios2-elf/lib/mno-hw-mul\libc.a(lib_a-memcpy.o)
                              c:/intelfpga_lite/18.1/nios2eds/bin/gnu/h-x86_64-mingw32/bin/../lib/gcc/nios2-elf/5.3.0/../../../../../H-x86_64-mingw32/nios2-elf/lib/mno-hw-mul\libc.a(lib_a-fvwrite.o) (memcpy)
c:/intelfpga_lite/18.1/nios2eds/bin/gnu/h-x86_64-mingw32/bin/../lib/gcc/nios2-elf/5.3.0/../../../../../H-x86_64-mingw32/nios2-elf/lib/mno-hw-mul\libc.a(lib_a-memmove.o)
                              c:/intelfpga_lite/18.1/nios2eds/bin/gnu/h-x86_64-mingw32/bin/../lib/gcc/nios2-elf/5.3.0/../../../../../H-x86_64-mingw32/nios2-elf/lib/mno-hw-mul\libc.a(lib_a-fvwrite.o) (memmove)
c:/intelfpga_lite/18.1/nios2eds/bin/gnu/h-x86_64-mingw32/bin/../lib/gcc/nios2-elf/5.3.0/../../../../../H-x86_64-mingw32/nios2-elf/lib/mno-hw-mul\libc.a(lib_a-memset.o)
                              c:/intelfpga_lite/18.1/nios2eds/bin/gnu/h-x86_64-mingw32/bin/../lib/gcc/nios2-elf/5.3.0/../../../../../H-x86_64-mingw32/nios2-elf/lib/mno-hw-mul\libc.a(lib_a-findfp.o) (memset)
c:/intelfpga_lite/18.1/nios2eds/bin/gnu/h-x86_64-mingw32/bin/../lib/gcc/nios2-elf/5.3.0/../../../../../H-x86_64-mingw32/nios2-elf/lib/mno-hw-mul\libc.a(lib_a-reallocr.o)
                              c:/intelfpga_lite/18.1/nios2eds/bin/gnu/h-x86_64-mingw32/bin/../lib/gcc/nios2-elf/5.3.0/../../../../../H-x86_64-mingw32/nios2-elf/lib/mno-hw-mul\libc.a(lib_a-fvwrite.o) (_realloc_r)
[...]
Memory Configuration

Name             Origin             Length             Attributes
reset            0x0000000000000000 0x0000000000000020
onchip_memory2_0 0x0000000000000020 0x000000000001ffe0
*default*        0x0000000000000000 0xffffffffffffffff

Linker script and memory map

LOAD ../week_2_2_9_bsp//obj/HAL/src/crt0.o
LOAD obj/default/hello_ucosii.o
LOAD c:/intelfpga_lite/18.1/nios2eds/bin/gnu/h-x86_64-mingw32/bin/../lib/gcc/nios2-elf/5.3.0/../../../../../H-x86_64-mingw32/nios2-elf/lib/mno-hw-mul\libstdc++.a
LOAD c:/intelfpga_lite/18.1/nios2eds/bin/gnu/h-x86_64-mingw32/bin/../lib/gcc/nios2-elf/5.3.0/../../../../../H-x86_64-mingw32/nios2-elf/lib/mno-hw-mul\libm.a
LOAD c:/intelfpga_lite/18.1/nios2eds/bin/gnu/h-x86_64-mingw32/bin/../lib/gcc/nios2-elf/5.3.0/mno-hw-mul\libgcc.a
START GROUP
LOAD c:/intelfpga_lite/18.1/nios2eds/bin/gnu/h-x86_64-mingw32/bin/../lib/gcc/nios2-elf/5.3.0/../../../../../H-x86_64-mingw32/nios2-elf/lib/mno-hw-mul\libc.a
LOAD c:/intelfpga_lite/18.1/nios2eds/bin/gnu/h-x86_64-mingw32/bin/../lib/gcc/nios2-elf/5.3.0/mno-hw-mul\libgcc.a
LOAD ../week_2_2_9_bsp/\libucosii_bsp.a
LOAD c:/intelfpga_lite/18.1/nios2eds/bin/gnu/h-x86_64-mingw32/bin/../lib/gcc/nios2-elf/5.3.0/../../../../../H-x86_64-mingw32/nios2-elf/lib/mno-hw-mul\libm.a
END GROUP
LOAD c:/intelfpga_lite/18.1/nios2eds/bin/gnu/h-x86_64-mingw32/bin/../lib/gcc/nios2-elf/5.3.0/mno-hw-mul\libgcc.a
                0x0000000000000000                __alt_mem_onchip_memory2_0 = 0x0

.entry          0x0000000000000000       0x20
 *(.entry)
 .entry         0x0000000000000000       0x20 ../week_2_2_9_bsp//obj/HAL/src/crt0.o
                0x0000000000000000                __reset

.exceptions     0x0000000000000020      0x1a0
                0x0000000000000020                PROVIDE (__ram_exceptions_start, ABSOLUTE (.))
                0x0000000000000020                . = ALIGN (0x20)
 *(.irq)
 *(.exceptions.entry.label)
 .exceptions.entry.label
                0x0000000000000020        0x0 ../week_2_2_9_bsp/\libucosii_bsp.a(alt_irq_entry.o)
                0x0000000000000020                alt_irq_entry
 .exceptions.entry.label
                0x0000000000000020        0x0 ../week_2_2_9_bsp/\libucosii_bsp.a(alt_exception_entry.o)
                0x0000000000000020                alt_exception
 *(.exceptions.entry.user)
 *(.exceptions.entry.ecc_fatal)
 *(.exceptions.entry)
 .exceptions.entry
                0x0000000000000020       0x54 ../week_2_2_9_bsp/\libucosii_bsp.a(alt_exception_entry.o)
 *(.exceptions.irqtest.user)
 *(.exceptions.irqtest)
 .exceptions.irqtest
                0x0000000000000074       0x10 ../week_2_2_9_bsp/\libucosii_bsp.a(alt_irq_entry.o)
 *(.exceptions.irqhandler.user)
 *(.exceptions.irqhandler)
 .exceptions.irqhandler
                0x0000000000000084        0x4 ../week_2_2_9_bsp/\libucosii_bsp.a(alt_irq_entry.o)
 *(.exceptions.irqreturn.user)
 *(.exceptions.irqreturn)
 .exceptions.irqreturn
                0x0000000000000088        0x4 ../week_2_2_9_bsp/\libucosii_bsp.a(alt_irq_entry.o)
 *(.exceptions.notirq.label)
 .exceptions.notirq.label
                0x000000000000008c        0x0 ../week_2_2_9_bsp/\libucosii_bsp.a(alt_irq_entry.o)
 *(.exceptions.notirq.user)
 *(.exceptions.notirq)
 .exceptions.notirq
                0x000000000000008c        0x8 ../week_2_2_9_bsp/\libucosii_bsp.a(alt_exception_entry.o)
 *(.exceptions.soft.user)
 *(.exceptions.soft)
 *(.exceptions.unknown.user)
 *(.exceptions.unknown)
 .exceptions.unknown
                0x0000000000000094        0x4 ../week_2_2_9_bsp/\libucosii_bsp.a(alt_exception_entry.o)
 *(.exceptions.exit.label)
 .exceptions.exit.label
                0x0000000000000098        0x0 ../week_2_2_9_bsp/\libucosii_bsp.a(alt_irq_entry.o)
 .exceptions.exit.label
                0x0000000000000098        0x0 ../week_2_2_9_bsp/\libucosii_bsp.a(alt_exception_entry.o)
 *(.exceptions.exit.user)
 *(.exceptions.exit)
 .exceptions.exit
                0x0000000000000098       0x54 ../week_2_2_9_bsp/\libucosii_bsp.a(alt_exception_entry.o)
 *(.exceptions)
 .exceptions    0x00000000000000ec       0xd4 ../week_2_2_9_bsp/\libucosii_bsp.a(alt_irq_handler.o)
                0x00000000000000ec                alt_irq_handler
                0x00000000000001c0                PROVIDE (__ram_exceptions_end, ABSOLUTE (.))
                0x0000000000000020                PROVIDE (__flash_exceptions_start, LOADADDR (.exceptions))

.text           0x00000000000001c0     0xdc2c
                [!provide]                        PROVIDE (stext, ABSOLUTE (.))
 *(.interp)
 *(.hash)
 *(.dynsym)
 *(.dynstr)
 *(.gnu.version)
 *(.gnu.version_d)
 *(.gnu.version_r)
 *(.rel.init)
 *(.rela.init)
 *(.rel.text .rel.text.* .rel.gnu.linkonce.t.*)
 *(.rela.text .rela.text.* .rela.gnu.linkonce.t.*)
 *(.rel.fini)
 *(.rela.fini)
 *(.rel.rodata .rel.rodata.* .rel.gnu.linkonce.r.*)
 *(.rela.rodata .rela.rodata.* .rela.gnu.linkonce.r.*)
 *(.rel.data .rel.data.* .rel.gnu.linkonce.d.*)
 *(.rela.data .rela.data.* .rela.gnu.linkonce.d.*)
 *(.rel.tdata .rel.tdata.* .rel.gnu.linkonce.td.*)
 *(.rela.tdata .rela.tdata.* .rela.gnu.linkonce.td.*)
 *(.rel.tbss .rel.tbss.* .rel.gnu.linkonce.tb.*)
 *(.rela.tbss .rela.tbss.* .rela.gnu.linkonce.tb.*)
 *(.rel.ctors)
 *(.rela.ctors)
 *(.rel.dtors)
 *(.rela.dtors)
 *(.rel.got)
 *(.rela.got)
 *(.rel.sdata .rel.sdata.* .rel.gnu.linkonce.s.*)
 *(.rela.sdata .rela.sdata.* .rela.gnu.linkonce.s.*)
 *(.rel.sbss .rel.sbss.* .rel.gnu.linkonce.sb.*)
 *(.rela.sbss .rela.sbss.* .rela.gnu.linkonce.sb.*)
 *(.rel.sdata2 .rel.sdata2.* .rel.gnu.linkonce.s2.*)
 *(.rela.sdata2 .rela.sdata2.* .rela.gnu.linkonce.s2.*)
 *(.rel.sbss2 .rel.sbss2.* .rel.gnu.linkonce.sb2.*)
 *(.rela.sbss2 .rela.sbss2.* .rela.gnu.linkonce.sb2.*)
 *(.rel.bss .rel.bss.* .rel.gnu.linkonce.b.*)
 *(.rela.bss .rela.bss.* .rela.gnu.linkonce.b.*)
 *(.rel.plt)
 *(.rela.plt)
 *(.rel.dyn)
 *(.init)
 *(.plt)
 *(.text .stub .text.* .gnu.linkonce.t.*)
 .text          0x00000000000001c0       0x3c ../week_2_2_9_bsp//obj/HAL/src/crt0.o
                0x00000000000001c0                _start
 .text          0x00000000000001fc      0x224 obj/default/hello_ucosii.o
                0x00000000000001fc                ms_lopen_counter_task
                0x000000000000025c                seconds_lopen_counter_task
                0x00000000000002bc                input_task
                0x0000000000000328                main
 .text          0x0000000000000420        0x0 c:/intelfpga_lite/18.1/nios2eds/bin/gnu/h-x86_64-mingw32/bin/../lib/gcc/nios2-elf/5.3.0/../../../../../H-x86_64-mingw32/nios2-elf/lib/mno-hw-mul\libc.a(lib_a-getc.o)
 .text._getc_r  0x0000000000000420       0x70 c:/intelfpga_lite/18.1/nios2eds/bin/gnu/h-x86_64-mingw32/bin/../lib/gcc/nios2-elf/5.3.0/../../../../../H-x86_64-mingw32/nios2-elf/lib/mno-hw-mul\libc.a(lib_a-getc.o)
                0x0000000000000420                _getc_r
 .text.getc     0x0000000000000490       0x88 c:/intelfpga_lite/18.1/nios2eds/bin/gnu/h-x86_64-mingw32/bin/../lib/gcc/nios2-elf/5.3.0/../../../../../H-x86_64-mingw32/nios2-elf/lib/mno-hw-mul\libc.a(lib_a-getc.o)
                0x0000000000000490                getc
 .text          0x0000000000000518        0x0 c:/intelfpga_lite/18.1/nios2eds/bin/gnu/h-x86_64-mingw32/bin/../lib/gcc/nios2-elf/5.3.0/../../../../../H-x86_64-mingw32/nios2-elf/lib/mno-hw-mul\libc.a(lib_a-impure.o)
 .text          0x0000000000000518        0x0 c:/intelfpga_lite/18.1/nios2eds/bin/gnu/h-x86_64-mingw32/bin/../lib/gcc/nios2-elf/5.3.0/../../../../../H-x86_64-mingw32/nios2-elf/lib/mno-hw-mul\libc.a(lib_a-puts.o)
 .text._puts_r  0x0000000000000518       0xc0 c:/intelfpga_lite/18.1/nios2eds/bin/gnu/h-x86_64-mingw32/bin/../lib/gcc/nios2-elf/5.3.0/../../../../../H-x86_64-mingw32/nios2-elf/lib/mno-hw-mul\libc.a(lib_a-puts.o)
                0x0000000000000518                _puts_r
 .text.puts     0x00000000000005d8       0x14 c:/intelfpga_lite/18.1/nios2eds/bin/gnu/h-x86_64-mingw32/bin/../lib/gcc/nios2-elf/5.3.0/../../../../../H-x86_64-mingw32/nios2-elf/lib/mno-hw-mul\libc.a(lib_a-puts.o)
                0x00000000000005d8                puts
 .text          0x00000000000005ec        0x0 c:/intelfpga_lite/18.1/nios2eds/bin/gnu/h-x86_64-mingw32/bin/../lib/gcc/nios2-elf/5.3.0/../../../../../H-x86_64-mingw32/nios2-elf/lib/mno-hw-mul\libc.a(lib_a-rget.o)
 .text.__srget_r
                0x00000000000005ec       0x74 c:/intelfpga_lite/18.1/nios2eds/bin/gnu/h-x86_64-mingw32/bin/../lib/gcc/nios2-elf/5.3.0/../../../../../H-x86_64-mingw32/nios2-elf/lib/mno-hw-mul\libc.a(lib_a-rget.o)
                0x00000000000005ec                __srget_r
 .text.__srget  0x0000000000000660       0x14 c:/intelfpga_lite/18.1/nios2eds/bin/gnu/h-x86_64-mingw32/bin/../lib/gcc/nios2-elf/5.3.0/../../../../../H-x86_64-mingw32/nios2-elf/lib/mno-hw-mul\libc.a(lib_a-rget.o)
                0x0000000000000660                __srget
 .text          0x0000000000000674        0x0 c:/intelfpga_lite/18.1/nios2eds/bin/gnu/h-x86_64-mingw32/bin/../lib/gcc/nios2-elf/5.3.0/../../../../../H-x86_64-mingw32/nios2-elf/lib/mno-hw-mul\libc.a(lib_a-strlen.o)
 .text.strlen   0x0000000000000674       0x98 c:/intelfpga_lite/18.1/nios2eds/bin/gnu/h-x86_64-mingw32/bin/../lib/gcc/nios2-elf/5.3.0/../../../../../H-x86_64-mingw32/nios2-elf/lib/mno-hw-mul\libc.a(lib_a-strlen.o)
                0x0000000000000674                strlen
 .text          0x000000000000070c        0x0 c:/intelfpga_lite/18.1/nios2eds/bin/gnu/h-x86_64-mingw32/bin/../lib/gcc/nios2-elf/5.3.0/../../../../../H-x86_64-mingw32/nios2-elf/lib/mno-hw-mul\libc.a(lib_a-findfp.o)
 .text.__fp_unlock
                0x000000000000070c        0x8 c:/intelfpga_lite/18.1/nios2eds/bin/gnu/h-x86_64-mingw32/bin/../lib/gcc/nios2-elf/5.3.0/../../../../../H-x86_64-mingw32/nios2-elf/lib/mno-hw-mul\libc.a(lib_a-findfp.o)
 .text._cleanup_r
                0x0000000000000714        0xc c:/intelfpga_lite/18.1/nios2eds/bin/gnu/h-x86_64-mingw32/bin/../lib/gcc/nios2-elf/5.3.0/../../../../../H-x86_64-mingw32/nios2-elf/lib/mno-hw-mul\libc.a(lib_a-findfp.o)
                0x0000000000000714                _cleanup_r
 .text.__sinit.part.1
                0x0000000000000720      0x19c c:/intelfpga_lite/18.1/nios2eds/bin/gnu/h-x86_64-mingw32/bin/../lib/gcc/nios2-elf/5.3.0/../../../../../H-x86_64-mingw32/nios2-elf/lib/mno-hw-mul\libc.a(lib_a-findfp.o)
 .text.__fp_lock
                0x00000000000008bc        0x8 c:/intelfpga_lite/18.1/nios2eds/bin/gnu/h-x86_64-mingw32/bin/../lib/gcc/nios2-elf/5.3.0/../../../../../H-x86_64-mingw32/nios2-elf/lib/mno-hw-mul\libc.a(lib_a-findfp.o)
 .text.__sfmoreglue
                0x00000000000008c4       0x78 c:/intelfpga_lite/18.1/nios2eds/bin/gnu/h-x86_64-mingw32/bin/../lib/gcc/nios2-elf/5.3.0/../../../../../H-x86_64-mingw32/nios2-elf/lib/mno-hw-mul\libc.a(lib_a-findfp.o)
                0x00000000000008c4                __sfmoreglue
 .text.__sfp    0x000000000000093c      0x118 c:/intelfpga_lite/18.1/nios2eds/bin/gnu/h-x86_64-mingw32/bin/../lib/gcc/nios2-elf/5.3.0/../../../../../H-x86_64-mingw32/nios2-elf/lib/mno-hw-mul\libc.a(lib_a-findfp.o)
                0x000000000000093c                __sfp
 .text._cleanup
                0x0000000000000a54       0x18 c:/intelfpga_lite/18.1/nios2eds/bin/gnu/h-x86_64-mingw32/bin/../lib/gcc/nios2-elf/5.3.0/../../../../../H-x86_64-mingw32/nios2-elf/lib/mno-hw-mul\libc.a(lib_a-findfp.o)
                0x0000000000000a54                _cleanup
 .text.__sinit  0x0000000000000a6c       0x10 c:/intelfpga_lite/18.1/nios2eds/bin/gnu/h-x86_64-mingw32/bin/../lib/gcc/nios2-elf/5.3.0/../../../../../H-x86_64-mingw32/nios2-elf/lib/mno-hw-mul\libc.a(lib_a-findfp.o)
                0x0000000000000a6c                __sinit
 .text.__sfp_lock_acquire
                0x0000000000000a7c        0x4 c:/intelfpga_lite/18.1/nios2eds/bin/gnu/h-x86_64-mingw32/bin/../lib/gcc/nios2-elf/5.3.0/../../../../../H-x86_64-mingw32/nios2-elf/lib/mno-hw-mul\libc.a(lib_a-findfp.o)
                0x0000000000000a7c                __sfp_lock_acquire
 .text.__sfp_lock_release
                0x0000000000000a80        0x4 c:/intelfpga_lite/18.1/nios2eds/bin/gnu/h-x86_64-mingw32/bin/../lib/gcc/nios2-elf/5.3.0/../../../../../H-x86_64-mingw32/nios2-elf/lib/mno-hw-mul\libc.a(lib_a-findfp.o)
                0x0000000000000a80                __sfp_lock_release
 .text.__sinit_lock_acquire
                0x0000000000000a84        0x4 c:/intelfpga_lite/18.1/nios2eds/bin/gnu/h-x86_64-mingw32/bin/../lib/gcc/nios2-elf/5.3.0/../../../../../H-x86_64-mingw32/nios2-elf/lib/mno-hw-mul\libc.a(lib_a-findfp.o)
                0x0000000000000a84                __sinit_lock_acquire
 .text.__sinit_lock_release
                0x0000000000000a88        0x4 c:/intelfpga_lite/18.1/nios2eds/bin/gnu/h-x86_64-mingw32/bin/../lib/gcc/nios2-elf/5.3.0/../../../../../H-x86_64-mingw32/nios2-elf/lib/mno-hw-mul\libc.a(lib_a-findfp.o)
                0x0000000000000a88                __sinit_lock_release
 .text.__fp_lock_all
                0x0000000000000a8c       0x18 c:/intelfpga_lite/18.1/nios2eds/bin/gnu/h-x86_64-mingw32/bin/../lib/gcc/nios2-elf/5.3.0/../../../../../H-x86_64-mingw32/nios2-elf/lib/mno-hw-mul\libc.a(lib_a-findfp.o)
                0x0000000000000a8c                __fp_lock_all
 .text.__fp_unlock_all
                0x0000000000000aa4       0x18 c:/intelfpga_lite/18.1/nios2eds/bin/gnu/h-x86_64-mingw32/bin/../lib/gcc/nios2-elf/5.3.0/../../../../../H-x86_64-mingw32/nios2-elf/lib/mno-hw-mul\libc.a(lib_a-findfp.o)
                0x0000000000000aa4                __fp_unlock_all
 .text          0x0000000000000abc        0x0 c:/intelfpga_lite/18.1/nios2eds/bin/gnu/h-x86_64-mingw32/bin/../lib/gcc/nios2-elf/5.3.0/../../../../../H-x86_64-mingw32/nios2-elf/lib/mno-hw-mul\libc.a(lib_a-fvwrite.o)
 .text.__sfvwrite_r
                0x0000000000000abc      0x4c8 c:/intelfpga_lite/18.1/nios2eds/bin/gnu/h-x86_64-mingw32/bin/../lib/gcc/nios2-elf/5.3.0/../../../../../H-x86_64-mingw32/nios2-elf/lib/mno-hw-mul\libc.a(lib_a-fvwrite.o)
                0x0000000000000abc                __sfvwrite_r
 .text          0x0000000000000f84        0x0 c:/intelfpga_lite/18.1/nios2eds/bin/gnu/h-x86_64-mingw32/bin/../lib/gcc/nios2-elf/5.3.0/../../../../../H-x86_64-mingw32/nios2-elf/lib/mno-hw-mul\libc.a(lib_a-fwalk.o)
 .text._fwalk   0x0000000000000f84       0xc4 c:/intelfpga_lite/18.1/nios2eds/bin/gnu/h-x86_64-mingw32/bin/../lib/gcc/nios2-elf/5.3.0/../../../../../H-x86_64-mingw32/nios2-elf/lib/mno-hw-mul\libc.a(lib_a-fwalk.o)
                0x0000000000000f84                _fwalk
 .text._fwalk_reent
                0x0000000000001048       0xc4 c:/intelfpga_lite/18.1/nios2eds/bin/gnu/h-x86_64-mingw32/bin/../lib/gcc/nios2-elf/5.3.0/../../../../../H-x86_64-mingw32/nios2-elf/lib/mno-hw-mul\libc.a(lib_a-fwalk.o)
                0x0000000000001048                _fwalk_reent
 .text          0x000000000000110c        0x0 c:/intelfpga_lite/18.1/nios2eds/bin/gnu/h-x86_64-mingw32/bin/../lib/gcc/nios2-elf/5.3.0/../../../../../H-x86_64-mingw32/nios2-elf/lib/mno-hw-mul\libc.a(lib_a-mallocr.o)
 .text._malloc_r
                0x000000000000110c      0x80c c:/intelfpga_lite/18.1/nios2eds/bin/gnu/h-x86_64-mingw32/bin/../lib/gcc/nios2-elf/5.3.0/../../../../../H-x86_64-mingw32/nios2-elf/lib/mno-hw-mul\libc.a(lib_a-mallocr.o)
                0x000000000000110c                _malloc_r
 .text          0x0000000000001918        0x0 c:/intelfpga_lite/18.1/nios2eds/bin/gnu/h-x86_64-mingw32/bin/../lib/gcc/nios2-elf/5.3.0/../../../../../H-x86_64-mingw32/nios2-elf/lib/mno-hw-mul\libc.a(lib_a-memchr.o)
 .text.memchr   0x0000000000001918       0xe4 c:/intelfpga_lite/18.1/nios2eds/bin/gnu/h-x86_64-mingw32/bin/../lib/gcc/nios2-elf/5.3.0/../../../../../H-x86_64-mingw32/nios2-elf/lib/mno-hw-mul\libc.a(lib_a-memchr.o)
                0x0000000000001918                memchr
 .text          0x00000000000019fc        0x0 c:/intelfpga_lite/18.1/nios2eds/bin/gnu/h-x86_64-mingw32/bin/../lib/gcc/nios2-elf/5.3.0/../../../../../H-x86_64-mingw32/nios2-elf/lib/mno-hw-mul\libc.a(lib_a-memcpy.o)
 .text.memcpy   0x00000000000019fc      0x148 c:/intelfpga_lite/18.1/nios2eds/bin/gnu/h-x86_64-mingw32/bin/../lib/gcc/nios2-elf/5.3.0/../../../../../H-x86_64-mingw32/nios2-elf/lib/mno-hw-mul\libc.a(lib_a-memcpy.o)
                0x00000000000019fc                memcpy
 .text          0x0000000000001b44        0x0 c:/intelfpga_lite/18.1/nios2eds/bin/gnu/h-x86_64-mingw32/bin/../lib/gcc/nios2-elf/5.3.0/../../../../../H-x86_64-mingw32/nios2-elf/lib/mno-hw-mul\libc.a(lib_a-memmove.o)
 .text.memmove  0x0000000000001b44      0x15c c:/intelfpga_lite/18.1/nios2eds/bin/gnu/h-x86_64-mingw32/bin/../lib/gcc/nios2-elf/5.3.0/../../../../../H-x86_64-mingw32/nios2-elf/lib/mno-hw-mul\libc.a(lib_a-memmove.o)
                0x0000000000001b44                memmove
 .text          0x0000000000001ca0        0x0 c:/intelfpga_lite/18.1/nios2eds/bin/gnu/h-x86_64-mingw32/bin/../lib/gcc/nios2-elf/5.3.0/../../../../../H-x86_64-mingw32/nios2-elf/lib/mno-hw-mul\libc.a(lib_a-memset.o)
 .text.memset   0x0000000000001ca0      0x128 c:/intelfpga_lite/18.1/nios2eds/bin/gnu/h-x86_64-mingw32/bin/../lib/gcc/nios2-elf/5.3.0/../../../../../H-x86_64-mingw32/nios2-elf/lib/mno-hw-mul\libc.a(lib_a-memset.o)
                0x0000000000001ca0                memset
 .text          0x0000000000001dc8        0x0 c:/intelfpga_lite/18.1/nios2eds/bin/gnu/h-x86_64-mingw32/bin/../lib/gcc/nios2-elf/5.3.0/../../../../../H-x86_64-mingw32/nios2-elf/lib/mno-hw-mul\libc.a(lib_a-reallocr.o)
 .text._realloc_r
                0x0000000000001dc8      0x564 c:/intelfpga_lite/18.1/nios2eds/bin/gnu/h-x86_64-mingw32/bin/../lib/gcc/nios2-elf/5.3.0/../../../../../H-x86_64-mingw32/nios2-elf/lib/mno-hw-mul\libc.a(lib_a-reallocr.o)
                0x0000000000001dc8                _realloc_r
 .text          0x000000000000232c        0x0 c:/intelfpga_lite/18.1/nios2eds/bin/gnu/h-x86_64-mingw32/bin/../lib/gcc/nios2-elf/5.3.0/../../../../../H-x86_64-mingw32/nios2-elf/lib/mno-hw-mul\libc.a(lib_a-refill.o)
 .text.lflush   0x000000000000232c       0x1c c:/intelfpga_lite/18.1/nios2eds/bin/gnu/h-x86_64-mingw32/bin/../lib/gcc/nios2-elf/5.3.0/../../../../../H-x86_64-mingw32/nios2-elf/lib/mno-hw-mul\libc.a(lib_a-refill.o)
 .text.__srefill_r
                0x0000000000002348      0x1d4 c:/intelfpga_lite/18.1/nios2eds/bin/gnu/h-x86_64-mingw32/bin/../lib/gcc/nios2-elf/5.3.0/../../../../../H-x86_64-mingw32/nios2-elf/lib/mno-hw-mul\libc.a(lib_a-refill.o)
                0x0000000000002348                __srefill_r
 .text          0x000000000000251c        0x0 c:/intelfpga_lite/18.1/nios2eds/bin/gnu/h-x86_64-mingw32/bin/../lib/gcc/nios2-elf/5.3.0/../../../../../H-x86_64-mingw32/nios2-elf/lib/mno-hw-mul\libc.a(lib_a-sbrkr.o)
 .text._sbrk_r  0x000000000000251c       0x54 c:/intelfpga_lite/18.1/nios2eds/bin/gnu/h-x86_64-mingw32/bin/../lib/gcc/nios2-elf/5.3.0/../../../../../H-x86_64-mingw32/nios2-elf/lib/mno-hw-mul\libc.a(lib_a-sbrkr.o)
                0x000000000000251c                _sbrk_r
 .text          0x0000000000002570        0x0 c:/intelfpga_lite/18.1/nios2eds/bin/gnu/h-x86_64-mingw32/bin/../lib/gcc/nios2-elf/5.3.0/../../../../../H-x86_64-mingw32/nios2-elf/lib/mno-hw-mul\libc.a(lib_a-stdio.o)
 .text.__sread  0x0000000000002570       0x54 c:/intelfpga_lite/18.1/nios2eds/bin/gnu/h-x86_64-mingw32/bin/../lib/gcc/nios2-elf/5.3.0/../../../../../H-x86_64-mingw32/nios2-elf/lib/mno-hw-mul\libc.a(lib_a-stdio.o)
                0x0000000000002570                __sread
 .text.__seofread
                0x00000000000025c4        0x8 c:/intelfpga_lite/18.1/nios2eds/bin/gnu/h-x86_64-mingw32/bin/../lib/gcc/nios2-elf/5.3.0/../../../../../H-x86_64-mingw32/nios2-elf/lib/mno-hw-mul\libc.a(lib_a-stdio.o)
                0x00000000000025c4                __seofread
 .text.__swrite
                0x00000000000025cc       0x7c c:/intelfpga_lite/18.1/nios2eds/bin/gnu/h-x86_64-mingw32/bin/../lib/gcc/nios2-elf/5.3.0/../../../../../H-x86_64-mingw32/nios2-elf/lib/mno-hw-mul\libc.a(lib_a-stdio.o)
                0x00000000000025cc                __swrite
 .text.__sseek  0x0000000000002648       0x5c c:/intelfpga_lite/18.1/nios2eds/bin/gnu/h-x86_64-mingw32/bin/../lib/gcc/nios2-elf/5.3.0/../../../../../H-x86_64-mingw32/nios2-elf/lib/mno-hw-mul\libc.a(lib_a-stdio.o)
                0x0000000000002648                __sseek
 .text.__sclose
                0x00000000000026a4        0x8 c:/intelfpga_lite/18.1/nios2eds/bin/gnu/h-x86_64-mingw32/bin/../lib/gcc/nios2-elf/5.3.0/../../../../../H-x86_64-mingw32/nios2-elf/lib/mno-hw-mul\libc.a(lib_a-stdio.o)
                0x00000000000026a4                __sclose
 .text          0x00000000000026ac        0x0 c:/intelfpga_lite/18.1/nios2eds/bin/gnu/h-x86_64-mingw32/bin/../lib/gcc/nios2-elf/5.3.0/../../../../../H-x86_64-mingw32/nios2-elf/lib/mno-hw-mul\libc.a(lib_a-writer.o)
 .text._write_r
                0x00000000000026ac       0x60 c:/intelfpga_lite/18.1/nios2eds/bin/gnu/h-x86_64-mingw32/bin/../lib/gcc/nios2-elf/5.3.0/../../../../../H-x86_64-mingw32/nios2-elf/lib/mno-hw-mul\libc.a(lib_a-writer.o)
                0x00000000000026ac                _write_r
 .text          0x000000000000270c        0x0 c:/intelfpga_lite/18.1/nios2eds/bin/gnu/h-x86_64-mingw32/bin/../lib/gcc/nios2-elf/5.3.0/../../../../../H-x86_64-mingw32/nios2-elf/lib/mno-hw-mul\libc.a(lib_a-wsetup.o)
 .text.__swsetup_r
                0x000000000000270c      0x154 c:/intelfpga_lite/18.1/nios2eds/bin/gnu/h-x86_64-mingw32/bin/../lib/gcc/nios2-elf/5.3.0/../../../../../H-x86_64-mingw32/nios2-elf/lib/mno-hw-mul\libc.a(lib_a-wsetup.o)
                0x000000000000270c                __swsetup_r
 .text          0x0000000000002860        0x0 c:/intelfpga_lite/18.1/nios2eds/bin/gnu/h-x86_64-mingw32/bin/../lib/gcc/nios2-elf/5.3.0/../../../../../H-x86_64-mingw32/nios2-elf/lib/mno-hw-mul\libc.a(closer.o)
 .text._close_r
                0x0000000000002860       0x54 c:/intelfpga_lite/18.1/nios2eds/bin/gnu/h-x86_64-mingw32/bin/../lib/gcc/nios2-elf/5.3.0/../../../../../H-x86_64-mingw32/nios2-elf/lib/mno-hw-mul\libc.a(closer.o)
                0x0000000000002860                _close_r
 .text          0x00000000000028b4        0x0 c:/intelfpga_lite/18.1/nios2eds/bin/gnu/h-x86_64-mingw32/bin/../lib/gcc/nios2-elf/5.3.0/../../../../../H-x86_64-mingw32/nios2-elf/lib/mno-hw-mul\libc.a(lib_a-fclose.o)
 .text._fclose_r
                0x00000000000028b4       0xf0 c:/intelfpga_lite/18.1/nios2eds/bin/gnu/h-x86_64-mingw32/bin/../lib/gcc/nios2-elf/5.3.0/../../../../../H-x86_64-mingw32/nios2-elf/lib/mno-hw-mul\libc.a(lib_a-fclose.o)
                0x00000000000028b4                _fclose_r
 .text.fclose   0x00000000000029a4       0x14 c:/intelfpga_lite/18.1/nios2eds/bin/gnu/h-x86_64-mingw32/bin/../lib/gcc/nios2-elf/5.3.0/../../../../../H-x86_64-mingw32/nios2-elf/lib/mno-hw-mul\libc.a(lib_a-fclose.o)
                0x00000000000029a4                fclose
 .text          0x00000000000029b8        0x0 c:/intelfpga_lite/18.1/nios2eds/bin/gnu/h-x86_64-mingw32/bin/../lib/gcc/nios2-elf/5.3.0/../../../../../H-x86_64-mingw32/nios2-elf/lib/mno-hw-mul\libc.a(lib_a-fflush.o)
 .text.__sflush_r
                0x00000000000029b8      0x21c c:/intelfpga_lite/18.1/nios2eds/bin/gnu/h-x86_64-mingw32/bin/../lib/gcc/nios2-elf/5.3.0/../../../../../H-x86_64-mingw32/nios2-elf/lib/mno-hw-mul\libc.a(lib_a-fflush.o)
                0x00000000000029b8                __sflush_r
 .text._fflush_r
                0x0000000000002bd4       0x5c c:/intelfpga_lite/18.1/nios2eds/bin/gnu/h-x86_64-mingw32/bin/../lib/gcc/nios2-elf/5.3.0/../../../../../H-x86_64-mingw32/nios2-elf/lib/mno-hw-mul\libc.a(lib_a-fflush.o)
                0x0000000000002bd4                _fflush_r
 .text.fflush   0x0000000000002c30       0x30 c:/intelfpga_lite/18.1/nios2eds/bin/gnu/h-x86_64-mingw32/bin/../lib/gcc/nios2-elf/5.3.0/../../../../../H-x86_64-mingw32/nios2-elf/lib/mno-hw-mul\libc.a(lib_a-fflush.o)
                0x0000000000002c30                fflush
 .text          0x0000000000002c60        0x0 c:/intelfpga_lite/18.1/nios2eds/bin/gnu/h-x86_64-mingw32/bin/../lib/gcc/nios2-elf/5.3.0/../../../../../H-x86_64-mingw32/nios2-elf/lib/mno-hw-mul\libc.a(lib_a-freer.o)
 .text._malloc_trim_r
                0x0000000000002c60      0x124 c:/intelfpga_lite/18.1/nios2eds/bin/gnu/h-x86_64-mingw32/bin/../lib/gcc/nios2-elf/5.3.0/../../../../../H-x86_64-mingw32/nios2-elf/lib/mno-hw-mul\libc.a(lib_a-freer.o)
                0x0000000000002c60                _malloc_trim_r
 .text._free_r  0x0000000000002d84      0x310 c:/intelfpga_lite/18.1/nios2eds/bin/gnu/h-x86_64-mingw32/bin/../lib/gcc/nios2-elf/5.3.0/../../../../../H-x86_64-mingw32/nios2-elf/lib/mno-hw-mul\libc.a(lib_a-freer.o)
                0x0000000000002d84                _free_r
 .text          0x0000000000003094        0x0 c:/intelfpga_lite/18.1/nios2eds/bin/gnu/h-x86_64-mingw32/bin/../lib/gcc/nios2-elf/5.3.0/../../../../../H-x86_64-mingw32/nios2-elf/lib/mno-hw-mul\libc.a(lib_a-int_errno.o)
 .text          0x0000000000003094        0x0 c:/intelfpga_lite/18.1/nios2eds/bin/gnu/h-x86_64-mingw32/bin/../lib/gcc/nios2-elf/5.3.0/../../../../../H-x86_64-mingw32/nios2-elf/lib/mno-hw-mul\libc.a(lib_a-lseekr.o)
 .text._lseek_r
                0x0000000000003094       0x60 c:/intelfpga_lite/18.1/nios2eds/bin/gnu/h-x86_64-mingw32/bin/../lib/gcc/nios2-elf/5.3.0/../../../../../H-x86_64-mingw32/nios2-elf/lib/mno-hw-mul\libc.a(lib_a-lseekr.o)
                0x0000000000003094                _lseek_r
 .text          0x00000000000030f4        0x0 c:/intelfpga_lite/18.1/nios2eds/bin/gnu/h-x86_64-mingw32/bin/../lib/gcc/nios2-elf/5.3.0/../../../../../H-x86_64-mingw32/nios2-elf/lib/mno-hw-mul\libc.a(lib_a-makebuf.o)
 .text.__smakebuf_r
                0x00000000000030f4      0x1bc c:/intelfpga_lite/18.1/nios2eds/bin/gnu/h-x86_64-mingw32/bin/../lib/gcc/nios2-elf/5.3.0/../../../../../H-x86_64-mingw32/nios2-elf/lib/mno-hw-mul\libc.a(lib_a-makebuf.o)
                0x00000000000030f4                __smakebuf_r
 .text          0x00000000000032b0        0x0 c:/intelfpga_lite/18.1/nios2eds/bin/gnu/h-x86_64-mingw32/bin/../lib/gcc/nios2-elf/5.3.0/../../../../../H-x86_64-mingw32/nios2-elf/lib/mno-hw-mul\libc.a(lib_a-readr.o)
 .text._read_r  0x00000000000032b0       0x60 c:/intelfpga_lite/18.1/nios2eds/bin/gnu/h-x86_64-mingw32/bin/../lib/gcc/nios2-elf/5.3.0/../../../../../H-x86_64-mingw32/nios2-elf/lib/mno-hw-mul\libc.a(lib_a-readr.o)
                0x00000000000032b0                _read_r
 .text          0x0000000000003310        0x0 c:/intelfpga_lite/18.1/nios2eds/bin/gnu/h-x86_64-mingw32/bin/../lib/gcc/nios2-elf/5.3.0/../../../../../H-x86_64-mingw32/nios2-elf/lib/mno-hw-mul\libc.a(lib_a-fstatr.o)
 .text._fstat_r
                0x0000000000003310       0x5c c:/intelfpga_lite/18.1/nios2eds/bin/gnu/h-x86_64-mingw32/bin/../lib/gcc/nios2-elf/5.3.0/../../../../../H-x86_64-mingw32/nios2-elf/lib/mno-hw-mul\libc.a(lib_a-fstatr.o)
                0x0000000000003310                _fstat_r
 .text          0x000000000000336c        0x0 c:/intelfpga_lite/18.1/nios2eds/bin/gnu/h-x86_64-mingw32/bin/../lib/gcc/nios2-elf/5.3.0/../../../../../H-x86_64-mingw32/nios2-elf/lib/mno-hw-mul\libc.a(lib_a-isattyr.o)
 .text._isatty_r
                0x000000000000336c       0x54 c:/intelfpga_lite/18.1/nios2eds/bin/gnu/h-x86_64-mingw32/bin/../lib/gcc/nios2-elf/5.3.0/../../../../../H-x86_64-mingw32/nios2-elf/lib/mno-hw-mul\libc.a(lib_a-isattyr.o)
                0x000000000000336c                _isatty_r
 .text          0x00000000000033c0      0x1b4 c:/intelfpga_lite/18.1/nios2eds/bin/gnu/h-x86_64-mingw32/bin/../lib/gcc/nios2-elf/5.3.0/mno-hw-mul\libgcc.a(lib2-divmod.o)
                0x00000000000033c0                __divsi3
                0x0000000000003444                __modsi3
                0x00000000000034b8                __udivsi3
                0x000000000000351c                __umodsi3
 .text          0x0000000000003574       0x28 c:/intelfpga_lite/18.1/nios2eds/bin/gnu/h-x86_64-mingw32/bin/../lib/gcc/nios2-elf/5.3.0/mno-hw-mul\libgcc.a(lib2-mul.o)
                0x0000000000003574                __mulsi3
 .text          0x000000000000359c      0x114 ../week_2_2_9_bsp/\libucosii_bsp.a(alt_close.o)
                0x00000000000035d8                close
 .text          0x00000000000036b0       0x2c ../week_2_2_9_bsp/\libucosii_bsp.a(alt_dev.o)
 .text          0x00000000000036dc        0x0 ../week_2_2_9_bsp/\libucosii_bsp.a(alt_errno.o)
 .text          0x00000000000036dc       0xf4 ../week_2_2_9_bsp/\libucosii_bsp.a(alt_fstat.o)
                0x0000000000003718                fstat
 .text          0x00000000000037d0       0xe8 ../week_2_2_9_bsp/\libucosii_bsp.a(alt_isatty.o)
                0x000000000000380c                isatty
 .text          0x00000000000038b8       0xec ../week_2_2_9_bsp/\libucosii_bsp.a(alt_load.o)
                0x0000000000003920                alt_load
 .text          0x00000000000039a4      0x118 ../week_2_2_9_bsp/\libucosii_bsp.a(alt_lseek.o)
                0x00000000000039e0                lseek
 .text          0x0000000000003abc       0xbc ../week_2_2_9_bsp/\libucosii_bsp.a(alt_main.o)
                0x0000000000003abc                alt_main
 .text          0x0000000000003b78      0x140 ../week_2_2_9_bsp/\libucosii_bsp.a(alt_read.o)
                0x0000000000003bb4                read
 .text          0x0000000000003cb8       0x84 ../week_2_2_9_bsp/\libucosii_bsp.a(alt_release_fd.o)
                0x0000000000003cb8                alt_release_fd
 .text          0x0000000000003d3c       0xb0 ../week_2_2_9_bsp/\libucosii_bsp.a(alt_sbrk.o)
                0x0000000000003d3c                sbrk
 .text          0x0000000000003dec      0x13c ../week_2_2_9_bsp/\libucosii_bsp.a(alt_write.o)
                0x0000000000003e28                write
 .text          0x0000000000003f28      0x124 ../week_2_2_9_bsp/\libucosii_bsp.a(alt_env_lock.o)
                0x0000000000003f28                __env_lock
                0x0000000000003fec                __env_unlock
 .text          0x000000000000404c      0x1ec ../week_2_2_9_bsp/\libucosii_bsp.a(alt_malloc_lock.o)
                0x000000000000404c                __malloc_lock
                0x000000000000416c                __malloc_unlock
 .text          0x0000000000004238     0x2014 ../week_2_2_9_bsp/\libucosii_bsp.a(os_core.o)
                0x0000000000004238                OSEventNameGet
                0x0000000000004358                OSEventNameSet
                0x0000000000004498                OSEventPendMulti
                0x0000000000004aa8                OSInit
                0x0000000000004b00                OSIntEnter
                0x0000000000004b4c                OSIntExit
                0x0000000000004c44                OSSchedLock
                0x0000000000004cd0                OSSchedUnlock
                0x0000000000004dac                OSStart
                0x0000000000004e1c                OSStatInit
                0x0000000000004ecc                OSTimeTick
                0x00000000000050ec                OSVersion
                0x000000000000510c                OS_Dummy
                0x000000000000512c                OS_EventTaskRdy
                0x00000000000052c4                OS_EventTaskWait
                0x00000000000053d4                OS_EventTaskWaitMulti
                0x0000000000005524                OS_EventTaskRemove
                0x00000000000055dc                OS_EventTaskRemoveMulti
                0x00000000000056dc                OS_EventWaitListInit
                0x0000000000005abc                OS_MemClr
                0x0000000000005b10                OS_MemCopy
                0x0000000000005b78                OS_Sched
                0x0000000000005cbc                OS_StrCopy
                0x0000000000005d30                OS_StrLen
                0x0000000000005d84                OS_TaskIdle
                0x0000000000005de0                OS_TaskStat
                0x0000000000005eac                OS_TaskStatStkChk
                0x0000000000005f78                OS_TCBInit
 .text          0x000000000000624c      0x190 ../week_2_2_9_bsp/\libucosii_bsp.a(os_dbg.o)
                0x000000000000624c                OSDebugInit
 .text          0x00000000000063dc     0x1714 ../week_2_2_9_bsp/\libucosii_bsp.a(os_flag.o)
                0x00000000000063dc                OSFlagAccept
                0x00000000000066e4                OSFlagCreate
                0x00000000000067ec                OSFlagDel
                0x0000000000006a34                OSFlagNameGet
                0x0000000000006b5c                OSFlagNameSet
                0x0000000000006ca8                OSFlagPend
                0x0000000000007260                OSFlagPendGetFlagsRdy
                0x00000000000072c0                OSFlagPost
                0x0000000000007654                OSFlagQuery
                0x0000000000007878                OS_FlagInit
                0x0000000000007a4c                OS_FlagUnlink
 .text          0x0000000000007af0      0x760 ../week_2_2_9_bsp/\libucosii_bsp.a(os_mem.o)
                0x0000000000007af0                OSMemCreate
                0x0000000000007cc4                OSMemGet
                0x0000000000007db4                OSMemNameGet
                0x0000000000007ea4                OSMemNameSet
                0x0000000000007fb8                OSMemPut
                0x0000000000008090                OSMemQuery
                0x0000000000008178                OS_MemInit
 .text          0x0000000000008250     0x1104 ../week_2_2_9_bsp/\libucosii_bsp.a(os_q.o)
                0x0000000000008250                OSQAccept
                0x0000000000008390                OSQCreate
                0x000000000000853c                OSQDel
                0x00000000000087bc                OSQFlush
                0x0000000000008874                OSQPend
                0x0000000000008b00                OSQPendAbort
                0x0000000000008c6c                OSQPost
                0x0000000000008dd4                OSQPostFront
                0x0000000000008f44                OSQPostOpt
                0x0000000000009150                OSQQuery
                0x00000000000092ac                OS_QInit
 .text          0x0000000000009354      0xa60 ../week_2_2_9_bsp/\libucosii_bsp.a(os_sem.o)
                0x0000000000009354                OSSemAccept
                0x0000000000009404                OSSemCreate
                0x00000000000094dc                OSSemDel
                0x000000000000971c                OSSemPend
                0x0000000000009928                OSSemPendAbort
                0x0000000000009a94                OSSemPost
                0x0000000000009ba4                OSSemQuery
                0x0000000000009cb4                OSSemSet
 .text          0x0000000000009db4     0x176c ../week_2_2_9_bsp/\libucosii_bsp.a(os_task.o)
                0x0000000000009db4                OSTaskChangePrio
                0x000000000000a2a4                OSTaskCreate
                0x000000000000a450                OSTaskCreateExt
                0x000000000000a634                OSTaskDel
                0x000000000000a978                OSTaskDelReq
                0x000000000000aac8                OSTaskNameGet
                0x000000000000ac60                OSTaskNameSet
                0x000000000000ae14                OSTaskResume
                0x000000000000afe8                OSTaskStkChk
                0x000000000000b1a8                OSTaskSuspend
                0x000000000000b38c                OSTaskQuery
                0x000000000000b4b0                OS_TaskStkClr
 .text          0x000000000000b520      0x510 ../week_2_2_9_bsp/\libucosii_bsp.a(os_time.o)
                0x000000000000b520                OSTimeDly
                0x000000000000b624                OSTimeDlyHMSM
                0x000000000000b7a0                OSTimeDlyResume
                0x000000000000b974                OSTimeGet
                0x000000000000b9d0                OSTimeSet
 .text          0x000000000000ba30       0xcc ../week_2_2_9_bsp/\libucosii_bsp.a(alt_sys_init.o)
                0x000000000000ba64                alt_irq_init
                0x000000000000ba9c                alt_sys_init
 .text          0x000000000000bafc      0x164 ../week_2_2_9_bsp/\libucosii_bsp.a(altera_avalon_jtag_uart_fd.o)
                0x000000000000bafc                altera_avalon_jtag_uart_read_fd
                0x000000000000bb5c                altera_avalon_jtag_uart_write_fd
                0x000000000000bbbc                altera_avalon_jtag_uart_close_fd
                0x000000000000bc0c                altera_avalon_jtag_uart_ioctl_fd
 .text          0x000000000000bc60      0x558 ../week_2_2_9_bsp/\libucosii_bsp.a(altera_avalon_jtag_uart_init.o)
                0x000000000000bc60                altera_avalon_jtag_uart_init
                0x000000000000c150                altera_avalon_jtag_uart_close
 .text          0x000000000000c1b8       0xf0 ../week_2_2_9_bsp/\libucosii_bsp.a(altera_avalon_jtag_uart_ioctl.o)
                0x000000000000c1b8                altera_avalon_jtag_uart_ioctl
 .text          0x000000000000c2a8      0x2bc ../week_2_2_9_bsp/\libucosii_bsp.a(altera_avalon_jtag_uart_read.o)
                0x000000000000c2a8                altera_avalon_jtag_uart_read
 .text          0x000000000000c564      0x2c4 ../week_2_2_9_bsp/\libucosii_bsp.a(altera_avalon_jtag_uart_write.o)
                0x000000000000c564                altera_avalon_jtag_uart_write
 .text          0x000000000000c828       0xf4 ../week_2_2_9_bsp/\libucosii_bsp.a(altera_avalon_timer_sc.o)
                0x000000000000c8a0                alt_avalon_timer_sc_init
 .text          0x000000000000c91c      0x12c ../week_2_2_9_bsp/\libucosii_bsp.a(alt_alarm_start.o)
                0x000000000000c91c                alt_alarm_start
 .text          0x000000000000ca48       0x20 ../week_2_2_9_bsp/\libucosii_bsp.a(alt_dcache_flush_all.o)
                0x000000000000ca48                alt_dcache_flush_all
 .text          0x000000000000ca68       0xe0 ../week_2_2_9_bsp/\libucosii_bsp.a(alt_dev_llist_insert.o)
                0x000000000000caa4                alt_dev_llist_insert
 .text          0x000000000000cb48       0x60 ../week_2_2_9_bsp/\libucosii_bsp.a(alt_do_ctors.o)
                0x000000000000cb48                _do_ctors
 .text          0x000000000000cba8       0x60 ../week_2_2_9_bsp/\libucosii_bsp.a(alt_do_dtors.o)
                0x000000000000cba8                _do_dtors
 .text          0x000000000000cc08       0x20 ../week_2_2_9_bsp/\libucosii_bsp.a(alt_icache_flush_all.o)
                0x000000000000cc08                alt_icache_flush_all
 .text          0x000000000000cc28      0x1b0 ../week_2_2_9_bsp/\libucosii_bsp.a(alt_iic.o)
                0x000000000000cc28                alt_ic_isr_register
                0x000000000000cc78                alt_ic_irq_enable
                0x000000000000cd00                alt_ic_irq_disable
                0x000000000000cd8c                alt_ic_irq_enabled
 .text          0x000000000000cdd8       0xf0 ../week_2_2_9_bsp/\libucosii_bsp.a(alt_iic_isr_register.o)
                0x000000000000cdd8                alt_iic_isr_register
 .text          0x000000000000cec8      0x160 ../week_2_2_9_bsp/\libucosii_bsp.a(alt_io_redirect.o)
                0x000000000000cfac                alt_io_redirect
 .text          0x000000000000d028        0x0 ../week_2_2_9_bsp/\libucosii_bsp.a(alt_irq_entry.o)
 .text          0x000000000000d028        0x0 ../week_2_2_9_bsp/\libucosii_bsp.a(alt_irq_handler.o)
 .text          0x000000000000d028        0x0 ../week_2_2_9_bsp/\libucosii_bsp.a(alt_irq_vars.o)
 .text          0x000000000000d028      0x284 ../week_2_2_9_bsp/\libucosii_bsp.a(alt_open.o)
                0x000000000000d150                open
 .text          0x000000000000d2ac      0x1a4 ../week_2_2_9_bsp/\libucosii_bsp.a(alt_tick.o)
                0x000000000000d2ac                alt_alarm_stop
                0x000000000000d348                alt_tick
 .text          0x000000000000d450       0x24 ../week_2_2_9_bsp/\libucosii_bsp.a(altera_nios2_qsys_irq.o)
                0x000000000000d450                altera_nios2_qsys_irq_init
 .text          0x000000000000d474       0xd0 ../week_2_2_9_bsp/\libucosii_bsp.a(os_cpu_a.o)
                0x000000000000d474                OSCtxSw
                0x000000000000d474                OSIntCtxSw
                0x000000000000d500                OSStartHighRdy
                0x000000000000d520                OSStartTsk
 .text          0x000000000000d544      0x288 ../week_2_2_9_bsp/\libucosii_bsp.a(os_cpu_c.o)
                0x000000000000d544                OSTaskStkInit
                0x000000000000d6a0                OSTaskCreateHook
                0x000000000000d6c4                OSTaskDelHook
                0x000000000000d6e8                OSTaskSwHook
                0x000000000000d708                OSTaskStatHook
                0x000000000000d728                OSTimeTickHook
                0x000000000000d748                OSInitHookBegin
                0x000000000000d768                OSInitHookEnd
                0x000000000000d788                OSTaskIdleHook
                0x000000000000d7a8                OSTCBInitHook
 .text          0x000000000000d7cc        0x0 ../week_2_2_9_bsp/\libucosii_bsp.a(alt_exception_entry.o)
 .text          0x000000000000d7cc       0x90 ../week_2_2_9_bsp/\libucosii_bsp.a(alt_find_dev.o)
                0x000000000000d7cc                alt_find_dev
 .text          0x000000000000d85c      0x108 ../week_2_2_9_bsp/\libucosii_bsp.a(alt_find_file.o)
                0x000000000000d85c                alt_find_file
 .text          0x000000000000d964       0xf4 ../week_2_2_9_bsp/\libucosii_bsp.a(alt_get_fd.o)
                0x000000000000d964                alt_get_fd
 .text          0x000000000000da58        0x0 c:/intelfpga_lite/18.1/nios2eds/bin/gnu/h-x86_64-mingw32/bin/../lib/gcc/nios2-elf/5.3.0/../../../../../H-x86_64-mingw32/nios2-elf/lib/mno-hw-mul\libc.a(lib_a-atexit.o)
 .text.atexit   0x000000000000da58       0x14 c:/intelfpga_lite/18.1/nios2eds/bin/gnu/h-x86_64-mingw32/bin/../lib/gcc/nios2-elf/5.3.0/../../../../../H-x86_64-mingw32/nios2-elf/lib/mno-hw-mul\libc.a(lib_a-atexit.o)
                0x000000000000da58                atexit
 .text          0x000000000000da6c        0x0 c:/intelfpga_lite/18.1/nios2eds/bin/gnu/h-x86_64-mingw32/bin/../lib/gcc/nios2-elf/5.3.0/../../../../../H-x86_64-mingw32/nios2-elf/lib/mno-hw-mul\libc.a(lib_a-exit.o)
 .text.exit     0x000000000000da6c       0x38 c:/intelfpga_lite/18.1/nios2eds/bin/gnu/h-x86_64-mingw32/bin/../lib/gcc/nios2-elf/5.3.0/../../../../../H-x86_64-mingw32/nios2-elf/lib/mno-hw-mul\libc.a(lib_a-exit.o)
                0x000000000000da6c                exit
 .text          0x000000000000daa4        0x0 c:/intelfpga_lite/18.1/nios2eds/bin/gnu/h-x86_64-mingw32/bin/../lib/gcc/nios2-elf/5.3.0/../../../../../H-x86_64-mingw32/nios2-elf/lib/mno-hw-mul\libc.a(lib_a-memcmp.o)
 .text.memcmp   0x000000000000daa4       0x7c c:/intelfpga_lite/18.1/nios2eds/bin/gnu/h-x86_64-mingw32/bin/../lib/gcc/nios2-elf/5.3.0/../../../../../H-x86_64-mingw32/nios2-elf/lib/mno-hw-mul\libc.a(lib_a-memcmp.o)
                0x000000000000daa4                memcmp
 .text          0x000000000000db20        0x0 c:/intelfpga_lite/18.1/nios2eds/bin/gnu/h-x86_64-mingw32/bin/../lib/gcc/nios2-elf/5.3.0/../../../../../H-x86_64-mingw32/nios2-elf/lib/mno-hw-mul\libc.a(lib_a-__atexit.o)
 .text.__register_exitproc
                0x000000000000db20      0x118 c:/intelfpga_lite/18.1/nios2eds/bin/gnu/h-x86_64-mingw32/bin/../lib/gcc/nios2-elf/5.3.0/../../../../../H-x86_64-mingw32/nios2-elf/lib/mno-hw-mul\libc.a(lib_a-__atexit.o)
                0x000000000000db20                __register_exitproc
 .text          0x000000000000dc38        0x0 c:/intelfpga_lite/18.1/nios2eds/bin/gnu/h-x86_64-mingw32/bin/../lib/gcc/nios2-elf/5.3.0/../../../../../H-x86_64-mingw32/nios2-elf/lib/mno-hw-mul\libc.a(lib_a-__call_atexit.o)
 .text.__call_exitprocs
                0x000000000000dc38      0x180 c:/intelfpga_lite/18.1/nios2eds/bin/gnu/h-x86_64-mingw32/bin/../lib/gcc/nios2-elf/5.3.0/../../../../../H-x86_64-mingw32/nios2-elf/lib/mno-hw-mul\libc.a(lib_a-__call_atexit.o)
                0x000000000000dc38                __call_exitprocs
 .text          0x000000000000ddb8       0x34 ../week_2_2_9_bsp/\libucosii_bsp.a(alt_exit.o)
                0x000000000000ddb8                _exit
 *(.gnu.warning.*)
 *(.fini)
                [!provide]                        PROVIDE (__etext, ABSOLUTE (.))
                [!provide]                        PROVIDE (_etext, ABSOLUTE (.))
                [!provide]                        PROVIDE (etext, ABSOLUTE (.))
 *(.eh_frame_hdr)
                0x000000000000ddec                . = ALIGN (0x4)
                [!provide]                        PROVIDE (__preinit_array_start, ABSOLUTE (.))
 *(.preinit_array)
                [!provide]                        PROVIDE (__preinit_array_end, ABSOLUTE (.))
                [!provide]                        PROVIDE (__init_array_start, ABSOLUTE (.))
 *(.init_array)
                [!provide]                        PROVIDE (__init_array_end, ABSOLUTE (.))
                [!provide]                        PROVIDE (__fini_array_start, ABSOLUTE (.))
 *(.fini_array)
                [!provide]                        PROVIDE (__fini_array_end, ABSOLUTE (.))
 *(.eh_frame)
 *(.gcc_except_table .gcc_except_table.*)
 *(.dynamic)
                0x000000000000ddec                PROVIDE (__CTOR_LIST__, ABSOLUTE (.))
 *(.ctors)
 *(SORT(.ctors.*))
                0x000000000000ddec                PROVIDE (__CTOR_END__, ABSOLUTE (.))
                0x000000000000ddec                PROVIDE (__DTOR_LIST__, ABSOLUTE (.))
 *(.dtors)
 *(SORT(.dtors.*))
                0x000000000000ddec                PROVIDE (__DTOR_END__, ABSOLUTE (.))
 *(.jcr)
                0x000000000000ddec                . = ALIGN (0x4)

.rodata         0x000000000000ddec      0x1e0
                0x000000000000ddec                PROVIDE (__ram_rodata_start, ABSOLUTE (.))
                0x000000000000ddec                . = ALIGN (0x4)
 *(.rodata .rodata.* .gnu.linkonce.r.*)
 .rodata        0x000000000000ddec       0x80 obj/default/hello_ucosii.o
 .rodata.str1.4
                0x000000000000de6c        0x2 c:/intelfpga_lite/18.1/nios2eds/bin/gnu/h-x86_64-mingw32/bin/../lib/gcc/nios2-elf/5.3.0/../../../../../H-x86_64-mingw32/nios2-elf/lib/mno-hw-mul\libc.a(lib_a-impure.o)
 *fill*         0x000000000000de6e        0x2 
 .rodata.str1.4
                0x000000000000de70        0x4 c:/intelfpga_lite/18.1/nios2eds/bin/gnu/h-x86_64-mingw32/bin/../lib/gcc/nios2-elf/5.3.0/../../../../../H-x86_64-mingw32/nios2-elf/lib/mno-hw-mul\libc.a(lib_a-puts.o)
                                          0x2 (size before relaxing)
 .rodata        0x000000000000de74        0xa ../week_2_2_9_bsp/\libucosii_bsp.a(alt_dev.o)
 *fill*         0x000000000000de7e        0x2 
 .rodata        0x000000000000de80       0x11 ../week_2_2_9_bsp/\libucosii_bsp.a(alt_main.o)
 *fill*         0x000000000000de91        0x3 
 .rodata        0x000000000000de94      0x11e ../week_2_2_9_bsp/\libucosii_bsp.a(os_core.o)
                0x000000000000de94                OSUnMapTbl
 *fill*         0x000000000000dfb2        0x2 
 .rodata        0x000000000000dfb4       0x11 ../week_2_2_9_bsp/\libucosii_bsp.a(alt_sys_init.o)
 *fill*         0x000000000000dfc5        0x3 
 .rodata        0x000000000000dfc8        0x2 ../week_2_2_9_bsp/\libucosii_bsp.a(os_cpu_c.o)
 *(.rodata1)
                0x000000000000dfcc                . = ALIGN (0x4)
 *fill*         0x000000000000dfca        0x2 
                0x000000000000dfcc                PROVIDE (__ram_rodata_end, ABSOLUTE (.))
                0x000000000000ddec                PROVIDE (__flash_rodata_start, LOADADDR (.rodata))

.rwdata         0x000000000000dfcc     0x1af4 load address 0x000000000000fac0
                0x000000000000dfcc                PROVIDE (__ram_rwdata_start, ABSOLUTE (.))
                0x000000000000dfcc                . = ALIGN (0x4)
 *(.got.plt)
 *(.got)
 *(.data1)
 *(.data .data.* .gnu.linkonce.d.*)
 .data          0x000000000000dfcc        0x0 ../week_2_2_9_bsp//obj/HAL/src/crt0.o
 .data          0x000000000000dfcc        0x0 obj/default/hello_ucosii.o
 .data          0x000000000000dfcc        0x0 c:/intelfpga_lite/18.1/nios2eds/bin/gnu/h-x86_64-mingw32/bin/../lib/gcc/nios2-elf/5.3.0/../../../../../H-x86_64-mingw32/nios2-elf/lib/mno-hw-mul\libc.a(lib_a-getc.o)
 .data          0x000000000000dfcc        0x0 c:/intelfpga_lite/18.1/nios2eds/bin/gnu/h-x86_64-mingw32/bin/../lib/gcc/nios2-elf/5.3.0/../../../../../H-x86_64-mingw32/nios2-elf/lib/mno-hw-mul\libc.a(lib_a-impure.o)
 .data.impure_data
                0x000000000000dfcc      0x424 c:/intelfpga_lite/18.1/nios2eds/bin/gnu/h-x86_64-mingw32/bin/../lib/gcc/nios2-elf/5.3.0/../../../../../H-x86_64-mingw32/nios2-elf/lib/mno-hw-mul\libc.a(lib_a-impure.o)
 .data          0x000000000000e3f0        0x0 c:/intelfpga_lite/18.1/nios2eds/bin/gnu/h-x86_64-mingw32/bin/../lib/gcc/nios2-elf/5.3.0/../../../../../H-x86_64-mingw32/nios2-elf/lib/mno-hw-mul\libc.a(lib_a-puts.o)
 .data          0x000000000000e3f0        0x0 c:/intelfpga_lite/18.1/nios2eds/bin/gnu/h-x86_64-mingw32/bin/../lib/gcc/nios2-elf/5.3.0/../../../../../H-x86_64-mingw32/nios2-elf/lib/mno-hw-mul\libc.a(lib_a-rget.o)
 .data          0x000000000000e3f0        0x0 c:/intelfpga_lite/18.1/nios2eds/bin/gnu/h-x86_64-mingw32/bin/../lib/gcc/nios2-elf/5.3.0/../../../../../H-x86_64-mingw32/nios2-elf/lib/mno-hw-mul\libc.a(lib_a-strlen.o)
 .data          0x000000000000e3f0        0x0 c:/intelfpga_lite/18.1/nios2eds/bin/gnu/h-x86_64-mingw32/bin/../lib/gcc/nios2-elf/5.3.0/../../../../../H-x86_64-mingw32/nios2-elf/lib/mno-hw-mul\libc.a(lib_a-findfp.o)
 .data          0x000000000000e3f0        0x0 c:/intelfpga_lite/18.1/nios2eds/bin/gnu/h-x86_64-mingw32/bin/../lib/gcc/nios2-elf/5.3.0/../../../../../H-x86_64-mingw32/nios2-elf/lib/mno-hw-mul\libc.a(lib_a-fvwrite.o)
 .data          0x000000000000e3f0        0x0 c:/intelfpga_lite/18.1/nios2eds/bin/gnu/h-x86_64-mingw32/bin/../lib/gcc/nios2-elf/5.3.0/../../../../../H-x86_64-mingw32/nios2-elf/lib/mno-hw-mul\libc.a(lib_a-fwalk.o)
 .data          0x000000000000e3f0        0x0 c:/intelfpga_lite/18.1/nios2eds/bin/gnu/h-x86_64-mingw32/bin/../lib/gcc/nios2-elf/5.3.0/../../../../../H-x86_64-mingw32/nios2-elf/lib/mno-hw-mul\libc.a(lib_a-mallocr.o)
 .data.__malloc_av_
                0x000000000000e3f0      0x408 c:/intelfpga_lite/18.1/nios2eds/bin/gnu/h-x86_64-mingw32/bin/../lib/gcc/nios2-elf/5.3.0/../../../../../H-x86_64-mingw32/nios2-elf/lib/mno-hw-mul\libc.a(lib_a-mallocr.o)
                0x000000000000e3f0                __malloc_av_
 .data          0x000000000000e7f8        0x0 c:/intelfpga_lite/18.1/nios2eds/bin/gnu/h-x86_64-mingw32/bin/../lib/gcc/nios2-elf/5.3.0/../../../../../H-x86_64-mingw32/nios2-elf/lib/mno-hw-mul\libc.a(lib_a-memchr.o)
 .data          0x000000000000e7f8        0x0 c:/intelfpga_lite/18.1/nios2eds/bin/gnu/h-x86_64-mingw32/bin/../lib/gcc/nios2-elf/5.3.0/../../../../../H-x86_64-mingw32/nios2-elf/lib/mno-hw-mul\libc.a(lib_a-memcpy.o)
 .data          0x000000000000e7f8        0x0 c:/intelfpga_lite/18.1/nios2eds/bin/gnu/h-x86_64-mingw32/bin/../lib/gcc/nios2-elf/5.3.0/../../../../../H-x86_64-mingw32/nios2-elf/lib/mno-hw-mul\libc.a(lib_a-memmove.o)
 .data          0x000000000000e7f8        0x0 c:/intelfpga_lite/18.1/nios2eds/bin/gnu/h-x86_64-mingw32/bin/../lib/gcc/nios2-elf/5.3.0/../../../../../H-x86_64-mingw32/nios2-elf/lib/mno-hw-mul\libc.a(lib_a-memset.o)
 .data          0x000000000000e7f8        0x0 c:/intelfpga_lite/18.1/nios2eds/bin/gnu/h-x86_64-mingw32/bin/../lib/gcc/nios2-elf/5.3.0/../../../../../H-x86_64-mingw32/nios2-elf/lib/mno-hw-mul\libc.a(lib_a-reallocr.o)
 .data          0x000000000000e7f8        0x0 c:/intelfpga_lite/18.1/nios2eds/bin/gnu/h-x86_64-mingw32/bin/../lib/gcc/nios2-elf/5.3.0/../../../../../H-x86_64-mingw32/nios2-elf/lib/mno-hw-mul\libc.a(lib_a-refill.o)
 .data          0x000000000000e7f8        0x0 c:/intelfpga_lite/18.1/nios2eds/bin/gnu/h-x86_64-mingw32/bin/../lib/gcc/nios2-elf/5.3.0/../../../../../H-x86_64-mingw32/nios2-elf/lib/mno-hw-mul\libc.a(lib_a-sbrkr.o)
 .data          0x000000000000e7f8        0x0 c:/intelfpga_lite/18.1/nios2eds/bin/gnu/h-x86_64-mingw32/bin/../lib/gcc/nios2-elf/5.3.0/../../../../../H-x86_64-mingw32/nios2-elf/lib/mno-hw-mul\libc.a(lib_a-stdio.o)
 .data          0x000000000000e7f8        0x0 c:/intelfpga_lite/18.1/nios2eds/bin/gnu/h-x86_64-mingw32/bin/../lib/gcc/nios2-elf/5.3.0/../../../../../H-x86_64-mingw32/nios2-elf/lib/mno-hw-mul\libc.a(lib_a-writer.o)
 .data          0x000000000000e7f8        0x0 c:/intelfpga_lite/18.1/nios2eds/bin/gnu/h-x86_64-mingw32/bin/../lib/gcc/nios2-elf/5.3.0/../../../../../H-x86_64-mingw32/nios2-elf/lib/mno-hw-mul\libc.a(lib_a-wsetup.o)
 .data          0x000000000000e7f8        0x0 c:/intelfpga_lite/18.1/nios2eds/bin/gnu/h-x86_64-mingw32/bin/../lib/gcc/nios2-elf/5.3.0/../../../../../H-x86_64-mingw32/nios2-elf/lib/mno-hw-mul\libc.a(closer.o)
 .data          0x000000000000e7f8        0x0 c:/intelfpga_lite/18.1/nios2eds/bin/gnu/h-x86_64-mingw32/bin/../lib/gcc/nios2-elf/5.3.0/../../../../../H-x86_64-mingw32/nios2-elf/lib/mno-hw-mul\libc.a(lib_a-fclose.o)
 .data          0x000000000000e7f8        0x0 c:/intelfpga_lite/18.1/nios2eds/bin/gnu/h-x86_64-mingw32/bin/../lib/gcc/nios2-elf/5.3.0/../../../../../H-x86_64-mingw32/nios2-elf/lib/mno-hw-mul\libc.a(lib_a-fflush.o)
 .data          0x000000000000e7f8        0x0 c:/intelfpga_lite/18.1/nios2eds/bin/gnu/h-x86_64-mingw32/bin/../lib/gcc/nios2-elf/5.3.0/../../../../../H-x86_64-mingw32/nios2-elf/lib/mno-hw-mul\libc.a(lib_a-freer.o)
 .data          0x000000000000e7f8        0x0 c:/intelfpga_lite/18.1/nios2eds/bin/gnu/h-x86_64-mingw32/bin/../lib/gcc/nios2-elf/5.3.0/../../../../../H-x86_64-mingw32/nios2-elf/lib/mno-hw-mul\libc.a(lib_a-int_errno.o)
 .data          0x000000000000e7f8        0x0 c:/intelfpga_lite/18.1/nios2eds/bin/gnu/h-x86_64-mingw32/bin/../lib/gcc/nios2-elf/5.3.0/../../../../../H-x86_64-mingw32/nios2-elf/lib/mno-hw-mul\libc.a(lib_a-lseekr.o)
 .data          0x000000000000e7f8        0x0 c:/intelfpga_lite/18.1/nios2eds/bin/gnu/h-x86_64-mingw32/bin/../lib/gcc/nios2-elf/5.3.0/../../../../../H-x86_64-mingw32/nios2-elf/lib/mno-hw-mul\libc.a(lib_a-makebuf.o)
 .data          0x000000000000e7f8        0x0 c:/intelfpga_lite/18.1/nios2eds/bin/gnu/h-x86_64-mingw32/bin/../lib/gcc/nios2-elf/5.3.0/../../../../../H-x86_64-mingw32/nios2-elf/lib/mno-hw-mul\libc.a(lib_a-readr.o)
 .data          0x000000000000e7f8        0x0 c:/intelfpga_lite/18.1/nios2eds/bin/gnu/h-x86_64-mingw32/bin/../lib/gcc/nios2-elf/5.3.0/../../../../../H-x86_64-mingw32/nios2-elf/lib/mno-hw-mul\libc.a(lib_a-fstatr.o)
 .data          0x000000000000e7f8        0x0 c:/intelfpga_lite/18.1/nios2eds/bin/gnu/h-x86_64-mingw32/bin/../lib/gcc/nios2-elf/5.3.0/../../../../../H-x86_64-mingw32/nios2-elf/lib/mno-hw-mul\libc.a(lib_a-isattyr.o)
 .data          0x000000000000e7f8        0x0 c:/intelfpga_lite/18.1/nios2eds/bin/gnu/h-x86_64-mingw32/bin/../lib/gcc/nios2-elf/5.3.0/mno-hw-mul\libgcc.a(lib2-divmod.o)
 .data          0x000000000000e7f8        0x0 c:/intelfpga_lite/18.1/nios2eds/bin/gnu/h-x86_64-mingw32/bin/../lib/gcc/nios2-elf/5.3.0/mno-hw-mul\libgcc.a(lib2-mul.o)
 .data          0x000000000000e7f8        0x0 ../week_2_2_9_bsp/\libucosii_bsp.a(alt_close.o)
 .data          0x000000000000e7f8      0x1a8 ../week_2_2_9_bsp/\libucosii_bsp.a(alt_dev.o)
                0x000000000000e7f8                alt_dev_null
                0x000000000000e820                alt_fd_list
 .data          0x000000000000e9a0        0x0 ../week_2_2_9_bsp/\libucosii_bsp.a(alt_errno.o)
 .data          0x000000000000e9a0        0x0 ../week_2_2_9_bsp/\libucosii_bsp.a(alt_fstat.o)
 .data          0x000000000000e9a0        0x0 ../week_2_2_9_bsp/\libucosii_bsp.a(alt_isatty.o)
 .data          0x000000000000e9a0        0x0 ../week_2_2_9_bsp/\libucosii_bsp.a(alt_load.o)
 .data          0x000000000000e9a0        0x0 ../week_2_2_9_bsp/\libucosii_bsp.a(alt_lseek.o)
 .data          0x000000000000e9a0        0x0 ../week_2_2_9_bsp/\libucosii_bsp.a(alt_main.o)
 .data          0x000000000000e9a0        0x0 ../week_2_2_9_bsp/\libucosii_bsp.a(alt_read.o)
 .data          0x000000000000e9a0        0x0 ../week_2_2_9_bsp/\libucosii_bsp.a(alt_release_fd.o)
 .data          0x000000000000e9a0        0x0 ../week_2_2_9_bsp/\libucosii_bsp.a(alt_sbrk.o)
 .data          0x000000000000e9a0        0x0 ../week_2_2_9_bsp/\libucosii_bsp.a(alt_write.o)
 .data          0x000000000000e9a0        0x0 ../week_2_2_9_bsp/\libucosii_bsp.a(alt_env_lock.o)
 .data          0x000000000000e9a0        0x0 ../week_2_2_9_bsp/\libucosii_bsp.a(alt_malloc_lock.o)
 .data          0x000000000000e9a0        0x0 ../week_2_2_9_bsp/\libucosii_bsp.a(os_core.o)
 .data          0x000000000000e9a0        0x0 ../week_2_2_9_bsp/\libucosii_bsp.a(os_dbg.o)
 .data          0x000000000000e9a0        0x0 ../week_2_2_9_bsp/\libucosii_bsp.a(os_flag.o)
 .data          0x000000000000e9a0        0x0 ../week_2_2_9_bsp/\libucosii_bsp.a(os_mem.o)
 .data          0x000000000000e9a0        0x0 ../week_2_2_9_bsp/\libucosii_bsp.a(os_q.o)
 .data          0x000000000000e9a0        0x0 ../week_2_2_9_bsp/\libucosii_bsp.a(os_sem.o)
 .data          0x000000000000e9a0        0x0 ../week_2_2_9_bsp/\libucosii_bsp.a(os_task.o)
 .data          0x000000000000e9a0        0x0 ../week_2_2_9_bsp/\libucosii_bsp.a(os_time.o)
 .data          0x000000000000e9a0     0x106c ../week_2_2_9_bsp/\libucosii_bsp.a(alt_sys_init.o)
 .data          0x000000000000fa0c        0x0 ../week_2_2_9_bsp/\libucosii_bsp.a(altera_avalon_jtag_uart_fd.o)
 .data          0x000000000000fa0c        0x0 ../week_2_2_9_bsp/\libucosii_bsp.a(altera_avalon_jtag_uart_init.o)
 .data          0x000000000000fa0c        0x0 ../week_2_2_9_bsp/\libucosii_bsp.a(altera_avalon_jtag_uart_ioctl.o)
 .data          0x000000000000fa0c        0x0 ../week_2_2_9_bsp/\libucosii_bsp.a(altera_avalon_jtag_uart_read.o)
 .data          0x000000000000fa0c        0x0 ../week_2_2_9_bsp/\libucosii_bsp.a(altera_avalon_jtag_uart_write.o)
 .data          0x000000000000fa0c        0x0 ../week_2_2_9_bsp/\libucosii_bsp.a(altera_avalon_timer_sc.o)
 .data          0x000000000000fa0c        0x0 ../week_2_2_9_bsp/\libucosii_bsp.a(alt_alarm_start.o)
 .data          0x000000000000fa0c        0x0 ../week_2_2_9_bsp/\libucosii_bsp.a(alt_dcache_flush_all.o)
 .data          0x000000000000fa0c        0x0 ../week_2_2_9_bsp/\libucosii_bsp.a(alt_dev_llist_insert.o)
 .data          0x000000000000fa0c        0x0 ../week_2_2_9_bsp/\libucosii_bsp.a(alt_do_ctors.o)
 .data          0x000000000000fa0c        0x0 ../week_2_2_9_bsp/\libucosii_bsp.a(alt_do_dtors.o)
 .data          0x000000000000fa0c        0x0 ../week_2_2_9_bsp/\libucosii_bsp.a(alt_icache_flush_all.o)
 .data          0x000000000000fa0c        0x0 ../week_2_2_9_bsp/\libucosii_bsp.a(alt_iic.o)
 .data          0x000000000000fa0c        0x0 ../week_2_2_9_bsp/\libucosii_bsp.a(alt_iic_isr_register.o)
 .data          0x000000000000fa0c        0x0 ../week_2_2_9_bsp/\libucosii_bsp.a(alt_io_redirect.o)
 .data          0x000000000000fa0c        0x0 ../week_2_2_9_bsp/\libucosii_bsp.a(alt_irq_entry.o)
 .data          0x000000000000fa0c        0x0 ../week_2_2_9_bsp/\libucosii_bsp.a(alt_irq_handler.o)
 .data          0x000000000000fa0c        0x0 ../week_2_2_9_bsp/\libucosii_bsp.a(alt_irq_vars.o)
 .data          0x000000000000fa0c        0x0 ../week_2_2_9_bsp/\libucosii_bsp.a(alt_open.o)
 .data          0x000000000000fa0c        0x0 ../week_2_2_9_bsp/\libucosii_bsp.a(alt_tick.o)
 .data          0x000000000000fa0c        0x0 ../week_2_2_9_bsp/\libucosii_bsp.a(altera_nios2_qsys_irq.o)
 .data          0x000000000000fa0c        0x0 ../week_2_2_9_bsp/\libucosii_bsp.a(os_cpu_a.o)
 .data          0x000000000000fa0c        0x0 ../week_2_2_9_bsp/\libucosii_bsp.a(os_cpu_c.o)
 .data          0x000000000000fa0c        0x0 ../week_2_2_9_bsp/\libucosii_bsp.a(alt_exception_entry.o)
 .data          0x000000000000fa0c        0x0 ../week_2_2_9_bsp/\libucosii_bsp.a(alt_find_dev.o)
 .data          0x000000000000fa0c        0x0 ../week_2_2_9_bsp/\libucosii_bsp.a(alt_find_file.o)
 .data          0x000000000000fa0c        0x0 ../week_2_2_9_bsp/\libucosii_bsp.a(alt_get_fd.o)
 .data          0x000000000000fa0c        0x0 c:/intelfpga_lite/18.1/nios2eds/bin/gnu/h-x86_64-mingw32/bin/../lib/gcc/nios2-elf/5.3.0/../../../../../H-x86_64-mingw32/nios2-elf/lib/mno-hw-mul\libc.a(lib_a-atexit.o)
 .data          0x000000000000fa0c        0x0 c:/intelfpga_lite/18.1/nios2eds/bin/gnu/h-x86_64-mingw32/bin/../lib/gcc/nios2-elf/5.3.0/../../../../../H-x86_64-mingw32/nios2-elf/lib/mno-hw-mul\libc.a(lib_a-exit.o)
 .data          0x000000000000fa0c        0x0 c:/intelfpga_lite/18.1/nios2eds/bin/gnu/h-x86_64-mingw32/bin/../lib/gcc/nios2-elf/5.3.0/../../../../../H-x86_64-mingw32/nios2-elf/lib/mno-hw-mul\libc.a(lib_a-memcmp.o)
 .data          0x000000000000fa0c        0x0 c:/intelfpga_lite/18.1/nios2eds/bin/gnu/h-x86_64-mingw32/bin/../lib/gcc/nios2-elf/5.3.0/../../../../../H-x86_64-mingw32/nios2-elf/lib/mno-hw-mul\libc.a(lib_a-__atexit.o)
 .data          0x000000000000fa0c        0x0 c:/intelfpga_lite/18.1/nios2eds/bin/gnu/h-x86_64-mingw32/bin/../lib/gcc/nios2-elf/5.3.0/../../../../../H-x86_64-mingw32/nios2-elf/lib/mno-hw-mul\libc.a(lib_a-__call_atexit.o)
 .data          0x000000000000fa0c        0x0 ../week_2_2_9_bsp/\libucosii_bsp.a(alt_exit.o)
                0x0000000000017a0c                _gp = ABSOLUTE ((. + 0x8000))
                [!provide]                        PROVIDE (gp, _gp)
 *(.rwdata .rwdata.*)
 *(.sdata .sdata.* .gnu.linkonce.s.*)
 .sdata._global_impure_ptr
                0x000000000000fa0c        0x4 c:/intelfpga_lite/18.1/nios2eds/bin/gnu/h-x86_64-mingw32/bin/../lib/gcc/nios2-elf/5.3.0/../../../../../H-x86_64-mingw32/nios2-elf/lib/mno-hw-mul\libc.a(lib_a-impure.o)
                0x000000000000fa0c                _global_impure_ptr
 .sdata._impure_ptr
                0x000000000000fa10        0x4 c:/intelfpga_lite/18.1/nios2eds/bin/gnu/h-x86_64-mingw32/bin/../lib/gcc/nios2-elf/5.3.0/../../../../../H-x86_64-mingw32/nios2-elf/lib/mno-hw-mul\libc.a(lib_a-impure.o)
                0x000000000000fa10                _impure_ptr
 .sdata.__malloc_sbrk_base
                0x000000000000fa14        0x4 c:/intelfpga_lite/18.1/nios2eds/bin/gnu/h-x86_64-mingw32/bin/../lib/gcc/nios2-elf/5.3.0/../../../../../H-x86_64-mingw32/nios2-elf/lib/mno-hw-mul\libc.a(lib_a-mallocr.o)
                0x000000000000fa14                __malloc_sbrk_base
 .sdata.__malloc_trim_threshold
                0x000000000000fa18        0x4 c:/intelfpga_lite/18.1/nios2eds/bin/gnu/h-x86_64-mingw32/bin/../lib/gcc/nios2-elf/5.3.0/../../../../../H-x86_64-mingw32/nios2-elf/lib/mno-hw-mul\libc.a(lib_a-mallocr.o)
                0x000000000000fa18                __malloc_trim_threshold
 .sdata         0x000000000000fa1c       0x14 ../week_2_2_9_bsp/\libucosii_bsp.a(alt_dev.o)
                0x000000000000fa1c                alt_fs_list
                0x000000000000fa24                alt_dev_list
                0x000000000000fa2c                alt_max_fd
 .sdata         0x000000000000fa30        0x4 ../week_2_2_9_bsp/\libucosii_bsp.a(alt_errno.o)
                0x000000000000fa30                alt_errno
 .sdata         0x000000000000fa34        0x4 ../week_2_2_9_bsp/\libucosii_bsp.a(alt_sbrk.o)
 .sdata         0x000000000000fa38        0x4 ../week_2_2_9_bsp/\libucosii_bsp.a(alt_env_lock.o)
 .sdata         0x000000000000fa3c        0x4 ../week_2_2_9_bsp/\libucosii_bsp.a(alt_malloc_lock.o)
 .sdata         0x000000000000fa40       0x72 ../week_2_2_9_bsp/\libucosii_bsp.a(os_dbg.o)
                0x000000000000fa40                OSDebugEn
                0x000000000000fa44                OSEndiannessTest
                0x000000000000fa48                OSEventEn
                0x000000000000fa4a                OSEventMax
                0x000000000000fa4c                OSEventNameSize
                0x000000000000fa4e                OSEventSize
                0x000000000000fa50                OSEventTblSize
                0x000000000000fa52                OSEventMultiEn
                0x000000000000fa54                OSFlagEn
                0x000000000000fa56                OSFlagGrpSize
                0x000000000000fa58                OSFlagNodeSize
                0x000000000000fa5a                OSFlagWidth
                0x000000000000fa5c                OSFlagMax
                0x000000000000fa5e                OSFlagNameSize
                0x000000000000fa60                OSLowestPrio
                0x000000000000fa62                OSMboxEn
                0x000000000000fa64                OSMemEn
                0x000000000000fa66                OSMemMax
                0x000000000000fa68                OSMemNameSize
                0x000000000000fa6a                OSMemSize
                0x000000000000fa6c                OSMemTblSize
                0x000000000000fa6e                OSMutexEn
                0x000000000000fa70                OSPtrSize
                0x000000000000fa72                OSQEn
                0x000000000000fa74                OSQMax
                0x000000000000fa76                OSQSize
                0x000000000000fa78                OSRdyTblSize
                0x000000000000fa7a                OSSemEn
                0x000000000000fa7c                OSStkWidth
                0x000000000000fa7e                OSTaskCreateEn
                0x000000000000fa80                OSTaskCreateExtEn
                0x000000000000fa82                OSTaskDelEn
                0x000000000000fa84                OSTaskIdleStkSize
                0x000000000000fa86                OSTaskProfileEn
                0x000000000000fa88                OSTaskMax
                0x000000000000fa8a                OSTaskNameSize
                0x000000000000fa8c                OSTaskStatEn
                0x000000000000fa8e                OSTaskStatStkSize
                0x000000000000fa90                OSTaskStatStkChkEn
                0x000000000000fa92                OSTaskSwHookEn
                0x000000000000fa94                OSTCBPrioTblMax
                0x000000000000fa96                OSTCBSize
                0x000000000000fa98                OSTicksPerSec
                0x000000000000fa9a                OSTimeTickHookEn
                0x000000000000fa9c                OSVersionNbr
                0x000000000000fa9e                OSTmrEn
                0x000000000000faa0                OSTmrCfgMax
                0x000000000000faa2                OSTmrCfgNameSize
                0x000000000000faa4                OSTmrCfgWheelSize
                0x000000000000faa6                OSTmrCfgTicksPerSec
                0x000000000000faa8                OSTmrSize
                0x000000000000faaa                OSTmrTblSize
                0x000000000000faac                OSTmrWheelSize
                0x000000000000faae                OSTmrWheelTblSize
                0x000000000000fab0                OSDataSize
 *fill*         0x000000000000fab2        0x2 
 .sdata         0x000000000000fab4        0x4 ../week_2_2_9_bsp/\libucosii_bsp.a(alt_irq_vars.o)
                0x000000000000fab4                alt_priority_mask
 .sdata         0x000000000000fab8        0x8 ../week_2_2_9_bsp/\libucosii_bsp.a(alt_tick.o)
                0x000000000000fab8                alt_alarm_list
 *(.sdata2 .sdata2.* .gnu.linkonce.s2.*)
                0x000000000000fac0                . = ALIGN (0x4)
                0x000000000000fac0                _edata = ABSOLUTE (.)
                [!provide]                        PROVIDE (edata, ABSOLUTE (.))
                0x000000000000fac0                PROVIDE (__ram_rwdata_end, ABSOLUTE (.))
                0x000000000000fac0                PROVIDE (__flash_rwdata_start, LOADADDR (.rwdata))

.bss            0x00000000000115b4     0x93dc
                0x00000000000115b4                __bss_start = ABSOLUTE (.)
                [!provide]                        PROVIDE (__sbss_start, ABSOLUTE (.))
                [!provide]                        PROVIDE (___sbss_start, ABSOLUTE (.))
 *(.dynsbss)
 *(.sbss .sbss.* .gnu.linkonce.sb.*)
 .sbss          0x00000000000115b4        0x4 obj/default/hello_ucosii.o
                0x00000000000115b4                global_state
 .sbss.__malloc_max_total_mem
                0x00000000000115b8        0x4 c:/intelfpga_lite/18.1/nios2eds/bin/gnu/h-x86_64-mingw32/bin/../lib/gcc/nios2-elf/5.3.0/../../../../../H-x86_64-mingw32/nios2-elf/lib/mno-hw-mul\libc.a(lib_a-mallocr.o)
                0x00000000000115b8                __malloc_max_total_mem
 .sbss.__malloc_max_sbrked_mem
                0x00000000000115bc        0x4 c:/intelfpga_lite/18.1/nios2eds/bin/gnu/h-x86_64-mingw32/bin/../lib/gcc/nios2-elf/5.3.0/../../../../../H-x86_64-mingw32/nios2-elf/lib/mno-hw-mul\libc.a(lib_a-mallocr.o)
                0x00000000000115bc                __malloc_max_sbrked_mem
 .sbss.__malloc_top_pad
                0x00000000000115c0        0x4 c:/intelfpga_lite/18.1/nios2eds/bin/gnu/h-x86_64-mingw32/bin/../lib/gcc/nios2-elf/5.3.0/../../../../../H-x86_64-mingw32/nios2-elf/lib/mno-hw-mul\libc.a(lib_a-mallocr.o)
                0x00000000000115c0                __malloc_top_pad
 .sbss          0x00000000000115c4        0x4 c:/intelfpga_lite/18.1/nios2eds/bin/gnu/h-x86_64-mingw32/bin/../lib/gcc/nios2-elf/5.3.0/../../../../../H-x86_64-mingw32/nios2-elf/lib/mno-hw-mul\libc.a(lib_a-int_errno.o)
                0x00000000000115c4                errno
 .sbss          0x00000000000115c8        0x4 ../week_2_2_9_bsp/\libucosii_bsp.a(alt_dev.o)
                0x00000000000115c8                alt_fd_list_lock
 .sbss          0x00000000000115cc        0xc ../week_2_2_9_bsp/\libucosii_bsp.a(alt_main.o)
                0x00000000000115cc                alt_argc
                0x00000000000115d0                alt_argv
                0x00000000000115d4                alt_envp
 .sbss          0x00000000000115d8        0x8 ../week_2_2_9_bsp/\libucosii_bsp.a(alt_env_lock.o)
                0x00000000000115dc                alt_envsem
 .sbss          0x00000000000115e0        0x8 ../week_2_2_9_bsp/\libucosii_bsp.a(alt_malloc_lock.o)
                0x00000000000115e4                alt_heapsem
 .sbss          0x00000000000115e8       0x50 ../week_2_2_9_bsp/\libucosii_bsp.a(os_core.o)
                0x00000000000115e8                OSLockNesting
                0x00000000000115e9                OSRunning
                0x00000000000115ec                OSIdleCtr
                0x00000000000115f0                OSPrioHighRdy
                0x00000000000115f1                OSPrioCur
                0x00000000000115f4                OSTCBList
                0x00000000000115f8                OSTickStepState
                0x00000000000115fc                OSCtxSwCtr
                0x0000000000011600                OSIdleCtrMax
                0x0000000000011604                OSTCBFreeList
                0x0000000000011608                OSCPUUsage
                0x0000000000011609                OSTaskCtr
                0x000000000001160c                OSMemFreeList
                0x0000000000011610                OSTCBHighRdy
                0x0000000000011614                OSQFreeList
                0x0000000000011618                OSRdyGrp
                0x0000000000011619                OSRdyTbl
                0x000000000001161c                OSEventFreeList
                0x0000000000011620                OSIntNesting
                0x0000000000011624                OSTCBCur
                0x0000000000011628                OSTime
                0x000000000001162c                OSFlagFreeList
                0x0000000000011630                OSStatRdy
                0x0000000000011634                OSIdleCtrRun
 .sbss          0x0000000000011638        0x4 ../week_2_2_9_bsp/\libucosii_bsp.a(alt_irq_vars.o)
                0x0000000000011638                alt_irq_active
 .sbss          0x000000000001163c        0x8 ../week_2_2_9_bsp/\libucosii_bsp.a(alt_tick.o)
                0x000000000001163c                _alt_tick_rate
                0x0000000000011640                _alt_nticks
 *(.sbss2 .sbss2.* .gnu.linkonce.sb2.*)
 *(.scommon)
                [!provide]                        PROVIDE (__sbss_end, ABSOLUTE (.))
                [!provide]                        PROVIDE (___sbss_end, ABSOLUTE (.))
 *(.dynbss)
 *(.bss .bss.* .gnu.linkonce.b.*)
 .bss           0x0000000000011644        0x0 ../week_2_2_9_bsp//obj/HAL/src/crt0.o
 .bss           0x0000000000011644        0x0 obj/default/hello_ucosii.o
 .bss           0x0000000000011644        0x0 c:/intelfpga_lite/18.1/nios2eds/bin/gnu/h-x86_64-mingw32/bin/../lib/gcc/nios2-elf/5.3.0/../../../../../H-x86_64-mingw32/nios2-elf/lib/mno-hw-mul\libc.a(lib_a-getc.o)
 .bss           0x0000000000011644        0x0 c:/intelfpga_lite/18.1/nios2eds/bin/gnu/h-x86_64-mingw32/bin/../lib/gcc/nios2-elf/5.3.0/../../../../../H-x86_64-mingw32/nios2-elf/lib/mno-hw-mul\libc.a(lib_a-impure.o)
 .bss           0x0000000000011644        0x0 c:/intelfpga_lite/18.1/nios2eds/bin/gnu/h-x86_64-mingw32/bin/../lib/gcc/nios2-elf/5.3.0/../../../../../H-x86_64-mingw32/nios2-elf/lib/mno-hw-mul\libc.a(lib_a-puts.o)
 .bss           0x0000000000011644        0x0 c:/intelfpga_lite/18.1/nios2eds/bin/gnu/h-x86_64-mingw32/bin/../lib/gcc/nios2-elf/5.3.0/../../../../../H-x86_64-mingw32/nios2-elf/lib/mno-hw-mul\libc.a(lib_a-rget.o)
 .bss           0x0000000000011644        0x0 c:/intelfpga_lite/18.1/nios2eds/bin/gnu/h-x86_64-mingw32/bin/../lib/gcc/nios2-elf/5.3.0/../../../../../H-x86_64-mingw32/nios2-elf/lib/mno-hw-mul\libc.a(lib_a-strlen.o)
 .bss           0x0000000000011644        0x0 c:/intelfpga_lite/18.1/nios2eds/bin/gnu/h-x86_64-mingw32/bin/../lib/gcc/nios2-elf/5.3.0/../../../../../H-x86_64-mingw32/nios2-elf/lib/mno-hw-mul\libc.a(lib_a-findfp.o)
 .bss           0x0000000000011644        0x0 c:/intelfpga_lite/18.1/nios2eds/bin/gnu/h-x86_64-mingw32/bin/../lib/gcc/nios2-elf/5.3.0/../../../../../H-x86_64-mingw32/nios2-elf/lib/mno-hw-mul\libc.a(lib_a-fvwrite.o)
 .bss           0x0000000000011644        0x0 c:/intelfpga_lite/18.1/nios2eds/bin/gnu/h-x86_64-mingw32/bin/../lib/gcc/nios2-elf/5.3.0/../../../../../H-x86_64-mingw32/nios2-elf/lib/mno-hw-mul\libc.a(lib_a-fwalk.o)
 .bss           0x0000000000011644        0x0 c:/intelfpga_lite/18.1/nios2eds/bin/gnu/h-x86_64-mingw32/bin/../lib/gcc/nios2-elf/5.3.0/../../../../../H-x86_64-mingw32/nios2-elf/lib/mno-hw-mul\libc.a(lib_a-mallocr.o)
 .bss.__malloc_current_mallinfo
                0x0000000000011644       0x28 c:/intelfpga_lite/18.1/nios2eds/bin/gnu/h-x86_64-mingw32/bin/../lib/gcc/nios2-elf/5.3.0/../../../../../H-x86_64-mingw32/nios2-elf/lib/mno-hw-mul\libc.a(lib_a-mallocr.o)
                0x0000000000011644                __malloc_current_mallinfo
 .bss           0x000000000001166c        0x0 c:/intelfpga_lite/18.1/nios2eds/bin/gnu/h-x86_64-mingw32/bin/../lib/gcc/nios2-elf/5.3.0/../../../../../H-x86_64-mingw32/nios2-elf/lib/mno-hw-mul\libc.a(lib_a-memchr.o)
 .bss           0x000000000001166c        0x0 c:/intelfpga_lite/18.1/nios2eds/bin/gnu/h-x86_64-mingw32/bin/../lib/gcc/nios2-elf/5.3.0/../../../../../H-x86_64-mingw32/nios2-elf/lib/mno-hw-mul\libc.a(lib_a-memcpy.o)
 .bss           0x000000000001166c        0x0 c:/intelfpga_lite/18.1/nios2eds/bin/gnu/h-x86_64-mingw32/bin/../lib/gcc/nios2-elf/5.3.0/../../../../../H-x86_64-mingw32/nios2-elf/lib/mno-hw-mul\libc.a(lib_a-memmove.o)
 .bss           0x000000000001166c        0x0 c:/intelfpga_lite/18.1/nios2eds/bin/gnu/h-x86_64-mingw32/bin/../lib/gcc/nios2-elf/5.3.0/../../../../../H-x86_64-mingw32/nios2-elf/lib/mno-hw-mul\libc.a(lib_a-memset.o)
 .bss           0x000000000001166c        0x0 c:/intelfpga_lite/18.1/nios2eds/bin/gnu/h-x86_64-mingw32/bin/../lib/gcc/nios2-elf/5.3.0/../../../../../H-x86_64-mingw32/nios2-elf/lib/mno-hw-mul\libc.a(lib_a-reallocr.o)
 .bss           0x000000000001166c        0x0 c:/intelfpga_lite/18.1/nios2eds/bin/gnu/h-x86_64-mingw32/bin/../lib/gcc/nios2-elf/5.3.0/../../../../../H-x86_64-mingw32/nios2-elf/lib/mno-hw-mul\libc.a(lib_a-refill.o)
 .bss           0x000000000001166c        0x0 c:/intelfpga_lite/18.1/nios2eds/bin/gnu/h-x86_64-mingw32/bin/../lib/gcc/nios2-elf/5.3.0/../../../../../H-x86_64-mingw32/nios2-elf/lib/mno-hw-mul\libc.a(lib_a-sbrkr.o)
 .bss           0x000000000001166c        0x0 c:/intelfpga_lite/18.1/nios2eds/bin/gnu/h-x86_64-mingw32/bin/../lib/gcc/nios2-elf/5.3.0/../../../../../H-x86_64-mingw32/nios2-elf/lib/mno-hw-mul\libc.a(lib_a-stdio.o)
 .bss           0x000000000001166c        0x0 c:/intelfpga_lite/18.1/nios2eds/bin/gnu/h-x86_64-mingw32/bin/../lib/gcc/nios2-elf/5.3.0/../../../../../H-x86_64-mingw32/nios2-elf/lib/mno-hw-mul\libc.a(lib_a-writer.o)
 .bss           0x000000000001166c        0x0 c:/intelfpga_lite/18.1/nios2eds/bin/gnu/h-x86_64-mingw32/bin/../lib/gcc/nios2-elf/5.3.0/../../../../../H-x86_64-mingw32/nios2-elf/lib/mno-hw-mul\libc.a(lib_a-wsetup.o)
 .bss           0x000000000001166c        0x0 c:/intelfpga_lite/18.1/nios2eds/bin/gnu/h-x86_64-mingw32/bin/../lib/gcc/nios2-elf/5.3.0/../../../../../H-x86_64-mingw32/nios2-elf/lib/mno-hw-mul\libc.a(closer.o)
 .bss           0x000000000001166c        0x0 c:/intelfpga_lite/18.1/nios2eds/bin/gnu/h-x86_64-mingw32/bin/../lib/gcc/nios2-elf/5.3.0/../../../../../H-x86_64-mingw32/nios2-elf/lib/mno-hw-mul\libc.a(lib_a-fclose.o)
 .bss           0x000000000001166c        0x0 c:/intelfpga_lite/18.1/nios2eds/bin/gnu/h-x86_64-mingw32/bin/../lib/gcc/nios2-elf/5.3.0/../../../../../H-x86_64-mingw32/nios2-elf/lib/mno-hw-mul\libc.a(lib_a-fflush.o)
 .bss           0x000000000001166c        0x0 c:/intelfpga_lite/18.1/nios2eds/bin/gnu/h-x86_64-mingw32/bin/../lib/gcc/nios2-elf/5.3.0/../../../../../H-x86_64-mingw32/nios2-elf/lib/mno-hw-mul\libc.a(lib_a-freer.o)
 .bss           0x000000000001166c        0x0 c:/intelfpga_lite/18.1/nios2eds/bin/gnu/h-x86_64-mingw32/bin/../lib/gcc/nios2-elf/5.3.0/../../../../../H-x86_64-mingw32/nios2-elf/lib/mno-hw-mul\libc.a(lib_a-int_errno.o)
 .bss           0x000000000001166c        0x0 c:/intelfpga_lite/18.1/nios2eds/bin/gnu/h-x86_64-mingw32/bin/../lib/gcc/nios2-elf/5.3.0/../../../../../H-x86_64-mingw32/nios2-elf/lib/mno-hw-mul\libc.a(lib_a-lseekr.o)
 .bss           0x000000000001166c        0x0 c:/intelfpga_lite/18.1/nios2eds/bin/gnu/h-x86_64-mingw32/bin/../lib/gcc/nios2-elf/5.3.0/../../../../../H-x86_64-mingw32/nios2-elf/lib/mno-hw-mul\libc.a(lib_a-makebuf.o)
 .bss           0x000000000001166c        0x0 c:/intelfpga_lite/18.1/nios2eds/bin/gnu/h-x86_64-mingw32/bin/../lib/gcc/nios2-elf/5.3.0/../../../../../H-x86_64-mingw32/nios2-elf/lib/mno-hw-mul\libc.a(lib_a-readr.o)
 .bss           0x000000000001166c        0x0 c:/intelfpga_lite/18.1/nios2eds/bin/gnu/h-x86_64-mingw32/bin/../lib/gcc/nios2-elf/5.3.0/../../../../../H-x86_64-mingw32/nios2-elf/lib/mno-hw-mul\libc.a(lib_a-fstatr.o)
 .bss           0x000000000001166c        0x0 c:/intelfpga_lite/18.1/nios2eds/bin/gnu/h-x86_64-mingw32/bin/../lib/gcc/nios2-elf/5.3.0/../../../../../H-x86_64-mingw32/nios2-elf/lib/mno-hw-mul\libc.a(lib_a-isattyr.o)
 .bss           0x000000000001166c        0x0 c:/intelfpga_lite/18.1/nios2eds/bin/gnu/h-x86_64-mingw32/bin/../lib/gcc/nios2-elf/5.3.0/mno-hw-mul\libgcc.a(lib2-divmod.o)
 .bss           0x000000000001166c        0x0 c:/intelfpga_lite/18.1/nios2eds/bin/gnu/h-x86_64-mingw32/bin/../lib/gcc/nios2-elf/5.3.0/mno-hw-mul\libgcc.a(lib2-mul.o)
 .bss           0x000000000001166c        0x0 ../week_2_2_9_bsp/\libucosii_bsp.a(alt_close.o)
 .bss           0x000000000001166c        0x0 ../week_2_2_9_bsp/\libucosii_bsp.a(alt_dev.o)
 .bss           0x000000000001166c        0x0 ../week_2_2_9_bsp/\libucosii_bsp.a(alt_errno.o)
 .bss           0x000000000001166c        0x0 ../week_2_2_9_bsp/\libucosii_bsp.a(alt_fstat.o)
 .bss           0x000000000001166c        0x0 ../week_2_2_9_bsp/\libucosii_bsp.a(alt_isatty.o)
 .bss           0x000000000001166c        0x0 ../week_2_2_9_bsp/\libucosii_bsp.a(alt_load.o)
 .bss           0x000000000001166c        0x0 ../week_2_2_9_bsp/\libucosii_bsp.a(alt_lseek.o)
 .bss           0x000000000001166c        0x0 ../week_2_2_9_bsp/\libucosii_bsp.a(alt_main.o)
 .bss           0x000000000001166c        0x0 ../week_2_2_9_bsp/\libucosii_bsp.a(alt_read.o)
 .bss           0x000000000001166c        0x0 ../week_2_2_9_bsp/\libucosii_bsp.a(alt_release_fd.o)
 .bss           0x000000000001166c        0x0 ../week_2_2_9_bsp/\libucosii_bsp.a(alt_sbrk.o)
 .bss           0x000000000001166c        0x0 ../week_2_2_9_bsp/\libucosii_bsp.a(alt_write.o)
 .bss           0x000000000001166c        0x0 ../week_2_2_9_bsp/\libucosii_bsp.a(alt_env_lock.o)
 .bss           0x000000000001166c        0x0 ../week_2_2_9_bsp/\libucosii_bsp.a(alt_malloc_lock.o)
 .bss           0x000000000001166c        0x0 ../week_2_2_9_bsp/\libucosii_bsp.a(os_core.o)
 .bss           0x000000000001166c        0x0 ../week_2_2_9_bsp/\libucosii_bsp.a(os_dbg.o)
 .bss           0x000000000001166c        0x0 ../week_2_2_9_bsp/\libucosii_bsp.a(os_flag.o)
 .bss           0x000000000001166c        0x0 ../week_2_2_9_bsp/\libucosii_bsp.a(os_mem.o)
 .bss           0x000000000001166c        0x0 ../week_2_2_9_bsp/\libucosii_bsp.a(os_q.o)
 .bss           0x000000000001166c        0x0 ../week_2_2_9_bsp/\libucosii_bsp.a(os_sem.o)
 .bss           0x000000000001166c        0x0 ../week_2_2_9_bsp/\libucosii_bsp.a(os_task.o)
 .bss           0x000000000001166c        0x0 ../week_2_2_9_bsp/\libucosii_bsp.a(os_time.o)
 .bss           0x000000000001166c        0x0 ../week_2_2_9_bsp/\libucosii_bsp.a(alt_sys_init.o)
 .bss           0x000000000001166c        0x0 ../week_2_2_9_bsp/\libucosii_bsp.a(altera_avalon_jtag_uart_fd.o)
 .bss           0x000000000001166c        0x0 ../week_2_2_9_bsp/\libucosii_bsp.a(altera_avalon_jtag_uart_init.o)
 .bss           0x000000000001166c        0x0 ../week_2_2_9_bsp/\libucosii_bsp.a(altera_avalon_jtag_uart_ioctl.o)
 .bss           0x000000000001166c        0x0 ../week_2_2_9_bsp/\libucosii_bsp.a(altera_avalon_jtag_uart_read.o)
 .bss           0x000000000001166c        0x0 ../week_2_2_9_bsp/\libucosii_bsp.a(altera_avalon_jtag_uart_write.o)
 .bss           0x000000000001166c        0x0 ../week_2_2_9_bsp/\libucosii_bsp.a(altera_avalon_timer_sc.o)
 .bss           0x000000000001166c        0x0 ../week_2_2_9_bsp/\libucosii_bsp.a(alt_alarm_start.o)
 .bss           0x000000000001166c        0x0 ../week_2_2_9_bsp/\libucosii_bsp.a(alt_dcache_flush_all.o)
 .bss           0x000000000001166c        0x0 ../week_2_2_9_bsp/\libucosii_bsp.a(alt_dev_llist_insert.o)
 .bss           0x000000000001166c        0x0 ../week_2_2_9_bsp/\libucosii_bsp.a(alt_do_ctors.o)
 .bss           0x000000000001166c        0x0 ../week_2_2_9_bsp/\libucosii_bsp.a(alt_do_dtors.o)
 .bss           0x000000000001166c        0x0 ../week_2_2_9_bsp/\libucosii_bsp.a(alt_icache_flush_all.o)
 .bss           0x000000000001166c        0x0 ../week_2_2_9_bsp/\libucosii_bsp.a(alt_iic.o)
 .bss           0x000000000001166c        0x0 ../week_2_2_9_bsp/\libucosii_bsp.a(alt_iic_isr_register.o)
 .bss           0x000000000001166c        0x0 ../week_2_2_9_bsp/\libucosii_bsp.a(alt_io_redirect.o)
 .bss           0x000000000001166c        0x0 ../week_2_2_9_bsp/\libucosii_bsp.a(alt_irq_entry.o)
 .bss           0x000000000001166c        0x0 ../week_2_2_9_bsp/\libucosii_bsp.a(alt_irq_handler.o)
 .bss           0x000000000001166c        0x0 ../week_2_2_9_bsp/\libucosii_bsp.a(alt_irq_vars.o)
 .bss           0x000000000001166c        0x0 ../week_2_2_9_bsp/\libucosii_bsp.a(alt_open.o)
 .bss           0x000000000001166c        0x0 ../week_2_2_9_bsp/\libucosii_bsp.a(alt_tick.o)
 .bss           0x000000000001166c        0x0 ../week_2_2_9_bsp/\libucosii_bsp.a(altera_nios2_qsys_irq.o)
 .bss           0x000000000001166c        0x0 ../week_2_2_9_bsp/\libucosii_bsp.a(os_cpu_a.o)
 .bss           0x000000000001166c        0x0 ../week_2_2_9_bsp/\libucosii_bsp.a(os_cpu_c.o)
 .bss           0x000000000001166c        0x0 ../week_2_2_9_bsp/\libucosii_bsp.a(alt_exception_entry.o)
 .bss           0x000000000001166c        0x0 ../week_2_2_9_bsp/\libucosii_bsp.a(alt_find_dev.o)
 .bss           0x000000000001166c        0x0 ../week_2_2_9_bsp/\libucosii_bsp.a(alt_find_file.o)
 .bss           0x000000000001166c        0x0 ../week_2_2_9_bsp/\libucosii_bsp.a(alt_get_fd.o)
 .bss           0x000000000001166c        0x0 c:/intelfpga_lite/18.1/nios2eds/bin/gnu/h-x86_64-mingw32/bin/../lib/gcc/nios2-elf/5.3.0/../../../../../H-x86_64-mingw32/nios2-elf/lib/mno-hw-mul\libc.a(lib_a-atexit.o)
 .bss           0x000000000001166c        0x0 c:/intelfpga_lite/18.1/nios2eds/bin/gnu/h-x86_64-mingw32/bin/../lib/gcc/nios2-elf/5.3.0/../../../../../H-x86_64-mingw32/nios2-elf/lib/mno-hw-mul\libc.a(lib_a-exit.o)
 .bss           0x000000000001166c        0x0 c:/intelfpga_lite/18.1/nios2eds/bin/gnu/h-x86_64-mingw32/bin/../lib/gcc/nios2-elf/5.3.0/../../../../../H-x86_64-mingw32/nios2-elf/lib/mno-hw-mul\libc.a(lib_a-memcmp.o)
 .bss           0x000000000001166c        0x0 c:/intelfpga_lite/18.1/nios2eds/bin/gnu/h-x86_64-mingw32/bin/../lib/gcc/nios2-elf/5.3.0/../../../../../H-x86_64-mingw32/nios2-elf/lib/mno-hw-mul\libc.a(lib_a-__atexit.o)
 .bss           0x000000000001166c        0x0 c:/intelfpga_lite/18.1/nios2eds/bin/gnu/h-x86_64-mingw32/bin/../lib/gcc/nios2-elf/5.3.0/../../../../../H-x86_64-mingw32/nios2-elf/lib/mno-hw-mul\libc.a(lib_a-__call_atexit.o)
 .bss           0x000000000001166c        0x0 ../week_2_2_9_bsp/\libucosii_bsp.a(alt_exit.o)
 *(COMMON)
 COMMON         0x000000000001166c     0x6000 obj/default/hello_ucosii.o
                0x000000000001166c                seconds_lopen_counter_task_stk
                0x000000000001366c                input_task_stk
                0x000000000001566c                ms_lopen_counter_task_stk
 COMMON         0x000000000001766c     0x3224 ../week_2_2_9_bsp/\libucosii_bsp.a(os_core.o)
                0x000000000001766c                OSFlagTbl
                0x00000000000179dc                OSMemTbl
                0x000000000001860c                OSTaskStatStk
                0x0000000000018e0c                OSQTbl
                0x0000000000018fec                OSTaskIdleStk
                0x00000000000197ec                OSEventTbl
                0x000000000001a32c                OSTCBTbl
                0x000000000001a83c                OSTCBPrioTbl
 COMMON         0x000000000001a890      0x100 ../week_2_2_9_bsp/\libucosii_bsp.a(alt_irq_handler.o)
                0x000000000001a890                alt_irq
                0x000000000001a990                . = ALIGN (0x4)
                0x000000000001a990                __bss_end = ABSOLUTE (.)

.onchip_memory2_0
                0x000000000001a990        0x0
                [!provide]                        PROVIDE (_alt_partition_onchip_memory2_0_start, ABSOLUTE (.))
 *(.onchip_memory2_0 .onchip_memory2_0. onchip_memory2_0.*)
                0x000000000001a990                . = ALIGN (0x4)
                [!provide]                        PROVIDE (_alt_partition_onchip_memory2_0_end, ABSOLUTE (.))
                0x000000000001a990                _end = ABSOLUTE (.)
                0x000000000001a990                end = ABSOLUTE (.)
                0x000000000001a990                __alt_stack_base = ABSOLUTE (.)
                [!provide]                        PROVIDE (_alt_partition_onchip_memory2_0_load_addr, LOADADDR (.onchip_memory2_0))

.stab
 *(.stab)

.stabstr
 *(.stabstr)

.stab.excl
 *(.stab.excl)

.stab.exclstr
 *(.stab.exclstr)

.stab.index
 *(.stab.index)

.stab.indexstr
 *(.stab.indexstr)

.comment        0x0000000000000000       0x23
 *(.comment)
 .comment       0x0000000000000000       0x23 obj/default/hello_ucosii.o
                                         0x24 (size before relaxing)
 .comment       0x0000000000000023       0x24 c:/intelfpga_lite/18.1/nios2eds/bin/gnu/h-x86_64-mingw32/bin/../lib/gcc/nios2-elf/5.3.0/../../../../../H-x86_64-mingw32/nios2-elf/lib/mno-hw-mul\libc.a(lib_a-getc.o)
 .comment       0x0000000000000023       0x24 c:/intelfpga_lite/18.1/nios2eds/bin/gnu/h-x86_64-mingw32/bin/../lib/gcc/nios2-elf/5.3.0/../../../../../H-x86_64-mingw32/nios2-elf/lib/mno-hw-mul\libc.a(lib_a-impure.o)
 .comment       0x0000000000000023       0x24 c:/intelfpga_lite/18.1/nios2eds/bin/gnu/h-x86_64-mingw32/bin/../lib/gcc/nios2-elf/5.3.0/../../../../../H-x86_64-mingw32/nios2-elf/lib/mno-hw-mul\libc.a(lib_a-puts.o)
 .comment       0x0000000000000023       0x24 c:/intelfpga_lite/18.1/nios2eds/bin/gnu/h-x86_64-mingw32/bin/../lib/gcc/nios2-elf/5.3.0/../../../../../H-x86_64-mingw32/nios2-elf/lib/mno-hw-mul\libc.a(lib_a-rget.o)
 .comment       0x0000000000000023       0x24 c:/intelfpga_lite/18.1/nios2eds/bin/gnu/h-x86_64-mingw32/bin/../lib/gcc/nios2-elf/5.3.0/../../../../../H-x86_64-mingw32/nios2-elf/lib/mno-hw-mul\libc.a(lib_a-strlen.o)
 .comment       0x0000000000000023       0x24 c:/intelfpga_lite/18.1/nios2eds/bin/gnu/h-x86_64-mingw32/bin/../lib/gcc/nios2-elf/5.3.0/../../../../../H-x86_64-mingw32/nios2-elf/lib/mno-hw-mul\libc.a(lib_a-findfp.o)
 .comment       0x0000000000000023       0x24 c:/intelfpga_lite/18.1/nios2eds/bin/gnu/h-x86_64-mingw32/bin/../lib/gcc/nios2-elf/5.3.0/../../../../../H-x86_64-mingw32/nios2-elf/lib/mno-hw-mul\libc.a(lib_a-fvwrite.o)
 .comment       0x0000000000000023       0x24 c:/intelfpga_lite/18.1/nios2eds/bin/gnu/h-x86_64-mingw32/bin/../lib/gcc/nios2-elf/5.3.0/../../../../../H-x86_64-mingw32/nios2-elf/lib/mno-hw-mul\libc.a(lib_a-fwalk.o)
 .comment       0x0000000000000023       0x24 c:/intelfpga_lite/18.1/nios2eds/bin/gnu/h-x86_64-mingw32/bin/../lib/gcc/nios2-elf/5.3.0/../../../../../H-x86_64-mingw32/nios2-elf/lib/mno-hw-mul\libc.a(lib_a-mallocr.o)
 .comment       0x0000000000000023       0x24 c:/intelfpga_lite/18.1/nios2eds/bin/gnu/h-x86_64-mingw32/bin/../lib/gcc/nios2-elf/5.3.0/../../../../../H-x86_64-mingw32/nios2-elf/lib/mno-hw-mul\libc.a(lib_a-memchr.o)
 .comment       0x0000000000000023       0x24 c:/intelfpga_lite/18.1/nios2eds/bin/gnu/h-x86_64-mingw32/bin/../lib/gcc/nios2-elf/5.3.0/../../../../../H-x86_64-mingw32/nios2-elf/lib/mno-hw-mul\libc.a(lib_a-memcpy.o)
 .comment       0x0000000000000023       0x24 c:/intelfpga_lite/18.1/nios2eds/bin/gnu/h-x86_64-mingw32/bin/../lib/gcc/nios2-elf/5.3.0/../../../../../H-x86_64-mingw32/nios2-elf/lib/mno-hw-mul\libc.a(lib_a-memmove.o)
 .comment       0x0000000000000023       0x24 c:/intelfpga_lite/18.1/nios2eds/bin/gnu/h-x86_64-mingw32/bin/../lib/gcc/nios2-elf/5.3.0/../../../../../H-x86_64-mingw32/nios2-elf/lib/mno-hw-mul\libc.a(lib_a-memset.o)
 .comment       0x0000000000000023       0x24 c:/intelfpga_lite/18.1/nios2eds/bin/gnu/h-x86_64-mingw32/bin/../lib/gcc/nios2-elf/5.3.0/../../../../../H-x86_64-mingw32/nios2-elf/lib/mno-hw-mul\libc.a(lib_a-reallocr.o)
 .comment       0x0000000000000023       0x24 c:/intelfpga_lite/18.1/nios2eds/bin/gnu/h-x86_64-mingw32/bin/../lib/gcc/nios2-elf/5.3.0/../../../../../H-x86_64-mingw32/nios2-elf/lib/mno-hw-mul\libc.a(lib_a-refill.o)
 .comment       0x0000000000000023       0x24 c:/intelfpga_lite/18.1/nios2eds/bin/gnu/h-x86_64-mingw32/bin/../lib/gcc/nios2-elf/5.3.0/../../../../../H-x86_64-mingw32/nios2-elf/lib/mno-hw-mul\libc.a(lib_a-sbrkr.o)
 .comment       0x0000000000000023       0x24 c:/intelfpga_lite/18.1/nios2eds/bin/gnu/h-x86_64-mingw32/bin/../lib/gcc/nios2-elf/5.3.0/../../../../../H-x86_64-mingw32/nios2-elf/lib/mno-hw-mul\libc.a(lib_a-stdio.o)
 .comment       0x0000000000000023       0x24 c:/intelfpga_lite/18.1/nios2eds/bin/gnu/h-x86_64-mingw32/bin/../lib/gcc/nios2-elf/5.3.0/../../../../../H-x86_64-mingw32/nios2-elf/lib/mno-hw-mul\libc.a(lib_a-writer.o)
 .comment       0x0000000000000023       0x24 c:/intelfpga_lite/18.1/nios2eds/bin/gnu/h-x86_64-mingw32/bin/../lib/gcc/nios2-elf/5.3.0/../../../../../H-x86_64-mingw32/nios2-elf/lib/mno-hw-mul\libc.a(lib_a-wsetup.o)
 .comment       0x0000000000000023       0x24 c:/intelfpga_lite/18.1/nios2eds/bin/gnu/h-x86_64-mingw32/bin/../lib/gcc/nios2-elf/5.3.0/../../../../../H-x86_64-mingw32/nios2-elf/lib/mno-hw-mul\libc.a(closer.o)
 .comment       0x0000000000000023       0x24 c:/intelfpga_lite/18.1/nios2eds/bin/gnu/h-x86_64-mingw32/bin/../lib/gcc/nios2-elf/5.3.0/../../../../../H-x86_64-mingw32/nios2-elf/lib/mno-hw-mul\libc.a(lib_a-fclose.o)
 .comment       0x0000000000000023       0x24 c:/intelfpga_lite/18.1/nios2eds/bin/gnu/h-x86_64-mingw32/bin/../lib/gcc/nios2-elf/5.3.0/../../../../../H-x86_64-mingw32/nios2-elf/lib/mno-hw-mul\libc.a(lib_a-fflush.o)
 .comment       0x0000000000000023       0x24 c:/intelfpga_lite/18.1/nios2eds/bin/gnu/h-x86_64-mingw32/bin/../lib/gcc/nios2-elf/5.3.0/../../../../../H-x86_64-mingw32/nios2-elf/lib/mno-hw-mul\libc.a(lib_a-freer.o)
 .comment       0x0000000000000023       0x24 c:/intelfpga_lite/18.1/nios2eds/bin/gnu/h-x86_64-mingw32/bin/../lib/gcc/nios2-elf/5.3.0/../../../../../H-x86_64-mingw32/nios2-elf/lib/mno-hw-mul\libc.a(lib_a-int_errno.o)
 .comment       0x0000000000000023       0x24 c:/intelfpga_lite/18.1/nios2eds/bin/gnu/h-x86_64-mingw32/bin/../lib/gcc/nios2-elf/5.3.0/../../../../../H-x86_64-mingw32/nios2-elf/lib/mno-hw-mul\libc.a(lib_a-lseekr.o)
 .comment       0x0000000000000023       0x24 c:/intelfpga_lite/18.1/nios2eds/bin/gnu/h-x86_64-mingw32/bin/../lib/gcc/nios2-elf/5.3.0/../../../../../H-x86_64-mingw32/nios2-elf/lib/mno-hw-mul\libc.a(lib_a-makebuf.o)
 .comment       0x0000000000000023       0x24 c:/intelfpga_lite/18.1/nios2eds/bin/gnu/h-x86_64-mingw32/bin/../lib/gcc/nios2-elf/5.3.0/../../../../../H-x86_64-mingw32/nios2-elf/lib/mno-hw-mul\libc.a(lib_a-readr.o)
 .comment       0x0000000000000023       0x24 c:/intelfpga_lite/18.1/nios2eds/bin/gnu/h-x86_64-mingw32/bin/../lib/gcc/nios2-elf/5.3.0/../../../../../H-x86_64-mingw32/nios2-elf/lib/mno-hw-mul\libc.a(lib_a-fstatr.o)
 .comment       0x0000000000000023       0x24 c:/intelfpga_lite/18.1/nios2eds/bin/gnu/h-x86_64-mingw32/bin/../lib/gcc/nios2-elf/5.3.0/../../../../../H-x86_64-mingw32/nios2-elf/lib/mno-hw-mul\libc.a(lib_a-isattyr.o)
 .comment       0x0000000000000023       0x24 c:/intelfpga_lite/18.1/nios2eds/bin/gnu/h-x86_64-mingw32/bin/../lib/gcc/nios2-elf/5.3.0/mno-hw-mul\libgcc.a(lib2-divmod.o)