Info: Starting: Create HDL design files for synthesis
Info: qsys-generate C:\Users\kriss\Desktop\Embedded_Minor\CSC10\eindopdracht-nios\reactiespel_system.qsys --synthesis=VHDL --output-directory=C:\Users\kriss\Desktop\Embedded_Minor\CSC10\eindopdracht-nios\reactiespel_system\synthesis --family="Cyclone V" --part=5CSEMA5F31C6
Progress: Loading eindopdracht-nios/reactiespel_system.qsys
Progress: Reading input file
Progress: Adding clk_0 [clock_source 18.1]
Progress: Parameterizing module clk_0
Progress: Adding jtag_uart_0 [altera_avalon_jtag_uart 18.1]
Progress: Parameterizing module jtag_uart_0
Progress: Adding nios2_qsys_0 [altera_nios2_qsys 16.1]
Progress: Parameterizing module nios2_qsys_0
Progress: Adding onchip_memory2_0 [altera_avalon_onchip_memory2 18.1]
Progress: Parameterizing module onchip_memory2_0
Progress: Adding pio_0 [altera_avalon_pio 18.1]
Progress: Parameterizing module pio_0
Progress: Adding reg32_avalon_interface_0 [reg32_avalon_interface 1.0]
Progress: Parameterizing module reg32_avalon_interface_0
Progress: Adding reg32_reaction_game_component_0 [reg32_reaction_game_component 1.0]
Progress: Parameterizing module reg32_reaction_game_component_0
Progress: Adding sysid_qsys_0 [altera_avalon_sysid_qsys 18.1]
Progress: Parameterizing module sysid_qsys_0
Progress: Adding timer_0 [altera_avalon_timer 18.1]
Progress: Parameterizing module timer_0
Progress: Building connections
Progress: Parameterizing connections
Progress: Validating
Progress: Done reading input file
Info: reactiespel_system.jtag_uart_0: JTAG UART IP input clock need to be at least double (2x) the operating frequency of JTAG TCK on board
Warning: reactiespel_system.nios2_qsys_0: Nios II Classic cores are no longer recommended for new projects
Info: reactiespel_system.pio_0: PIO inputs are not hardwired in test bench. Undefined values will be read from PIO inputs during simulation.
Info: reactiespel_system.sysid_qsys_0: System ID is not assigned automatically. Edit the System ID parameter to provide a unique ID
Info: reactiespel_system.sysid_qsys_0: Time stamp will be automatically updated when this component is generated.
Info: reactiespel_system: Generating reactiespel_system "reactiespel_system" for QUARTUS_SYNTH
Info: jtag_uart_0: Starting RTL generation for module 'reactiespel_system_jtag_uart_0'
Info: jtag_uart_0:   Generation command is [exec C:/intelfpga_lite/18.1/quartus/bin64/perl/bin/perl.exe -I C:/intelfpga_lite/18.1/quartus/bin64/perl/lib -I C:/intelfpga_lite/18.1/quartus/sopc_builder/bin/europa -I C:/intelfpga_lite/18.1/quartus/sopc_builder/bin/perl_lib -I C:/intelfpga_lite/18.1/quartus/sopc_builder/bin -I C:/intelfpga_lite/18.1/quartus/../ip/altera/sopc_builder_ip/common -I C:/intelfpga_lite/18.1/quartus/../ip/altera/sopc_builder_ip/altera_avalon_jtag_uart -- C:/intelfpga_lite/18.1/quartus/../ip/altera/sopc_builder_ip/altera_avalon_jtag_uart/generate_rtl.pl --name=reactiespel_system_jtag_uart_0 --dir=C:/Users/kriss/AppData/Local/Temp/alt0475_2317054671532349825.dir/0002_jtag_uart_0_gen/ --quartus_dir=C:/intelfpga_lite/18.1/quartus --verilog --config=C:/Users/kriss/AppData/Local/Temp/alt0475_2317054671532349825.dir/0002_jtag_uart_0_gen//reactiespel_system_jtag_uart_0_component_configuration.pl  --do_build_sim=0  ]
Info: jtag_uart_0: Done RTL generation for module 'reactiespel_system_jtag_uart_0'
Info: jtag_uart_0: "reactiespel_system" instantiated altera_avalon_jtag_uart "jtag_uart_0"
Info: nios2_qsys_0: Starting RTL generation for module 'reactiespel_system_nios2_qsys_0'
Info: nios2_qsys_0:   Generation command is [exec C:/intelfpga_lite/18.1/quartus/bin64/eperlcmd.exe -I C:/intelfpga_lite/18.1/quartus/bin64/perl/lib -I C:/intelfpga_lite/18.1/quartus/sopc_builder/bin/europa -I C:/intelfpga_lite/18.1/quartus/sopc_builder/bin/perl_lib -I C:/intelfpga_lite/18.1/quartus/sopc_builder/bin -I C:/intelfpga_lite/18.1/quartus/../ip/altera/nios2_ip/altera_nios2/cpu_lib -I C:/intelfpga_lite/18.1/quartus/../ip/altera/nios2_ip/altera_nios2/nios_lib -I C:/intelfpga_lite/18.1/quartus/../ip/altera/nios2_ip/altera_nios2 -I C:/intelfpga_lite/18.1/quartus/../ip/altera/nios2_ip/altera_nios2 -- C:/intelfpga_lite/18.1/quartus/../ip/altera/nios2_ip/altera_nios2/generate_rtl.epl --name=reactiespel_system_nios2_qsys_0 --dir=C:/Users/kriss/AppData/Local/Temp/alt0475_2317054671532349825.dir/0003_nios2_qsys_0_gen/ --quartus_bindir=C:/intelfpga_lite/18.1/quartus/bin64 --verilog --config=C:/Users/kriss/AppData/Local/Temp/alt0475_2317054671532349825.dir/0003_nios2_qsys_0_gen//reactiespel_system_nios2_qsys_0_processor_configuration.pl  --do_build_sim=0  ]
Info: nios2_qsys_0: # 2026.01.22 15:12:07 (*) Starting Nios II generation
Info: nios2_qsys_0: # 2026.01.22 15:12:07 (*)   Checking for plaintext license.
Info: nios2_qsys_0: # 2026.01.22 15:12:08 (*)   Couldn't query license setup in Quartus directory C:/intelfpga_lite/18.1/quartus/bin64
Info: nios2_qsys_0: # 2026.01.22 15:12:08 (*)   Defaulting to contents of LM_LICENSE_FILE environment variable
Info: nios2_qsys_0: # 2026.01.22 15:12:08 (*)   LM_LICENSE_FILE environment variable is empty
Info: nios2_qsys_0: # 2026.01.22 15:12:08 (*)   Plaintext license not found.
Info: nios2_qsys_0: # 2026.01.22 15:12:08 (*)   No license required to generate encrypted Nios II/e.
Info: nios2_qsys_0: # 2026.01.22 15:12:08 (*)   Elaborating CPU configuration settings
Info: nios2_qsys_0: # 2026.01.22 15:12:08 (*)   Creating all objects for CPU
Info: nios2_qsys_0: # 2026.01.22 15:12:09 (*)   Generating RTL from CPU objects
Info: nios2_qsys_0: # 2026.01.22 15:12:09 (*)   Creating plain-text RTL
Info: nios2_qsys_0: # 2026.01.22 15:12:10 (*) Done Nios II generation
Info: nios2_qsys_0: Done RTL generation for module 'reactiespel_system_nios2_qsys_0'
Info: nios2_qsys_0: "reactiespel_system" instantiated altera_nios2_qsys "nios2_qsys_0"
Error: Generation stopped, 12 or more modules remaining
Info: reactiespel_system: Done "reactiespel_system" with 12 modules, 14 files
Error: qsys-generate failed with exit code 1: 1 Error, 1 Warning
Info: Stopping: Create HDL design files for synthesis
